--------- beginning of /dev/log/system
I/ActivityManager(  448): START u0 {act=android.intent.action.MAIN cat=[android.intent.category.HOME] flg=0x10200000 cmp=com.android.launcher/com.android.launcher2.Launcher} from pid 448
I/ActivityManager(  448): START u0 {act=android.intent.action.MAIN cat=[android.intent.category.HOME] flg=0x10200000 cmp=com.android.launcher/com.android.launcher2.Launcher} from pid 448
--------- beginning of /dev/log/main
W/l       (32504): [TiclService] Ticl being stopped: Client: com.google.protos.ipc.invalidation.ClientProtocol$ApplicationClientIdP@429afc00, \n\006\n\004\010\003\020\001\022\022\t]\236\373\254\310D^\257\0217A\365\003,Y\000\242\032\007\010\201\014\020\003\030\001, <RunState: STARTED>
W/IInputConnectionWrapper(32504): showStatusIcon on inactive InputConnection
I/ActivityManager(  448): Process com.google.android.apps.plus (pid 1185) has died.
I/ActivityManager(  448): No longer want com.overdrive.mobile.android.mediaconsole (pid 32374): hidden #9
I/WindowState(  448): WIN DEATH: Window{42f934e0 u0 com.overdrive.mobile.android.mediaconsole/com.overdrive.mobile.android.mediaconsole.Activity_EpubReader}
I/ActivityManager(  448): START u0 {act=android.intent.action.MAIN cat=[android.intent.category.LAUNCHER] flg=0x10200000 cmp=com.tstine.pangolinprecision/.MainCategoriesActivity bnds=[400,595][528,723]} from pid 777
V/PhoneStatusBar(  578): setLightsOn(true)
D/dalvikvm(  448): JIT code cache reset in 7 ms (1048540 bytes 63/0)
D/dalvikvm(  448): GC_FOR_ALLOC freed 673K, 20% free 21934K/27092K, paused 92ms, total 95ms
V/PhoneStatusBar(  578): setLightsOn(true)
I/ActivityManager(  448): START u0 {dat=https://emsapi.bbhosted.com/categories/13145960/products cmp=com.tstine.pangolinprecision/.ProductsActivity} from pid 32394
D/dalvikvm(  448): GC_FOR_ALLOC freed 349K, 20% free 21913K/27092K, paused 76ms, total 77ms
D/PangolinPrecision(32394): text length: 30660
D/dalvikvm(32394): GC_CONCURRENT freed 2162K, 19% free 10402K/12708K, paused 3ms+8ms, total 32ms
D/dalvikvm(32394): WAIT_FOR_CONCURRENT_GC blocked 4ms
D/PangolinPrecision(32394): ProdInfo: title: THE NORTH FACE Men's Denali Fleece Jacketid: 3956459	retail price: null	sale price: null	value: 99.98	currency: USD	Promo: Clearance Special: EXTRA 25% OFF sale price of select sizes and colors!  Discount applied in cart	condition: Not Available	href: /products/3956459	thumb: http://ems.imageg.net/graphics/product_images/pEMS1-9414698t100.jpg	1x: http://ems.imageg.net/graphics/product_images/pEMS1-9414698venh.jpg	2d: null	alt: THE NORTH FACE Men's Denali Fleece Jacket - Eastern Mountain Sports	
D/PangolinPrecision(32394): 
D/PangolinPrecision(32394): ProdInfo: title: KEEN Men's Clearwater CNX Shoes, Raven/Burnt Hennaid: 13361244	retail price: 100.00	sale price: 54.98	value: 54.98	currency: USD	Promo: 	condition: Not Available	href: /products/13361244	thumb: http://ems.imageg.net/graphics/product_images/pEMS1-13692234t100.jpg	1x: http://ems.imageg.net/graphics/product_images/pEMS1-13692234venh.jpg	2d: null	alt: KEEN Men's Clearwater CNX Shoes, Raven/Burnt Henna - Eastern Mountain Sports	
D/PangolinPrecision(32394): 
D/PangolinPrecision(32394): ProdInfo: title: TEVA Men's Mush II Flip-Flopsid: 4434737	retail price: 25.00	sale price: 16.98	value: 16.98	currency: USD	Promo: 	condition: Not Available	href: /products/4434737	thumb: http://ems.imageg.net/graphics/product_images/pEMS1-13524915t100.jpg	1x: http://ems.imageg.net/graphics/product_images/pEMS1-13524915venh.jpg	2d: null	alt: TEVA Men's Mush II Flip-Flops - Eastern Mountain Sports	
D/PangolinPrecision(32394): 
D/PangolinPrecision(32394): ProdInfo: title: OUTDOOR RESEARCH Swift Hatid: 3652528	retail price: 23.00	sale price: 12.98	value: 12.98	currency: USD	Promo: 	condition: Not Available	href: /products/3652528	thumb: http://ems.imageg.net/graphics/product_images/pEMS1-10789395t100.jpg	1x: http://ems.imageg.net/graphics/product_images/pEMS1-10789395venh.jpg	2d: null	alt: OUTDOOR RESEARCH Swift Hat - Eastern Mountain Sports	
D/PangolinPrecision(32394): 
D/PangolinPrecision(32394): ProdInfo: title: SANUK Men's Shipwrecked Shoesid: 13336346	retail price: 65.00	sale price: 39.98	value: 39.98	currency: USD	Promo: 	condition: Not Available	href: /products/13336346	thumb: http://ems.imageg.net/graphics/product_images/pEMS1-13637328t100.jpg	1x: http://ems.imageg.net/graphics/product_images/pEMS1-13637328venh.jpg	2d: null	alt: SANUK Men's Shipwrecked Shoes - Eastern Mountain Sports	
D/PangolinPrecision(32394): 
D/PangolinPrecision(32394): ProdInfo: title: MARMOT Men's PreCip Rain Jacketid: 11854319	retail price: null	sale price: null	value: 79.98	currency: USD	Promo: Clearance Special: EXTRA 25% OFF sale price of select sizes and colors!  Discount applied in cart	condition: Not Available	href: /products/11854319	thumb: http://ems.imageg.net/graphics/product_images/pEMS1-10777551t100.jpg	1x: http://ems.imageg.net/graphics/product_images/pEMS1-10777551venh.jpg	2d: null	alt: MARMOT Men's PreCip Rain Jacket  - Eastern Mountain Sports	
D/PangolinPrecision(32394): 
D/PangolinPrecision(32394): ProdInfo: title: THE NORTH FACE Men's Super Venture Jacketid: 13217425	retail price: 130.00	sale price: 90.98	value: 90.98	currency: USD	Promo: Clearance Special: EXTRA 25% OFF sale price of this item!  Discount applied in cart.	condition: Not Available	href: /products/13217425	thumb: http://ems.imageg.net/graphics/product_images/pEMS1-13401854t100.jpg	1x: http://ems.imageg.net/graphics/product_images/pEMS1-13401854venh.jpg	2d: null	alt: THE NORTH FACE Men's Super Venture Jacket - Eastern Mountain Sports	
D/PangolinPrecision(32394): 
D/PangolinPrecision(32394): ProdInfo: title: EMS Men's Divergence Pro Jacketid: 12441071	retail price: 169.00	sale price: 118.98	value: 118.98	currency: USD	Promo: Clearance Special: EXTRA 40% OFF sale price of this item!  Discount in cart.	condition: Not Available	href: /products/12441071	thumb: http://ems.imageg.net/graphics/product_images/pEMS1-11899512t100.jpg	1x: http://ems.imageg.net/graphics/product_images/pEMS1-11899512venh.jpg	2d: null	alt: EMS Men's Divergence Pro Jacket - Eastern Mountain Sports	
D/PangolinPrecision(32394): 
D/PangolinPrecision(32394): ProdInfo: title: THE NORTH FACE Men's RDT T-Shirtid: 13292338	retail price: 35.00	sale price: 19.98	value: 19.98	currency: USD	Promo: 	condition: Not Available	href: /products/13292338	thumb: http://ems.imageg.net/graphics/product_images/pEMS1-13571696t100.jpg	1x: http://ems.imageg.net/graphics/product_images/pEMS1-13571696venh.jpg	2d: null	alt: THE NORTH FACE Men's RDT T-Shirt - Eastern Mountain Sports	
D/PangolinPrecision(32394): 
D/PangolinPrecision(32394): ProdInfo: title: VIBRAM FIVEFINGERS Men's TrekSport Sandals, Greyid: 15384616	retail price: 90.00	sale price: 59.98	value: 59.98	currency: USD	Promo: 	condition: Not Available	href: /products/15384616	thumb: http://ems.imageg.net/graphics/product_images/pEMS1-13841184t100.jpg	1x: http://ems.imageg.net/graphics/product_images/pEMS1-13841184venh.jpg	2d: null	alt: VIBRAM FIVEFINGERS Men's TrekSport Sandals, Grey - Eastern Mountain Sports	
D/PangolinPrecision(32394): 
D/PangolinPrecision(32394): ProdInfo: title: MERRELL Men's Bare Access 2 Barefoot Running Shoes, Apolloid: 18768576	retail price: 90.00	sale price: 59.98	value: 59.98	currency: USD	Promo: 	condition: Not Available	href: /products/18768576	thumb: http://ems.imageg.net/graphics/product_images/pEMS1-15014545t100.jpg	1x: http://ems.imageg.net/graphics/product_images/pEMS1-15014545venh.jpg	2d: null	alt: MERRELL Men's Bare Access 2 Barefoot Running Shoes, Apollo - Eastern Mountain Sports	
D/PangolinPrecision(32394): 
D/PangolinPrecision(32394): ProdInfo: title: MERRELL Men's Bare Access 2 Barefoot Running Shoes, Sulphurid: 18768556	retail price: 90.00	sale price: 59.98	value: 59.98	currency: USD	Promo: 	condition: Not Available	href: /products/18768556	thumb: http://ems.imageg.net/graphics/product_images/pEMS1-15014525t100.jpg	1x: http://ems.imageg.net/graphics/product_images/pEMS1-15014525venh.jpg	2d: null	alt: MERRELL Men's Bare Access 2 Barefoot Running Shoes, Sulphur - Eastern Mountain Sports	
D/PangolinPrecision(32394): 
D/PangolinPrecision(32394): ProdInfo: title: SAUCONY Men's Peregrine 3 Trail Running Shoes, Black/Orangeid: 16255486	retail price: 110.00	sale price: 59.98	value: 59.98	currency: USD	Promo: 	condition: Not Available	href: /products/16255486	thumb: http://ems.imageg.net/graphics/product_images/pEMS1-14265325t100.jpg	1x: http://ems.imageg.net/graphics/product_images/pEMS1-14265325venh.jpg	2d: null	alt: SAUCONY Men's Peregrine 3 Trail Running Shoes, Black/Orange - Eastern Mountain Sports	
D/PangolinPrecision(32394): 
D/PangolinPrecision(32394): ProdInfo: title: TEVA Men's Roller Shoes, Bungee Cordid: 12723093	retail price: 80.00	sale price: 49.98	value: 49.98	currency: USD	Promo: 	condition: Not Available	href: /products/12723093	thumb: http://ems.imageg.net/graphics/product_images/pEMS1-12472325t100.jpg	1x: http://ems.imageg.net/graphics/product_images/pEMS1-12472325venh.jpg	2d: null	alt: TEVA Men's Roller Shoes, Bungee Cord - Eastern Mountain Sports	
D/PangolinPrecision(32394): 
D/PangolinPrecision(32394): ProdInfo: title: THE NORTH FACE Horizon Breeze Brimmer Hat, Closeoutid: 4344847	retail price: 33.00	sale price: 18.98	value: 18.98	currency: USD	Promo: 	condition: Not Available	href: /products/4344847	thumb: http://ems.imageg.net/graphics/product_images/pEMS1-8290825t100.jpg	1x: http://ems.imageg.net/graphics/product_images/pEMS1-8290825venh.jpg	2d: null	alt: THE NORTH FACE Horizon Breeze Brimmer Hat, Closeout - Eastern Mountain Sports	
D/PangolinPrecision(32394): 
D/PangolinPrecision(32394): ProdInfo: title: EMS Men's Ranger Shortsid: 13145078	retail price: 39.00	sale price: 19.98	value: 19.98	currency: USD	Promo: 	condition: Not Available	href: /products/13145078	thumb: http://ems.imageg.net/graphics/product_images/pEMS1-13282129t100.jpg	1x: http://ems.imageg.net/graphics/product_images/pEMS1-13282129venh.jpg	2d: null	alt: EMS Men's Ranger Shorts - Eastern Mountain Sports	
D/PangolinPrecision(32394): 
D/PangolinPrecision(32394): ProdInfo: title: BROOKS Men's Adrenaline ASR GTX Trail Running Shoesid: 12673536	retail price: 135.00	sale price: 79.98	value: 79.98	currency: USD	Promo: 	condition: Not Available	href: /products/12673536	thumb: http://ems.imageg.net/graphics/product_images/pEMS1-12385516t100.jpg	1x: http://ems.imageg.net/graphics/product_images/pEMS1-12385516venh.jpg	2d: null	alt: BROOKS Men's Adrenaline ASR GTX Trail Running Shoes - Eastern Mountain Sports	
D/PangolinPrecision(32394): 
D/PangolinPrecision(32394): ProdInfo: title: SANUK Men's Rambler Shoesid: 12718509	retail price: 72.00	sale price: 39.98	value: 39.98	currency: USD	Promo: 	condition: Not Available	href: /products/12718509	thumb: http://ems.imageg.net/graphics/product_images/pEMS1-12461871t100.jpg	1x: http://ems.imageg.net/graphics/product_images/pEMS1-12461871venh.jpg	2d: null	alt: SANUK Men's Rambler Shoes - Eastern Mountain Sports	
D/PangolinPrecision(32394): 
D/PangolinPrecision(32394): ProdInfo: title: EMS Men's Sentinel Down Parkaid: 11013542	retail price: 249.00	sale price: 121.98	value: 121.98	currency: USD	Promo: Clearance Special: EXTRA 25% OFF sale price of this item!  Discount applied in cart.	condition: Not Available	href: /products/11013542	thumb: http://ems.imageg.net/graphics/product_images/pEMS1-9161054t100.jpg	1x: http://ems.imageg.net/graphics/product_images/pEMS1-9161054venh.jpg	2d: null	alt: EMS Men's Sentinel Down Parka - Eastern Mountain Sports	
D/PangolinPrecision(32394): 
D/PangolinPrecision(32394): ProdInfo: title: TEVA Men's Churn Water Shoesid: 4426868	retail price: 90.00	sale price: 49.98	value: 49.98	currency: USD	Promo: 	condition: Not Available	href: /products/4426868	thumb: http://ems.imageg.net/graphics/product_images/pEMS1-13524969t100.jpg	1x: http://ems.imageg.net/graphics/product_images/pEMS1-13524969venh.jpg	2d: null	alt: TEVA Men's Churn Water Shoes - Eastern Mountain Sports	
D/PangolinPrecision(32394): 
D/PangolinPrecision(32394): position: 0 Grid item: THE NORTH FACE Men's Denali Fleece Jacket
V/PhoneStatusBar(  578): setLightsOn(true)
D/PangolinPrecision(32394): position: 0 Grid item: THE NORTH FACE Men's Denali Fleece Jacket
D/PangolinPrecision(32394): position: 0 Grid item: THE NORTH FACE Men's Denali Fleece Jacket
D/PangolinPrecision(32394): position: 1 Grid item: KEEN Men's Clearwater CNX Shoes, Raven/Burnt Henna
D/PangolinPrecision(32394): position: 2 Grid item: TEVA Men's Mush II Flip-Flops
D/PangolinPrecision(32394): position: 3 Grid item: OUTDOOR RESEARCH Swift Hat
D/PangolinPrecision(32394): position: 4 Grid item: SANUK Men's Shipwrecked Shoes
D/dalvikvm(32394): GC_CONCURRENT freed 1342K, 22% free 10008K/12708K, paused 23ms+2ms, total 59ms
D/PangolinPrecision(32394): position: 5 Grid item: MARMOT Men's PreCip Rain Jacket
D/PangolinPrecision(32394): position: 6 Grid item: THE NORTH FACE Men's Super Venture Jacket
D/PangolinPrecision(32394): position: 7 Grid item: EMS Men's Divergence Pro Jacket
D/PangolinPrecision(32394): position: 8 Grid item: THE NORTH FACE Men's RDT T-Shirt
I/Choreographer(32394): Skipped 74 frames!  The application may be doing too much work on its main thread.
D/PangolinPrecision(32394): position: 0 Grid item: THE NORTH FACE Men's Denali Fleece Jacket
I/ActivityManager(  448): Displayed com.tstine.pangolinprecision/.ProductsActivity: +3s482ms
D/PangolinPrecision(32394): position: 0 Grid item: THE NORTH FACE Men's Denali Fleece Jacket
D/PangolinPrecision(32394): position: 0 Grid item: THE NORTH FACE Men's Denali Fleece Jacket
D/dalvikvm(32394): GC_CONCURRENT freed 587K, 20% free 10277K/12708K, paused 8ms+6ms, total 59ms
D/dalvikvm(26885): GC_CONCURRENT freed 796K, 10% free 9907K/10988K, paused 9ms+11ms, total 72ms
I/GCoreUlr(26885): Successfully inserted location
I/GCoreUlr(26885): Not calling LocationReportingService, hasMoved: false, elapsed millis: 2936934, request: Tablet
W/ThrottleService(  448): unable to find stats for iface rmnet0
I/WSJ_ServicE(14086): WSJData_BootReceiver No Action
I/WSJ_ServicE(14111): onStartCommand(restart) start id 939: Intent { act=wsj.reader_t3_data_service.DataService } Count:950
I/WSJ_ServicE(14111): ==>> run_DP called
I/WSJ_ServicE(14111): verifyProcessStarted : bStarted =false
I/WSJ_ServicE(14111): verifyProcessStarted : setting bStarted to true 
I/WSJ_ServicE(14111): ==>> ProcessStartup called from run_DP
D/WSJ_ServicE(14111): queryRESTurl:http://mitp.wsj.com/gc/packager/us/contents/ITP20130921_303ee82d4e/stamp.1379740187818
I/WSJ_ServicE(14111): ====  Retraction reply:
I/WSJ_ServicE(14111): ==> Download Now options is set as every 30 minutes.
I/WSJ_ServicE(14111): ProcessStartup-Start
E/WSJ_SqlDBAd(14111): ===> upd_ART run ok.
E/WSJ_SqlDBAd(14111): ===> upd_noCIOCFO run ok.
E/WSJ_SqlDBAd(14111): ===> upd_noRandC run ok.
E/WSJ_SqlDBAd(14111): ===> upd_FEEDS run ok.
I/WSJ_ServicE(14111): NumberOfIssues:9
I/WSJ_ServicE(14111): ====>>> calling getIssueStatus 1379813736960 (240) with 9 for  USA
I/WSJ_SqlDBAd(14111): ==>> getIssueStatus called with 9 days
I/WSJ_SqlDBAd(14111): ====>>> records: 13
I/WSJ_ServicE(14111): ==>>Dnld sched rec:0 Dt:2099-12-30 Rdy:1 B: A: R: #Files:102 TS:date:20130921 revision:102 
I/WSJ_ServicE(14111): ==>>Dnld sched rec:1 Dt:2013-09-21 Rdy:1 B: A: R: #Files:33 TS:stamp.1379740187818 
I/WSJ_ServicE(14111): sendRemoteMessage: verifyTodaySlot 20130921 14
I/WSJ_Start__(14086): receivingRemoteMessage 14 20130921 14
I/WSJ_ServicE(14111): ==>>Dnld sched rec:2 Dt:2013-09-20 Rdy:1 B: A: R: #Files:33 TS:stamp.1379652819860 
I/WSJ_ServicE(14111): ==>>Dnld sched rec:3 Dt:2013-09-19 Rdy:1 B: A: R: #Files:33 TS:stamp.1379602440942 
I/WSJ_ServicE(14111): ==>>Dnld sched rec:4 Dt:2013-09-18 Rdy:1 B: A: R: #Files:29 TS:stamp.1379477631375 
I/WSJ_ServicE(14111): ==>>Dnld sched rec:5 Dt:2013-09-17 Rdy:1 B: A: R: #Files:29 TS: 
I/WSJ_ServicE(14111): ==>>Dnld sched rec:6 Dt:2013-09-16 Rdy:1 B: A: R: #Files:33 TS: 
I/WSJ_ServicE(14111): ==>>Dnld sched rec:7 Dt:2013-09-14 Rdy:1 B: A: R: #Files:33 TS: 
I/WSJ_ServicE(14111): ==>>Dnld sched rec:8 Dt:2013-09-13 Rdy:1 B: A: R: #Files:33 TS: 
I/WSJ_ServicE(14111): sToDo:2099-12-30/U/102//
I/WSJ_Start__(14086): receivingRemoteMessage 4 0 100
I/WSJ_ServicE(14111): **SHP:wsj_lastinitfilterNow Incr Synched
I/WSJ_ServicE(14111): Edition:  USA- (T3) (102=>102)
I/WSJ_ServicE(14111): ToDo: (30)	
I/WSJ_ServicE(14111): sendRemoteMessage: Edition:  USA- (T3) (102=>102)
I/WSJ_ServicE(14111): ToDo: (30)	
I/WSJ_ServicE(14111):  0 17
I/WSJ_Start__(14086): receivingRemoteMessage 17 0 0
I/WSJ_ServicE(14111): ProcessStartup - begSendToDo:
I/WSJ_ServicE(14111): ---- ProcessToDoList: start  with bStarted = true
I/WSJ_ServicE(14111): ---- ProcessToDoList: setting bStarted to false
I/WSJ_ServicE(14111): ProcessStartup-End
I/WSJ_ServicE(14111): ended ProcessStartup
I/WSJ_ServicE(14111): reauth bypassed. Anonymous user
I/WSJ_ServicE(14111): Handler received msg 102
I/WSJ_ServicE(14111): Waiting for 7:AM or 4:00PM. It's now 09-21//2135
I/WSJ_ServicE(14111): Waiting for 4:00PM. It's now 2135
E/WSJ_ServicE(14111): download quotes
I/WSJ_ServicE(14111): Watchlist update: 19923 bytes read
E/WSJ_ServicE(14111): data length:19923
E/WSJ_ServicE(14111): data is null
D/dalvikvm(14111): GC_CONCURRENT freed 10115K, 36% free 10495K/16308K, paused 3ms+8ms, total 55ms
E/WSJ_MarketData(14111): ===>>>> updateQuotesStatus started....
I/SQLDbAdapter(14111): UpdateQuotesStatus beginTransaction(0) threadId: 3632
I/SQLDbAdapter(14111): beginTransaction took 1 msecs and 0 retries
E/WSJ_MarketData(14111): ===>>>> updateQuotesStatus begTran....
I/WSJ_MarketData(14111): UpdateQuotesStatus - setTransactionSuccessful
I/SQLDbAdapter(14111): endTransaction took 29 msecs
I/SQLDbAdapter(14111): UpdateQuotesStatus endTransaction(0) threadId: 3632
I/WSJ_ServicE(14111): Handler received msg 105
D/dalvikvm(  578): GC_CONCURRENT freed 955K, 25% free 10513K/13876K, paused 16ms+4ms, total 83ms
D/dalvikvm(26885): GC_CONCURRENT freed 877K, 10% free 9908K/10988K, paused 2ms+3ms, total 30ms
D/dalvikvm(26885): WAIT_FOR_CONCURRENT_GC blocked 25ms
I/GCoreUlr(26885): Successfully inserted location
I/GCoreUlr(26885): Not calling LocationReportingService, hasMoved: false, elapsed millis: 2997014, request: Tablet
I/GCM     (26785): GCM message com.android.chrome 0:1379813822141940%0#0f493ae6e652c89d
V/GCMBroadcastReceiver(32504): onReceive: com.google.android.c2dm.intent.RECEIVE
V/GCMBroadcastReceiver(32504): GCM IntentService class: com.google.ipc.invalidation.external.client.contrib.MultiplexingGcmListener
V/GCMBaseIntentService(32504): Acquiring wakelock
V/GCMBaseIntentService(32504): Intent service name: GCMIntentService-DynamicSenderIds-24
V/GCMBaseIntentService(32504): Releasing wakelock
D/ConnectivityService(  448): handleInetConditionHoldEnd: net=1, condition=100, published condition=100
I/GCM     (26785): GCM message com.android.chrome 0:1379813834224867%0#0f493ae6e652c89d
V/GCMBroadcastReceiver(32504): onReceive: com.google.android.c2dm.intent.RECEIVE
V/GCMBroadcastReceiver(32504): GCM IntentService class: com.google.ipc.invalidation.external.client.contrib.MultiplexingGcmListener
V/GCMBaseIntentService(32504): Acquiring wakelock
V/GCMBaseIntentService(32504): Intent service name: GCMIntentService-DynamicSenderIds-25
V/GCMBaseIntentService(32504): Releasing wakelock
D/ConnectivityService(  448): handleInetConditionHoldEnd: net=1, condition=100, published condition=100
I/GCoreUlr(26885): Successfully inserted location
I/GCoreUlr(26885): Not calling LocationReportingService, hasMoved: false, elapsed millis: 3056926, request: Tablet
I/GCM     (26785): GCM message com.android.chrome 0:1379813894224908%0#0f493ae6e652c89d
V/GCMBroadcastReceiver(32504): onReceive: com.google.android.c2dm.intent.RECEIVE
V/GCMBroadcastReceiver(32504): GCM IntentService class: com.google.ipc.invalidation.external.client.contrib.MultiplexingGcmListener
V/GCMBaseIntentService(32504): Acquiring wakelock
V/GCMBaseIntentService(32504): Intent service name: GCMIntentService-DynamicSenderIds-26
V/GCMBaseIntentService(32504): Releasing wakelock
D/ConnectivityService(  448): handleInetConditionHoldEnd: net=1, condition=100, published condition=100
D/dalvikvm(26885): GC_CONCURRENT freed 871K, 10% free 9915K/10988K, paused 3ms+3ms, total 35ms
D/dalvikvm(26885): WAIT_FOR_CONCURRENT_GC blocked 18ms
I/GCoreUlr(26885): Successfully inserted location
I/GCoreUlr(26885): Not calling LocationReportingService, hasMoved: false, elapsed millis: 3116985, request: Tablet
I/GCM     (26785): GCM message com.android.chrome 0:1379813942141715%0#0f493ae6e652c89d
V/GCMBroadcastReceiver(32504): onReceive: com.google.android.c2dm.intent.RECEIVE
V/GCMBroadcastReceiver(32504): GCM IntentService class: com.google.ipc.invalidation.external.client.contrib.MultiplexingGcmListener
V/GCMBaseIntentService(32504): Acquiring wakelock
V/GCMBaseIntentService(32504): Intent service name: GCMIntentService-DynamicSenderIds-27
V/GCMBaseIntentService(32504): Releasing wakelock
D/ConnectivityService(  448): handleInetConditionHoldEnd: net=1, condition=100, published condition=100
I/dalvikvm( 1411): Total arena pages for JIT: 11
I/dalvikvm( 1411): Total arena pages for JIT: 12
I/dalvikvm( 1411): Total arena pages for JIT: 13
I/dalvikvm( 1411): Total arena pages for JIT: 14
I/dalvikvm( 1411): Total arena pages for JIT: 15
I/dalvikvm( 1411): Total arena pages for JIT: 16
I/dalvikvm( 1411): Total arena pages for JIT: 17
D/dalvikvm(26885): GC_CONCURRENT freed 830K, 10% free 9943K/10988K, paused 2ms+5ms, total 57ms
I/GCoreUlr(26885): Successfully inserted location
I/GCoreUlr(26885): Not calling LocationReportingService, hasMoved: false, elapsed millis: 3177003, request: Tablet
D/dalvikvm(  448): GC_EXPLICIT freed 1827K, 19% free 21989K/27092K, paused 8ms+10ms, total 144ms
I/GCM     (26785): GCM message com.android.chrome 0:1379814002146342%0#0f493ae6e652c89d
V/GCMBroadcastReceiver(32504): onReceive: com.google.android.c2dm.intent.RECEIVE
V/GCMBroadcastReceiver(32504): GCM IntentService class: com.google.ipc.invalidation.external.client.contrib.MultiplexingGcmListener
V/GCMBaseIntentService(32504): Acquiring wakelock
V/GCMBaseIntentService(32504): Intent service name: GCMIntentService-DynamicSenderIds-28
V/GCMBaseIntentService(32504): Releasing wakelock
D/dalvikvm(32504): GC_CONCURRENT freed 598K, 10% free 9443K/10456K, paused 2ms+2ms, total 25ms
D/ConnectivityService(  448): handleInetConditionHoldEnd: net=1, condition=100, published condition=100
W/Settings(32721): Setting wifi_sleep_policy has moved from android.provider.Settings.System to android.provider.Settings.Global, returning read-only value.
D/dalvikvm(  731): GC_CONCURRENT freed 386K, 7% free 7570K/8104K, paused 3ms+3ms, total 61ms
I/GCoreUlr(26885): Successfully inserted location
I/GCoreUlr(26885): Not calling LocationReportingService, hasMoved: false, elapsed millis: 3237004, request: Tablet
I/WSJ_ServicE(14086): WSJData_BootReceiver No Action
I/WSJ_ServicE(14111): onStartCommand(restart) start id 940: Intent { act=wsj.reader_t3_data_service.DataService } Count:951
I/WSJ_ServicE(14111): ==>> run_DP called
I/WSJ_ServicE(14111): verifyProcessStarted : bStarted =false
I/WSJ_ServicE(14111): verifyProcessStarted : setting bStarted to true 
I/WSJ_ServicE(14111): ==>> ProcessStartup called from run_DP
D/WSJ_ServicE(14111): queryRESTurl:http://mitp.wsj.com/gc/packager/us/contents/ITP20130921_303ee82d4e/stamp.1379740187818
I/WSJ_ServicE(14111): ====  Retraction reply:
I/WSJ_ServicE(14111): ==> Download Now options is set as every 30 minutes.
I/WSJ_ServicE(14111): ProcessStartup-Start
E/WSJ_SqlDBAd(14111): ===> upd_ART run ok.
E/WSJ_SqlDBAd(14111): ===> upd_noCIOCFO run ok.
E/WSJ_SqlDBAd(14111): ===> upd_noRandC run ok.
E/WSJ_SqlDBAd(14111): ===> upd_FEEDS run ok.
I/WSJ_ServicE(14111): NumberOfIssues:9
I/WSJ_ServicE(14111): ====>>> calling getIssueStatus 1379814036893 (240) with 9 for  USA
I/WSJ_SqlDBAd(14111): ==>> getIssueStatus called with 9 days
I/WSJ_SqlDBAd(14111): ====>>> records: 13
I/WSJ_ServicE(14111): ==>>Dnld sched rec:0 Dt:2099-12-30 Rdy:1 B: A: R: #Files:102 TS:date:20130921 revision:102 
I/WSJ_ServicE(14111): ==>>Dnld sched rec:1 Dt:2013-09-21 Rdy:1 B: A: R: #Files:33 TS:stamp.1379740187818 
I/WSJ_ServicE(14111): sendRemoteMessage: verifyTodaySlot 20130921 14
I/WSJ_Start__(14086): receivingRemoteMessage 14 20130921 14
I/WSJ_ServicE(14111): ==>>Dnld sched rec:2 Dt:2013-09-20 Rdy:1 B: A: R: #Files:33 TS:stamp.1379652819860 
I/WSJ_ServicE(14111): ==>>Dnld sched rec:3 Dt:2013-09-19 Rdy:1 B: A: R: #Files:33 TS:stamp.1379602440942 
I/WSJ_ServicE(14111): ==>>Dnld sched rec:4 Dt:2013-09-18 Rdy:1 B: A: R: #Files:29 TS:stamp.1379477631375 
I/WSJ_ServicE(14111): ==>>Dnld sched rec:5 Dt:2013-09-17 Rdy:1 B: A: R: #Files:29 TS: 
I/WSJ_ServicE(14111): ==>>Dnld sched rec:6 Dt:2013-09-16 Rdy:1 B: A: R: #Files:33 TS: 
I/WSJ_ServicE(14111): ==>>Dnld sched rec:7 Dt:2013-09-14 Rdy:1 B: A: R: #Files:33 TS: 
I/WSJ_ServicE(14111): ==>>Dnld sched rec:8 Dt:2013-09-13 Rdy:1 B: A: R: #Files:33 TS: 
I/WSJ_ServicE(14111): sToDo:2099-12-30/U/102//
I/WSJ_Start__(14086): receivingRemoteMessage 4 0 100
I/WSJ_ServicE(14111): **SHP:wsj_lastinitfilterNow Incr Synched
I/WSJ_ServicE(14111): Edition:  USA- (T3) (102=>102)
I/WSJ_ServicE(14111): ToDo: (30)	
I/WSJ_ServicE(14111): sendRemoteMessage: Edition:  USA- (T3) (102=>102)
I/WSJ_ServicE(14111): ToDo: (30)	
I/WSJ_ServicE(14111):  0 17
I/WSJ_Start__(14086): receivingRemoteMessage 17 0 0
I/WSJ_ServicE(14111): ProcessStartup - begSendToDo:
I/WSJ_ServicE(14111): ---- ProcessToDoList: start  with bStarted = true
I/WSJ_ServicE(14111): ---- ProcessToDoList: setting bStarted to false
I/WSJ_ServicE(14111): ProcessStartup-End
I/WSJ_ServicE(14111): ended ProcessStartup
I/WSJ_ServicE(14111): reauth bypassed. Anonymous user
I/WSJ_ServicE(14111): Handler received msg 102
D/dalvikvm(26885): GC_CONCURRENT freed 903K, 10% free 9930K/10988K, paused 6ms+3ms, total 62ms
D/dalvikvm(26885): WAIT_FOR_CONCURRENT_GC blocked 19ms
D/dalvikvm(26885): WAIT_FOR_CONCURRENT_GC blocked 16ms
I/GCoreUlr(26885): Successfully inserted location
I/GCoreUlr(26885): Not calling LocationReportingService, hasMoved: false, elapsed millis: 3297134, request: Tablet
I/EventLogService(26785): Aggregate from 1379812307437 (log), 1379812307437 (data)
I/ServiceDumpSys(26785): dumping service [account]
D/dalvikvm(26785): GC_EXPLICIT freed 354K, 7% free 8392K/9000K, paused 2ms+3ms, total 40ms
I/GCoreUlr(26885): Successfully inserted location
I/GCoreUlr(26885): Not calling LocationReportingService, hasMoved: false, elapsed millis: 3357066, request: Tablet
D/dalvikvm(26885): GC_CONCURRENT freed 885K, 10% free 9932K/10988K, paused 10ms+3ms, total 58ms
D/dalvikvm(26885): WAIT_FOR_CONCURRENT_GC blocked 23ms
I/GCoreUlr(26885): Successfully inserted location
I/GCoreUlr(26885): Not calling LocationReportingService, hasMoved: false, elapsed millis: 3417153, request: Tablet
I/dalvikvm( 1411): Total arena pages for JIT: 18
I/GCoreUlr(26885): Successfully inserted location
I/GCoreUlr(26885): Not calling LocationReportingService, hasMoved: false, elapsed millis: 3477187, request: Tablet
D/dalvikvm(26885): GC_CONCURRENT freed 781K, 10% free 9913K/10988K, paused 29ms+3ms, total 81ms
I/GCoreUlr(26885): Successfully inserted location
I/GCoreUlr(26885): Not calling LocationReportingService, hasMoved: false, elapsed millis: 3537123, request: Tablet
W/ThrottleService(  448): unable to find stats for iface rmnet0
I/WSJ_ServicE(14086): WSJData_BootReceiver No Action
I/WSJ_ServicE(14111): onStartCommand(restart) start id 941: Intent { act=wsj.reader_t3_data_service.DataService } Count:952
I/WSJ_ServicE(14111): ==>> run_DP called
I/WSJ_ServicE(14111): verifyProcessStarted : bStarted =false
I/WSJ_ServicE(14111): verifyProcessStarted : setting bStarted to true 
I/WSJ_ServicE(14111): ==>> ProcessStartup called from run_DP
D/WSJ_ServicE(14111): queryRESTurl:http://mitp.wsj.com/gc/packager/us/contents/ITP20130921_303ee82d4e/stamp.1379740187818
I/WSJ_ServicE(14111): ====  Retraction reply:
I/WSJ_ServicE(14111): ==> Download Now options is set as every 30 minutes.
I/WSJ_ServicE(14111): ProcessStartup-Start
E/WSJ_SqlDBAd(14111): ===> upd_ART run ok.
E/WSJ_SqlDBAd(14111): ===> upd_noCIOCFO run ok.
E/WSJ_SqlDBAd(14111): ===> upd_noRandC run ok.
E/WSJ_SqlDBAd(14111): ===> upd_FEEDS run ok.
I/WSJ_ServicE(14111): NumberOfIssues:9
I/WSJ_ServicE(14111): ====>>> calling getIssueStatus 1379814336854 (240) with 9 for  USA
I/WSJ_SqlDBAd(14111): ==>> getIssueStatus called with 9 days
I/WSJ_SqlDBAd(14111): ====>>> records: 13
I/WSJ_ServicE(14111): ==>>Dnld sched rec:0 Dt:2099-12-30 Rdy:1 B: A: R: #Files:102 TS:date:20130921 revision:102 
I/WSJ_ServicE(14111): ==>>Dnld sched rec:1 Dt:2013-09-21 Rdy:1 B: A: R: #Files:33 TS:stamp.1379740187818 
I/WSJ_ServicE(14111): sendRemoteMessage: verifyTodaySlot 20130921 14
I/WSJ_Start__(14086): receivingRemoteMessage 14 20130921 14
I/WSJ_ServicE(14111): ==>>Dnld sched rec:2 Dt:2013-09-20 Rdy:1 B: A: R: #Files:33 TS:stamp.1379652819860 
I/WSJ_ServicE(14111): ==>>Dnld sched rec:3 Dt:2013-09-19 Rdy:1 B: A: R: #Files:33 TS:stamp.1379602440942 
I/WSJ_ServicE(14111): ==>>Dnld sched rec:4 Dt:2013-09-18 Rdy:1 B: A: R: #Files:29 TS:stamp.1379477631375 
I/WSJ_ServicE(14111): ==>>Dnld sched rec:5 Dt:2013-09-17 Rdy:1 B: A: R: #Files:29 TS: 
I/WSJ_ServicE(14111): ==>>Dnld sched rec:6 Dt:2013-09-16 Rdy:1 B: A: R: #Files:33 TS: 
I/WSJ_ServicE(14111): ==>>Dnld sched rec:7 Dt:2013-09-14 Rdy:1 B: A: R: #Files:33 TS: 
I/WSJ_ServicE(14111): ==>>Dnld sched rec:8 Dt:2013-09-13 Rdy:1 B: A: R: #Files:33 TS: 
I/WSJ_ServicE(14111): sToDo:2099-12-30/U/102//
I/WSJ_Start__(14086): receivingRemoteMessage 4 0 100
I/WSJ_ServicE(14111): **SHP:wsj_lastinitfilterNow Incr Synched
I/WSJ_ServicE(14111): Edition:  USA- (T3) (102=>102)
I/WSJ_ServicE(14111): ToDo: (30)	
I/WSJ_ServicE(14111): sendRemoteMessage: Edition:  USA- (T3) (102=>102)
I/WSJ_ServicE(14111): ToDo: (30)	
I/WSJ_ServicE(14111):  0 17
I/WSJ_Start__(14086): receivingRemoteMessage 17 0 0
I/WSJ_ServicE(14111): ProcessStartup - begSendToDo:
I/WSJ_ServicE(14111): ---- ProcessToDoList: start  with bStarted = true
I/WSJ_ServicE(14111): ---- ProcessToDoList: setting bStarted to false
I/WSJ_ServicE(14111): ProcessStartup-End
I/WSJ_ServicE(14111): ended ProcessStartup
I/WSJ_ServicE(14111): reauth bypassed. Anonymous user
I/WSJ_ServicE(14111): Handler received msg 102
D/dalvikvm(  448): GC_EXPLICIT freed 1709K, 19% free 21994K/27092K, paused 10ms+9ms, total 151ms
D/dalvikvm(26885): GC_CONCURRENT freed 870K, 10% free 9924K/10988K, paused 3ms+3ms, total 33ms
D/dalvikvm(26885): WAIT_FOR_CONCURRENT_GC blocked 24ms
I/GCoreUlr(26885): Successfully inserted location
I/GCoreUlr(26885): Not calling LocationReportingService, hasMoved: false, elapsed millis: 3597344, request: Tablet
I/GCoreUlr(26885): Successfully inserted location
D/dalvikvm(26885): GC_CONCURRENT freed 798K, 10% free 9937K/10988K, paused 3ms+4ms, total 47ms
I/GCoreUlr(26885): LocationReportingService sending 64 locations and 20 activities for account account#1#; requests: []
D/dalvikvm(32621): GC_CONCURRENT freed 351K, 7% free 7509K/8008K, paused 2ms+2ms, total 41ms
I/NotificationStore(32621): file does not exist: /data/data/com.google.android.gms/files/notification_data.dat
D/dalvikvm(26885): GC_CONCURRENT freed 781K, 9% free 10045K/10988K, paused 3ms+3ms, total 32ms
D/dalvikvm(26885): WAIT_FOR_CONCURRENT_GC blocked 17ms
D/dalvikvm(26885): GC_FOR_ALLOC freed 201K, 10% free 10012K/11092K, paused 26ms, total 26ms
I/GCoreUlr(26885): UserPreferences.update(RealReportingServer(auth), ConfigUpdate{mAccount=account#1#, mDefined=null, mReferenceVersion=null, mUnconditional=true, mPreservesVersion=true, mAmbiguous=null, mReportingEnabled=null, mHistoryEnabled=null, mServerMillis=null, mRestriction=null, mAuthorized=true, mDirty=null}
W/GCoreUlr(26885): sending intent to update reporting state
I/GCoreUlr(26885): Batch Location Update succeeded for account account#1#
I/GCoreUlr(26885): Ensuring that reporting is active
I/GCoreUlr(26885): GMS FLP location updates requested at interval 60000 ms
D/dalvikvm(26885): GC_CONCURRENT freed 890K, 10% free 10035K/11092K, paused 1ms+4ms, total 40ms
D/dalvikvm(26885): WAIT_FOR_CONCURRENT_GC blocked 10ms
D/dalvikvm(26885): WAIT_FOR_CONCURRENT_GC blocked 4ms
I/GCoreUlr(26885): Successfully inserted location
I/GCoreUlr(26885): Not calling LocationReportingService, hasMoved: false, elapsed millis: 2760, request: Tablet
I/Email   (30835): ReconcilePopImapAccountsSync: start
I/Email   (30835): ReconcilePopImapAccountsSync: done
D/Email   (30835): *** synchronizeMailboxGeneric ***
D/dalvikvm(  448): GC_EXPLICIT freed 769K, 20% free 21934K/27092K, paused 3ms+8ms, total 92ms
I/GCoreUlr(26885): Successfully inserted location
I/GCoreUlr(26885): Not calling LocationReportingService, hasMoved: false, elapsed millis: 62778, request: Tablet
D/dalvikvm(26885): GC_CONCURRENT freed 920K, 10% free 10030K/11100K, paused 11ms+3ms, total 48ms
D/dalvikvm(26885): WAIT_FOR_CONCURRENT_GC blocked 26ms
I/GCoreUlr(26885): Successfully inserted location
I/GCoreUlr(26885): Not calling LocationReportingService, hasMoved: false, elapsed millis: 122883, request: Tablet
I/GCoreUlr(26885): Successfully inserted location
I/GCoreUlr(26885): Not calling LocationReportingService, hasMoved: false, elapsed millis: 182859, request: Tablet
I/WSJ_ServicE(14086): WSJData_BootReceiver No Action
I/WSJ_ServicE(14111): onStartCommand(restart) start id 942: Intent { act=wsj.reader_t3_data_service.DataService } Count:953
I/WSJ_ServicE(14111): ==>> run_DP called
I/WSJ_ServicE(14111): verifyProcessStarted : bStarted =false
I/WSJ_ServicE(14111): verifyProcessStarted : setting bStarted to true 
I/WSJ_ServicE(14111): ==>> ProcessStartup called from run_DP
D/WSJ_ServicE(14111): queryRESTurl:http://mitp.wsj.com/gc/packager/us/contents/ITP20130921_303ee82d4e/stamp.1379740187818
I/WSJ_ServicE(14111): ====  Retraction reply:
I/WSJ_ServicE(14111): ==> Download Now options is set as every 30 minutes.
I/WSJ_ServicE(14111): ProcessStartup-Start
E/WSJ_SqlDBAd(14111): ===> upd_ART run ok.
E/WSJ_SqlDBAd(14111): ===> upd_noCIOCFO run ok.
E/WSJ_SqlDBAd(14111): ===> upd_noRandC run ok.
E/WSJ_SqlDBAd(14111): ===> upd_FEEDS run ok.
I/WSJ_ServicE(14111): NumberOfIssues:9
I/WSJ_ServicE(14111): ====>>> calling getIssueStatus 1379814636901 (240) with 9 for  USA
I/WSJ_SqlDBAd(14111): ==>> getIssueStatus called with 9 days
I/WSJ_SqlDBAd(14111): ====>>> records: 13
I/WSJ_ServicE(14111): ==>>Dnld sched rec:0 Dt:2099-12-30 Rdy:1 B: A: R: #Files:102 TS:date:20130921 revision:102 
I/WSJ_ServicE(14111): ==>>Dnld sched rec:1 Dt:2013-09-21 Rdy:1 B: A: R: #Files:33 TS:stamp.1379740187818 
I/WSJ_ServicE(14111): sendRemoteMessage: verifyTodaySlot 20130921 14
I/WSJ_Start__(14086): receivingRemoteMessage 14 20130921 14
I/WSJ_ServicE(14111): ==>>Dnld sched rec:2 Dt:2013-09-20 Rdy:1 B: A: R: #Files:33 TS:stamp.1379652819860 
I/WSJ_ServicE(14111): ==>>Dnld sched rec:3 Dt:2013-09-19 Rdy:1 B: A: R: #Files:33 TS:stamp.1379602440942 
I/WSJ_ServicE(14111): ==>>Dnld sched rec:4 Dt:2013-09-18 Rdy:1 B: A: R: #Files:29 TS:stamp.1379477631375 
I/WSJ_ServicE(14111): ==>>Dnld sched rec:5 Dt:2013-09-17 Rdy:1 B: A: R: #Files:29 TS: 
I/WSJ_ServicE(14111): ==>>Dnld sched rec:6 Dt:2013-09-16 Rdy:1 B: A: R: #Files:33 TS: 
I/WSJ_ServicE(14111): ==>>Dnld sched rec:7 Dt:2013-09-14 Rdy:1 B: A: R: #Files:33 TS: 
I/WSJ_ServicE(14111): ==>>Dnld sched rec:8 Dt:2013-09-13 Rdy:1 B: A: R: #Files:33 TS: 
I/WSJ_ServicE(14111): sToDo:2099-12-30/U/102//
I/WSJ_Start__(14086): receivingRemoteMessage 4 0 100
I/WSJ_ServicE(14111): **SHP:wsj_lastinitfilterNow Incr Synched
I/WSJ_ServicE(14111): Edition:  USA- (T3) (102=>102)
I/WSJ_ServicE(14111): ToDo: (30)	
I/WSJ_ServicE(14111): sendRemoteMessage: Edition:  USA- (T3) (102=>102)
I/WSJ_ServicE(14111): ToDo: (30)	
I/WSJ_ServicE(14111):  0 17
I/WSJ_Start__(14086): receivingRemoteMessage 17 0 0
I/WSJ_ServicE(14111): ProcessStartup - begSendToDo:
I/WSJ_ServicE(14111): ---- ProcessToDoList: start  with bStarted = true
I/WSJ_ServicE(14111): ---- ProcessToDoList: setting bStarted to false
I/WSJ_ServicE(14111): ProcessStartup-End
I/WSJ_ServicE(14111): ended ProcessStartup
I/WSJ_ServicE(14111): reauth bypassed. Anonymous user
I/WSJ_ServicE(14111): Handler received msg 102
D/dalvikvm(26885): GC_CONCURRENT freed 903K, 10% free 10036K/11092K, paused 6ms+7ms, total 88ms
I/GCoreUlr(26885): Successfully inserted location
I/GCoreUlr(26885): Not calling LocationReportingService, hasMoved: false, elapsed millis: 242817, request: Tablet
D/dalvikvm(26885): GC_CONCURRENT freed 873K, 10% free 10025K/11092K, paused 3ms+4ms, total 59ms
I/GCoreUlr(26885): Successfully inserted location
I/GCoreUlr(26885): Not calling LocationReportingService, hasMoved: false, elapsed millis: 302919, request: Tablet
I/GCoreUlr(26885): Successfully inserted location
I/GCoreUlr(26885): Not calling LocationReportingService, hasMoved: false, elapsed millis: 362888, request: Tablet
D/dalvikvm(26885): GC_FOR_ALLOC freed 643K, 10% free 10016K/11092K, paused 35ms, total 36ms
D/dalvikvm( 1411): GC_CONCURRENT freed 417K, 7% free 7846K/8408K, paused 2ms+1ms, total 19ms
I/GCoreUlr(26885): Successfully inserted location
I/GCoreUlr(26885): Not calling LocationReportingService, hasMoved: false, elapsed millis: 422897, request: Tablet
D/GCM     (26785): Message class epz
D/ConnectivityService(  448): handleInetConditionHoldEnd: net=1, condition=100, published condition=100
I/ActivityManager(  448): Start proc org.mozilla.firefox for broadcast org.mozilla.firefox/org.mozilla.gecko.background.healthreport.upload.HealthReportUploadStartReceiver: pid=1973 uid=10067 gids={50067, 3003, 1015, 1006, 1028}
I/ActivityManager(  448): No longer want com.facebook.orca (pid 31400): empty for 1800s
W/ActivityManager(  448): Scheduling restart of crashed service com.facebook.orca/.chatheads.ChatHeadService in 5000ms
D/dalvikvm( 1973): Trying to load lib /data/app-lib/org.mozilla.firefox-2/libmozglue.so 0x427b5de8
D/GeckoProfile( 1973): Found profile dir: /data/data/org.mozilla.firefox/files/mozilla/yi2y6ffp.default
D/dalvikvm( 1973): Added shared lib /data/app-lib/org.mozilla.firefox-2/libmozglue.so 0x427b5de8
D/dalvikvm( 1973): No JNI_OnLoad found in /data/app-lib/org.mozilla.firefox-2/libmozglue.so 0x427b5de8, skipping init
I/ActivityManager(  448): No longer want com.google.android.configupdater (pid 818): empty #17
W/Settings(32721): Setting wifi_sleep_policy has moved from android.provider.Settings.System to android.provider.Settings.Global, returning read-only value.
D/dalvikvm(32721): GC_CONCURRENT freed 1604K, 14% free 12656K/14576K, paused 7ms+5ms, total 73ms
D/dalvikvm(  448): GC_EXPLICIT freed 1750K, 19% free 21953K/27092K, paused 4ms+9ms, total 112ms
W/IdleConnectionHandler(32721): Removing a connection that never existed!
W/IdleConnectionHandler(32721): Removing a connection that never existed!
W/IdleConnectionHandler(32721): Removing a connection that never existed!
W/IdleConnectionHandler(32721): Removing a connection that never existed!
W/IdleConnectionHandler(32721): Removing a connection that never existed!
I/dalvikvm( 2006): Turning on JNI app bug workarounds for target SDK version 10...
I/ActivityManager(  448): Start proc com.facebook.orca for service com.facebook.orca/.chatheads.ChatHeadService: pid=2006 uid=10096 gids={50096, 3003, 1015, 1006, 1028}
D/ACRA    ( 2006): ACRA is enabled for com.facebook.orca, intializing...
D/ACRA    ( 2006): Looking for error files in /data/data/com.facebook.orca/app_acra-reports
D/ACRA    ( 2006): Looking for error files in /data/data/com.facebook.orca/app_minidumps
D/dalvikvm( 2006): Trying to load lib /data/app-lib/com.facebook.orca-1/libfb_stl_shared.so 0x427b8ca8
D/dalvikvm( 2006): Added shared lib /data/app-lib/com.facebook.orca-1/libfb_stl_shared.so 0x427b8ca8
D/dalvikvm( 2006): No JNI_OnLoad found in /data/app-lib/com.facebook.orca-1/libfb_stl_shared.so 0x427b8ca8, skipping init
D/dalvikvm( 2006): Trying to load lib /data/app-lib/com.facebook.orca-1/libfb_breakpad_client.so 0x427b8ca8
D/dalvikvm( 2006): Added shared lib /data/app-lib/com.facebook.orca-1/libfb_breakpad_client.so 0x427b8ca8
W/OrcaGuiceModule( 2006): Sig: ijxLJi1yGs1JpL-X1SExmchvork
V/DexLibLoader( 2006): Dex already copied
V/DexLibLoader( 2006): Creating class loader
V/DexLibLoader( 2006): Finished creating class loader
V/DexLibLoader( 2006): Dex already copied
V/DexLibLoader( 2006): Creating class loader
V/DexLibLoader( 2006): Finished creating class loader
V/DexLibLoader( 2006): Dex already copied
V/DexLibLoader( 2006): Creating class loader
V/DexLibLoader( 2006): Finished creating class loader
V/DexLibLoader( 2006): Dex already copied
V/DexLibLoader( 2006): Creating class loader
V/DexLibLoader( 2006): Finished creating class loader
V/DexLibLoader( 2006): Dex already copied
V/DexLibLoader( 2006): Creating class loader
V/DexLibLoader( 2006): Finished creating class loader
V/DexLibLoader( 2006): Dex already copied
V/DexLibLoader( 2006): Creating class loader
V/DexLibLoader( 2006): Finished creating class loader
V/DexLibLoader( 2006): Dex already copied
V/DexLibLoader( 2006): Creating class loader
V/DexLibLoader( 2006): Finished creating class loader
D/dalvikvm( 2006): GC_CONCURRENT freed 290K, 6% free 7401K/7836K, paused 2ms+1ms, total 43ms
V/DexLibLoader( 2006): Preparing secondary program dexes.
V/DexLibLoader( 2006): No metadata found.
D/DexLibLoader( 2006): DexLibLoader.ensureDexLoaded took 134 ms
D/dalvikvm( 2006): GC_CONCURRENT freed 318K, 6% free 7498K/7964K, paused 3ms+2ms, total 27ms
D/dalvikvm( 2006): GC_CONCURRENT freed 193K, 5% free 7766K/8104K, paused 2ms+7ms, total 29ms
D/dalvikvm( 2006): GC_CONCURRENT freed 188K, 4% free 8083K/8416K, paused 3ms+11ms, total 38ms
D/dalvikvm( 2006): GC_CONCURRENT freed 195K, 4% free 8400K/8740K, paused 3ms+12ms, total 41ms
D/dalvikvm( 2006): WAIT_FOR_CONCURRENT_GC blocked 1ms
D/dalvikvm( 2006): GC_CONCURRENT freed 208K, 4% free 8647K/9000K, paused 3ms+3ms, total 52ms
D/dalvikvm( 2006): GC_CONCURRENT freed 225K, 5% free 8842K/9224K, paused 3ms+14ms, total 50ms
D/dalvikvm( 2006): GC_CONCURRENT freed 237K, 5% free 9045K/9428K, paused 3ms+31ms, total 59ms
D/dalvikvm( 2006): GC_CONCURRENT freed 341K, 5% free 9295K/9780K, paused 8ms+3ms, total 62ms
D/dalvikvm( 2006): WAIT_FOR_CONCURRENT_GC blocked 13ms
D/dalvikvm( 2006): WAIT_FOR_CONCURRENT_GC blocked 16ms
D/dalvikvm( 2006): WAIT_FOR_CONCURRENT_GC blocked 16ms
D/dalvikvm( 2006): WAIT_FOR_CONCURRENT_GC blocked 27ms
D/dalvikvm( 2006): GC_CONCURRENT freed 261K, 5% free 9706K/10116K, paused 3ms+3ms, total 38ms
D/dalvikvm( 2006): WAIT_FOR_CONCURRENT_GC blocked 13ms
D/dalvikvm( 2006): WAIT_FOR_CONCURRENT_GC blocked 13ms
D/dalvikvm( 2006): WAIT_FOR_CONCURRENT_GC blocked 14ms
W/ThrottleService(  448): unable to find stats for iface rmnet0
D/dalvikvm(26885): GC_CONCURRENT freed 834K, 10% free 10049K/11092K, paused 3ms+3ms, total 43ms
I/GCoreUlr(26885): Successfully inserted location
I/GCoreUlr(26885): Not calling LocationReportingService, hasMoved: false, elapsed millis: 482930, request: Tablet
I/WSJ_ServicE(14086): WSJData_BootReceiver No Action
I/WSJ_ServicE(14111): onStartCommand(restart) start id 943: Intent { act=wsj.reader_t3_data_service.DataService } Count:954
I/WSJ_ServicE(14111): ==>> run_DP called
I/WSJ_ServicE(14111): verifyProcessStarted : bStarted =false
I/WSJ_ServicE(14111): verifyProcessStarted : setting bStarted to true 
I/WSJ_ServicE(14111): ==>> ProcessStartup called from run_DP
D/WSJ_ServicE(14111): queryRESTurl:http://mitp.wsj.com/gc/packager/us/contents/ITP20130921_303ee82d4e/stamp.1379740187818
I/WSJ_ServicE(14111): ====  Retraction reply:
I/WSJ_ServicE(14111): ==> Download Now options is set as every 30 minutes.
I/WSJ_ServicE(14111): ProcessStartup-Start
E/WSJ_SqlDBAd(14111): ===> upd_ART run ok.
E/WSJ_SqlDBAd(14111): ===> upd_noCIOCFO run ok.
E/WSJ_SqlDBAd(14111): ===> upd_noRandC run ok.
E/WSJ_SqlDBAd(14111): ===> upd_FEEDS run ok.
D/dalvikvm(14111): GC_CONCURRENT freed 1283K, 38% free 10172K/16308K, paused 6ms+22ms, total 79ms
I/WSJ_ServicE(14111): ==>> NOW updated on 2013-09-21 21:20:02 -0400 0 back periods.
I/WSJ_ServicE(14111): ==>> isNewNowAvailable: Next 105 Last: 102
I/WSJ_ServicE(14111): NumberOfIssues:9
I/WSJ_ServicE(14111): ====>>> calling getIssueStatus 1379814937346 (240) with 9 for  USA
I/WSJ_SqlDBAd(14111): ==>> getIssueStatus called with 9 days
I/WSJ_SqlDBAd(14111): ====>>> records: 13
I/WSJ_ServicE(14111): ==>>Dnld sched rec:0 Dt:2099-12-30 Rdy:1 B: A: R: #Files:102 TS:date:20130921 revision:105 
I/WSJ_ServicE(14111): ==>>Dnld sched rec:1 Dt:2013-09-21 Rdy:1 B: A: R: #Files:33 TS:stamp.1379740187818 
I/WSJ_ServicE(14111): sendRemoteMessage: verifyTodaySlot 20130921 14
I/WSJ_Start__(14086): receivingRemoteMessage 14 20130921 14
I/WSJ_ServicE(14111): ==>>Dnld sched rec:2 Dt:2013-09-20 Rdy:1 B: A: R: #Files:33 TS:stamp.1379652819860 
I/WSJ_ServicE(14111): ==>>Dnld sched rec:3 Dt:2013-09-19 Rdy:1 B: A: R: #Files:33 TS:stamp.1379602440942 
I/WSJ_ServicE(14111): ==>>Dnld sched rec:4 Dt:2013-09-18 Rdy:1 B: A: R: #Files:29 TS:stamp.1379477631375 
I/WSJ_ServicE(14111): ==>>Dnld sched rec:5 Dt:2013-09-17 Rdy:1 B: A: R: #Files:29 TS: 
I/WSJ_ServicE(14111): ==>>Dnld sched rec:6 Dt:2013-09-16 Rdy:1 B: A: R: #Files:33 TS: 
I/WSJ_ServicE(14111): ==>>Dnld sched rec:7 Dt:2013-09-14 Rdy:1 B: A: R: #Files:33 TS: 
I/WSJ_ServicE(14111): ==>>Dnld sched rec:8 Dt:2013-09-13 Rdy:1 B: A: R: #Files:33 TS: 
I/WSJ_ServicE(14111): sToDo:2099-12-30/U/102//
I/WSJ_Start__(14086): receivingRemoteMessage 4 0 100
I/WSJ_ServicE(14111): **SHP:wsj_lastinitfilterNow Incr Synched
I/WSJ_ServicE(14111): Edition:  USA- (T3) (102=>105)
I/WSJ_ServicE(14111): ToDo: (30)	2099-12-30/U/102
I/WSJ_ServicE(14111): 
I/WSJ_ServicE(14111): sendRemoteMessage: Edition:  USA- (T3) (102=>105)
I/WSJ_ServicE(14111): ToDo: (30)	2099-12-30/U/102
I/WSJ_ServicE(14111): 
I/WSJ_ServicE(14111):  0 17
I/WSJ_Start__(14086): receivingRemoteMessage 17 0 0
I/WSJ_ServicE(14111): ProcessStartup - begSendToDo:
I/WSJ_ServicE(14111): 2099-12-30/U/102
I/WSJ_ServicE(14111): ---- ProcessToDoList: start  with bStarted = true
I/WSJ_ServicE(14111): ProcessToDoList Start:
I/WSJ_ServicE(14111): 2099-12-30/U/102
I/WSJ_ServicE(14111): ==>> resetting startedTimeOut ... (2013-09-21 21:55:37 -0400)
I/WSJ_SqlDBAd(14111): SharedPref backed up
I/WSJ_ServicE(14111): ProcessToDoList Processing action sToDo: 2099-12-30/U/102
I/WSJ_ServicE(14111): ProcessToDoList Removing Thumbnail: 20991230
I/WSJ_ServicE(14111): ProcessToDoList --- setting bActionCompleted = false for 2099-12-30/U/102:20991230
I/WSJ_ServicE(14111): ---- In ProcessNow: start  with bStarted = true and setting it to true
I/WSJ_SqlDBAd(14111): ==> issueReady true for id: 1306 USA 2099-12-30 00:00:00
I/WSJ_ServiNS(14111): ==> Now Incr Started
I/WSJ_ServicE(14111): ===> In NOW Incr nNextRevision: 105 nlastRev:102
I/WSJ_ServicE(14111): ===> In NOW Incr LastNowBaseTS: Sat Sep 21 05:49:51 EDT 2013 dtLastUpdated: Sat Sep 21 21:20:02 EDT 2013
I/WSJ_ServicE(14111): ===> In NOW Incr NowFolderAvail: true IssueReady: true
I/WSJ_ServicE(14111): ==>startNowRedirect: INCREMENTAL==>
I/WSJ_ServiPB(14111): ==>startNowRedIncr pb: 2
I/WSJ_ServicE(14111): sendRemoteMessage: null 20991230 203
I/WSJ_Start__(14086): receivingRemoteMessage 3 20991230 2
I/WSJ_Start__(14086): StartScreen -- processProgressMessage 20991230 2
I/WSJ_ServicE(14111): ====sysWait: 1 -- 2 
I/WSJ_ServicE(14111): sendRemoteMessage: null 20991230 203
I/WSJ_ServiPB(14086): ==>SS Open pb: 0
I/WSJ_Start__(14086): receivingRemoteMessage 3 20991230 2
I/WSJ_Start__(14086): StartScreen -- processProgressMessage 20991230 2
I/WSJ_ServiPB(14086): ==>SS Update pb: 2
I/WSJ_SqlDBAd(14111): getIssueIdByDate: issue id = 1345 thisIssueDate = 2013-09-21 21:55:37 Edition = USA
I/WSJ_ServicE(14111): in ProcessNow bStarted = true and setting to true
I/WSJ_ServicE(14111): 
I/WSJ_ServicE(14111): ==========================================================
I/WSJ_ServicE(14111): ===> NOW:  downloading revision 105: http://mitp.wsj.com/gc/packager/us/ITP20130921.105.zip
I/WSJ_ServicE(14111): ===> NOW(102=>105): downlowding revision 105
I/WSJ_ServicE(14111): (0): in Download_XML http://mitp.wsj.com/gc/packager/us
I/WSJ_ServicE(14111): /ITP20130921.105.zip
I/WSJ_ServicE(14111): sName:20991230105.zip bType:false
I/WSJ_ServicE(14111): (0): Ext Path:/storage/emulated/0/.wsj-external-data-cache-USA/
I/WSJ_ServicE(14111): (0): ==>> open conn for http://mitp.wsj.com/gc/packager/us
I/WSJ_ServicE(14111): /ITP20130921.105.zip
I/WSJ_ServicE(14111): (0): ==>> return from open conn for http://mitp.wsj.com/gc/packager/us
I/WSJ_ServicE(14111): /ITP20130921.105.zip
I/WSJ_ServicE(14111): (0): Before adding fSize ==> downloadedSize = 118134 TotalSize = 0 nSize = 0 fSize = 118134
I/WSJ_ServicE(14111): (0): Aft (-1 in 173ms) dwnlSz= 0 TotSz= 0 fSz= 118134 - 
W/WSJ_ServicE(14111): (0): /storage/emulated/0/.wsj-external-data-cache-USA/20991230/20991230105.zip
W/WSJ_ServicE(14111): size did not match: expected 0 received: 118134
I/WSJ_ServicE(14111): (0): out of download_XML -- Data: 
I/WSJ_ServicE(14111): ===> NOW:    unzipping revision 105
E/WSJ_ServicE(14111): $$$$$ Number of Entries: 12 for /storage/emulated/0/.wsj-external-data-cache-USA/20991230/20991230105.zip
I/WSJ_ServiPB(14111): ==>UnzipNowFile pb: 1
I/WSJ_ServicE(14111): sendRemoteMessage: null 20991230 103
I/WSJ_Start__(14086): receivingRemoteMessage 3 20991230 1
I/WSJ_Start__(14086): StartScreen -- processProgressMessage 20991230 1
I/WSJ_ServiPB(14086): ==>SS Update pb: 1
I/WSJ_ServicE(14111): 
I/WSJ_ServicE(14111): ==========================================================
I/WSJ_ServicE(14111): ===>>>NOW: processing HouseKeeping: updated.txt
I/WSJ_ServicE(14111): ====>> NOW process: (H) updated.txt
