D/dalvikvm(14111): GC_EXPLICIT freed 948K, 39% free 10021K/16308K, paused 10ms+4ms, total 55ms
I/WSJ_ServiPB(14111): ==>UnzipNowFile pb: 2
I/WSJ_ServicE(14111): sendRemoteMessage: null 20991230 203
I/WSJ_Start__(14086): receivingRemoteMessage 3 20991230 2
I/WSJ_Start__(14086): StartScreen -- processProgressMessage 20991230 2
I/WSJ_ServiPB(14086): ==>SS Update pb: 2
I/WSJ_ServicE(14111): ====>> NOW process: (A) SB10001424127887323308504579088212592404226.xml
D/dalvikvm(14111): GC_EXPLICIT freed 87K, 39% free 10006K/16308K, paused 2ms+3ms, total 39ms
I/WSJ_ServiPB(14111): ==>UnzipNowFile pb: 3
I/WSJ_ServicE(14111): sendRemoteMessage: null 20991230 303
I/WSJ_Start__(14086): receivingRemoteMessage 3 20991230 3
I/WSJ_Start__(14086): StartScreen -- processProgressMessage 20991230 3
I/WSJ_ServiPB(14086): ==>SS Update pb: 3
I/WSJ_ServicE(14111): ==========================================================
I/WSJ_ServicE(14111): Importer processNowFeed started
I/WSJ_ServicE(14111): deleting articles from MONEY_AND_INVESTING.xml:
I/WSJ_ServicE(14111): 459d500cef96f0c0a5e8fc35fbc37d0d
I/WSJ_ServicE(14111): SB10001424127887323308504579086683421578314
I/WSJ_ServicE(14111): SB10001424127887323308504579087132843631434
I/WSJ_ServicE(14111): SB10001424127887323308504579087323894947890
I/WSJ_ServicE(14111): SB10001424127887323342404579081163786852146
I/WSJ_ServicE(14111): SB10001424127887323527004579079441050207118
I/WSJ_ServicE(14111): SB10001424127887323808204579087643404839638
I/WSJ_ServicE(14111): SB10001424127887323808204579089273434813610
I/WSJ_ServicE(14111): SB10001424127887324492604579086351393717352
I/WSJ_ServicE(14111): SB10001424127887324492604579087013124352436
I/WSJ_ServicE(14111): SB10001424127887324807704579083583456050224
I/WSJ_ServicE(14111): SB10001424127887324807704579083690363735808
I/WSJ_ServicE(14111): SB10001424127887324807704579085312414955366
I/WSJ_ServicE(14111): SB10001424127887324807704579085491299943358
I/WSJ_ServicE(14111): SB10001424127887324807704579085511331606786
I/WSJ_ServicE(14111): SB10001424127887324807704579087054286155052
I/WSJ_ServicE(14111): SB10001424127887324807704579087103470074342
I/WSJ_ServicE(14111): SB10001424127887324807704579087103630487682
I/WSJ_ServicE(14111): SB10001424127887324807704579087241599550048
I/WSJ_ServicE(14111): SB10001424127887324807704579087360260812026
I/WSJ_ServicE(14111): SB10001424127887324807704579087493354795298
I/WSJ_ServicE(14111): SB10001424127887324807704579087550054645622
I/WSJ_ServicE(14111): SB10001424127887324807704579087583630927394
I/WSJ_ServicE(14111): SB10001424127887324807704579087622342108210
I/WSJ_ServicE(14111): ad27b5819ef3cf894c116b53b336a2d6
I/WSJ_ServicE(14111): importFeed - start /storage/emulated/0/.wsj-external-data-cache-USA/20991230/files/MONEY_AND_INVESTING.xml
I/SQLDbAdapter(14111):  beginTransaction(0) threadId: 3639
I/SQLDbAdapter(14111): beginTransaction took 0 msecs and 0 retries
I/WSJ_ServicE(14111): Importer importFeedItems /storage/emulated/0/.wsj-external-data-cache-USA/20991230/files/MONEY_AND_INVESTING.xml
I/SQLDbAdapter(14111):  beginTransaction(1) threadId: 3639
I/SQLDbAdapter(14111):  beginTransaction in a nested transaction threadId: 3639
I/SQLDbAdapter(14111): beginTransaction took 0 msecs and 0 retries
D/dalvikvm(14111): GC_CONCURRENT freed 767K, 38% free 10131K/16308K, paused 2ms+3ms, total 35ms
I/SQLDbAdapter(14111): setTransactionSuccessful(2) threadId: 3639
I/SQLDbAdapter(14111): endTransaction took 1 msecs
I/SQLDbAdapter(14111):  endTransaction(1) threadId: 3639
I/SQLDbAdapter(14111): setTransactionSuccessful(1) threadId: 3639
I/SQLDbAdapter(14111): endTransaction took 37 msecs
I/SQLDbAdapter(14111):  endTransaction(0) threadId: 3639
I/WSJ_ServicE(14111): importFeed - end   /storage/emulated/0/.wsj-external-data-cache-USA/20991230/files/MONEY_AND_INVESTING.xml
I/WSJ_ServicE(14111): Importer processNowFeed ended
I/WSJ_ServicE(14111): ==========================================================
I/WSJ_ServicE(14111): ====>> NOW process: (F) MONEY_AND_INVESTING.xml
D/dalvikvm(14111): GC_EXPLICIT freed 166K, 39% free 10031K/16308K, paused 9ms+3ms, total 51ms
I/WSJ_ServiPB(14111): ==>UnzipNowFile pb: 4
I/WSJ_ServicE(14111): sendRemoteMessage: null 20991230 403
I/WSJ_Start__(14086): receivingRemoteMessage 3 20991230 4
I/WSJ_Start__(14086): StartScreen -- processProgressMessage 20991230 4
I/WSJ_ServiPB(14086): ==>SS Update pb: 4
I/WSJ_ServicE(14111): 
I/WSJ_ServicE(14111): ==========================================================
I/WSJ_ServicE(14111): ===>>>NOW: processing Pages
I/SQLDbAdapter(14111):  beginTransaction(0) threadId: 3639
I/SQLDbAdapter(14111): beginTransaction took 1 msecs and 0 retries
I/WSJ_SqlDBAd(14111): removed SectionPages for FRONT_SECTION 20991230
I/SQLDbAdapter(14111): setTransactionSuccessful(1) threadId: 3639
I/SQLDbAdapter(14111): endTransaction took 39 msecs
I/SQLDbAdapter(14111):  endTransaction(0) threadId: 3639
I/WSJ_ServicE(14111): ====>> NOW process: (P) FRONT_SECTION-pages.xml
D/dalvikvm(14111): GC_EXPLICIT freed 532K, 39% free 10018K/16308K, paused 2ms+3ms, total 37ms
I/WSJ_ServiPB(14111): ==>UnzipNowFile pb: 5
I/WSJ_ServicE(14111): sendRemoteMessage: null 20991230 503
I/WSJ_Start__(14086): receivingRemoteMessage 3 20991230 5
I/WSJ_Start__(14086): StartScreen -- processProgressMessage 20991230 5
I/WSJ_ServiPB(14086): ==>SS Update pb: 5
I/WSJ_ServicE(14111): ====>> NOW process: (M) manifest.plist
D/dalvikvm(14111): GC_EXPLICIT freed 71K, 39% free 10017K/16308K, paused 3ms+3ms, total 36ms
I/WSJ_ServiPB(14111): ==>UnzipNowFile pb: 6
I/WSJ_ServicE(14111): sendRemoteMessage: null 20991230 603
I/WSJ_Start__(14086): receivingRemoteMessage 3 20991230 6
I/WSJ_Start__(14086): StartScreen -- processProgressMessage 20991230 6
I/WSJ_ServiPB(14086): ==>SS Update pb: 6
I/WSJ_ServicE(14111): ==========================================================
I/WSJ_ServicE(14111): Importer processNowFeed started
I/WSJ_ServicE(14111): deleting articles from FRONT_SECTION.xml:
I/WSJ_ServicE(14111): 796ae004fdf8fae5ab2cc3529147d1c9
I/WSJ_ServicE(14111): SB10000872396390444554704577644111058001838
I/WSJ_ServicE(14111): SB10001424052702303360504577408422000674862
I/WSJ_ServicE(14111): SB10001424127887323308504579086983430436084
I/WSJ_ServicE(14111): SB10001424127887323308504579087000389333132
I/WSJ_ServicE(14111): SB10001424127887323308504579087032642057334
I/WSJ_ServicE(14111): SB10001424127887323308504579088212592404226
I/WSJ_ServicE(14111): SB10001424127887323308504579089072232718060
I/WSJ_ServicE(14111): SB10001424127887323308504579089490331451828
I/WSJ_ServicE(14111): SB10001424127887323808204579087353884303702
I/WSJ_ServicE(14111): SB10001424127887323808204579088840610468348
I/WSJ_ServicE(14111): SB10001424127887323808204579089041777169738
I/WSJ_ServicE(14111): SB10001424127887323808204579089361769507936
I/WSJ_ServicE(14111): SB10001424127887323864604579070122905147530
I/WSJ_ServicE(14111): SB10001424127887323981304579079451729775212
I/WSJ_ServicE(14111): SB10001424127887324492604579088123591929900
I/WSJ_ServicE(14111): SB10001424127887324634304578536182410211270
I/WSJ_ServicE(14111): SB10001424127887324665604579081193199072318
I/WSJ_ServicE(14111): SB10001424127887324665604579081223815849080
I/WSJ_ServicE(14111): SB10001424127887324807704579083170996190590
I/WSJ_ServicE(14111): SB10001424127887324807704579083950811464722
I/WSJ_ServicE(14111): SB10001424127887324807704579087303537495372
I/WSJ_ServicE(14111): SB10001424127887324807704579087504144304232
I/WSJ_ServicE(14111): SB10001424127887324807704579087531337064184
I/WSJ_ServicE(14111): importFeed - start /storage/emulated/0/.wsj-external-data-cache-USA/20991230/files/FRONT_SECTION.xml
I/SQLDbAdapter(14111):  beginTransaction(0) threadId: 3639
I/SQLDbAdapter(14111): beginTransaction took 1 msecs and 0 retries
I/WSJ_ServicE(14111): Importer importFeedItems /storage/emulated/0/.wsj-external-data-cache-USA/20991230/files/FRONT_SECTION.xml
I/SQLDbAdapter(14111):  beginTransaction(1) threadId: 3639
I/SQLDbAdapter(14111):  beginTransaction in a nested transaction threadId: 3639
I/SQLDbAdapter(14111): beginTransaction took 0 msecs and 0 retries
D/dalvikvm(14111): GC_CONCURRENT freed 799K, 38% free 10135K/16308K, paused 2ms+4ms, total 36ms
I/SQLDbAdapter(14111): setTransactionSuccessful(2) threadId: 3639
I/SQLDbAdapter(14111): endTransaction took 0 msecs
I/SQLDbAdapter(14111):  endTransaction(1) threadId: 3639
I/SQLDbAdapter(14111): setTransactionSuccessful(1) threadId: 3639
I/SQLDbAdapter(14111): endTransaction took 35 msecs
I/SQLDbAdapter(14111):  endTransaction(0) threadId: 3639
I/WSJ_ServicE(14111): importFeed - end   /storage/emulated/0/.wsj-external-data-cache-USA/20991230/files/FRONT_SECTION.xml
I/WSJ_ServicE(14111): Importer processNowFeed ended
I/WSJ_ServicE(14111): ==========================================================
I/WSJ_ServicE(14111): ====>> NOW process: (F) FRONT_SECTION.xml
D/dalvikvm(14111): GC_EXPLICIT freed 154K, 39% free 10030K/16308K, paused 12ms+3ms, total 53ms
I/WSJ_ServiPB(14111): ==>UnzipNowFile pb: 7
I/WSJ_ServicE(14111): sendRemoteMessage: null 20991230 703
I/WSJ_Start__(14086): receivingRemoteMessage 3 20991230 7
I/WSJ_Start__(14086): StartScreen -- processProgressMessage 20991230 7
I/WSJ_ServiPB(14086): ==>SS Update pb: 7
I/WSJ_ServicE(14111): ====>> NOW process: (A) SB10001424127887323308504579088212592404226.jpml
D/dalvikvm(14111): GC_EXPLICIT freed 82K, 39% free 10020K/16308K, paused 3ms+3ms, total 35ms
I/WSJ_ServiPB(14111): ==>UnzipNowFile pb: 8
I/WSJ_ServicE(14111): sendRemoteMessage: null 20991230 803
I/WSJ_Start__(14086): receivingRemoteMessage 3 20991230 8
I/WSJ_Start__(14086): StartScreen -- processProgressMessage 20991230 8
I/WSJ_ServiPB(14086): ==>SS Update pb: 8
I/WSJ_ServicE(14111): ====>> NOW process: (A) SB10001424127887323527004579080680216825014.xml
D/dalvikvm(14111): GC_EXPLICIT freed 71K, 39% free 10020K/16308K, paused 2ms+3ms, total 35ms
I/WSJ_ServiPB(14111): ==>UnzipNowFile pb: 9
I/WSJ_ServicE(14111): sendRemoteMessage: null 20991230 903
I/WSJ_Start__(14086): receivingRemoteMessage 3 20991230 9
I/WSJ_Start__(14086): StartScreen -- processProgressMessage 20991230 9
I/WSJ_ServiPB(14086): ==>SS Update pb: 9
I/WSJ_ServicE(14111): ====>> NOW process: (X) issue.json
D/dalvikvm(14111): GC_EXPLICIT freed 70K, 39% free 10020K/16308K, paused 2ms+3ms, total 35ms
I/WSJ_ServiPB(14111): ==>UnzipNowFile pb: 10
I/WSJ_ServicE(14111): sendRemoteMessage: null 20991230 1003
I/WSJ_Start__(14086): receivingRemoteMessage 3 20991230 10
I/WSJ_Start__(14086): StartScreen -- processProgressMessage 20991230 10
I/WSJ_ServiPB(14086): ==>SS Update pb: 10
I/WSJ_ServicE(14111): ====>> NOW process: (A) SB10001424127887323527004579080680216825014.jpml
D/dalvikvm(14111): GC_EXPLICIT freed 71K, 39% free 10020K/16308K, paused 2ms+3ms, total 36ms
I/WSJ_ServiPB(14111): ==>UnzipNowFile pb: 11
I/WSJ_ServicE(14111): sendRemoteMessage: null 20991230 1103
I/WSJ_Start__(14086): receivingRemoteMessage 3 20991230 11
I/WSJ_Start__(14086): StartScreen -- processProgressMessage 20991230 11
I/WSJ_ServiPB(14086): ==>SS Update pb: 11
I/WSJ_ServicE(14111): 
I/WSJ_ServicE(14111): ==========================================================
I/WSJ_ServicE(14111): ===>>>NOW: processing Pages
I/SQLDbAdapter(14111):  beginTransaction(0) threadId: 3639
I/SQLDbAdapter(14111): beginTransaction took 0 msecs and 0 retries
I/WSJ_SqlDBAd(14111): removed SectionPages for MONEY_AND_INVESTING 20991230
I/SQLDbAdapter(14111): setTransactionSuccessful(1) threadId: 3639
I/SQLDbAdapter(14111): endTransaction took 38 msecs
I/SQLDbAdapter(14111):  endTransaction(0) threadId: 3639
I/WSJ_ServicE(14111): ====>> NOW process: (P) MONEY_AND_INVESTING-pages.xml
D/dalvikvm(14111): GC_EXPLICIT freed 552K, 39% free 10020K/16308K, paused 2ms+3ms, total 36ms
I/WSJ_ServiPB(14111): ==>UnzipNowFile pb: 12
I/WSJ_ServicE(14111): sendRemoteMessage: null 20991230 1203
I/WSJ_Start__(14086): receivingRemoteMessage 3 20991230 12
I/WSJ_Start__(14086): StartScreen -- processProgressMessage 20991230 12
I/WSJ_ServiPB(14086): ==>SS Update pb: 12
I/WSJ_ServicE(14111): ====>> NOW process: (M) manifest.xml
D/dalvikvm(14111): GC_EXPLICIT freed 71K, 39% free 10019K/16308K, paused 2ms+3ms, total 35ms
I/WSJ_ServicE(14111): ====>> End of unzipping file /storage/emulated/0/.wsj-external-data-cache-USA/20991230/20991230105.zip  Replaced 12, New 0 
I/WSJ_ServicE(14111): ====>> NOW: end of unzip revision 105
I/WSJ_ServicE(14111):                                             ==========================================================
I/WSJ_ServicE(14111): in ProcessNow bStarted = true and setting to true
I/WSJ_ServicE(14111): 
I/WSJ_ServicE(14111): ==========================================================
I/WSJ_ServicE(14111): ===> NOW:  downloading revision 104: http://mitp.wsj.com/gc/packager/us/ITP20130921.104.zip
I/WSJ_ServicE(14111): ===> NOW(102=>105): downlowding revision 104
I/WSJ_ServicE(14111): (0): in Download_XML http://mitp.wsj.com/gc/packager/us
I/WSJ_ServicE(14111): /ITP20130921.104.zip
I/WSJ_ServicE(14111): sName:20991230104.zip bType:false
I/WSJ_ServicE(14111): (0): Ext Path:/storage/emulated/0/.wsj-external-data-cache-USA/
I/WSJ_ServicE(14111): (0): ==>> open conn for http://mitp.wsj.com/gc/packager/us
I/WSJ_ServicE(14111): /ITP20130921.104.zip
I/WSJ_ServicE(14111): (0): ==>> return from open conn for http://mitp.wsj.com/gc/packager/us
I/WSJ_ServicE(14111): /ITP20130921.104.zip
I/WSJ_ServicE(14111): (0): Before adding fSize ==> downloadedSize = 137580 TotalSize = 0 nSize = 0 fSize = 137580
I/WSJ_ServicE(14111): (0): Aft (-1 in 105ms) dwnlSz= 0 TotSz= 0 fSz= 137580 - 
W/WSJ_ServicE(14111): (0): /storage/emulated/0/.wsj-external-data-cache-USA/20991230/20991230104.zip
W/WSJ_ServicE(14111): size did not match: expected 0 received: 137580
I/WSJ_ServicE(14111): (0): out of download_XML -- Data: 
I/WSJ_ServicE(14111): ===> NOW:    unzipping revision 104
E/WSJ_ServicE(14111): $$$$$ Number of Entries: 17 for /storage/emulated/0/.wsj-external-data-cache-USA/20991230/20991230104.zip
I/WSJ_ServiPB(14111): ==>UnzipNowFile pb: 13
I/WSJ_ServicE(14111): sendRemoteMessage: null 20991230 1303
I/WSJ_Start__(14086): receivingRemoteMessage 3 20991230 13
I/WSJ_Start__(14086): StartScreen -- processProgressMessage 20991230 13
I/WSJ_ServiPB(14086): ==>SS Update pb: 13
I/WSJ_ServicE(14111): ====>> NOW process: (A) SB10001424052702303730704579089971151718500.jpml
D/dalvikvm(14111): GC_EXPLICIT freed 316K, 39% free 10026K/16308K, paused 3ms+3ms, total 36ms
I/WSJ_ServiPB(14111): ==>UnzipNowFile pb: 14
I/WSJ_ServicE(14111): sendRemoteMessage: null 20991230 1403
I/WSJ_Start__(14086): receivingRemoteMessage 3 20991230 14
I/WSJ_Start__(14086): StartScreen -- processProgressMessage 20991230 14
I/WSJ_ServiPB(14086): ==>SS Update pb: 14
I/WSJ_ServicE(14111): 
I/WSJ_ServicE(14111): ==========================================================
I/WSJ_ServicE(14111): ===>>>NOW: processing Pages
I/SQLDbAdapter(14111):  beginTransaction(0) threadId: 3639
I/SQLDbAdapter(14111): beginTransaction took 1 msecs and 0 retries
I/WSJ_SqlDBAd(14111): removed SectionPages for WHATS_NEWS 20991230
I/SQLDbAdapter(14111): setTransactionSuccessful(1) threadId: 3639
I/SQLDbAdapter(14111): endTransaction took 42 msecs
I/SQLDbAdapter(14111):  endTransaction(0) threadId: 3639
I/WSJ_ServicE(14111): ====>> NOW process: (P) WHATS_NEWS-pages.xml
D/dalvikvm(14111): GC_EXPLICIT freed 339K, 39% free 10021K/16308K, paused 3ms+3ms, total 42ms
I/WSJ_ServiPB(14111): ==>UnzipNowFile pb: 15
I/WSJ_ServicE(14111): sendRemoteMessage: null 20991230 1503
I/WSJ_Start__(14086): receivingRemoteMessage 3 20991230 15
I/WSJ_Start__(14086): StartScreen -- processProgressMessage 20991230 15
I/WSJ_ServiPB(14086): ==>SS Update pb: 15
I/WSJ_ServicE(14111): 
I/WSJ_ServicE(14111): ==========================================================
I/WSJ_ServicE(14111): ===>>>NOW: processing Pages
I/SQLDbAdapter(14111):  beginTransaction(0) threadId: 3639
I/SQLDbAdapter(14111): beginTransaction took 0 msecs and 0 retries
I/WSJ_SqlDBAd(14111): removed SectionPages for MARKETPLACE 20991230
I/SQLDbAdapter(14111): setTransactionSuccessful(1) threadId: 3639
I/SQLDbAdapter(14111): endTransaction took 46 msecs
I/SQLDbAdapter(14111):  endTransaction(0) threadId: 3639
I/WSJ_ServicE(14111): ====>> NOW process: (P) MARKETPLACE-pages.xml
D/dalvikvm(14111): GC_EXPLICIT freed 397K, 39% free 10023K/16308K, paused 3ms+3ms, total 43ms
I/WSJ_ServiPB(14111): ==>UnzipNowFile pb: 16
I/WSJ_ServicE(14111): sendRemoteMessage: null 20991230 1603
I/WSJ_Start__(14086): receivingRemoteMessage 3 20991230 16
I/WSJ_Start__(14086): StartScreen -- processProgressMessage 20991230 16
I/WSJ_ServiPB(14086): ==>SS Update pb: 16
D/dalvikvm(14111): GC_EXPLICIT freed 3K, 39% free 10021K/16308K, paused 2ms+3ms, total 35ms
I/WSJ_ServiPB(14111): ==>UnzipNowFile pb: 17
I/WSJ_ServicE(14111): sendRemoteMessage: null 20991230 1703
I/WSJ_Start__(14086): receivingRemoteMessage 3 20991230 17
I/WSJ_Start__(14086): StartScreen -- processProgressMessage 20991230 17
I/WSJ_ServiPB(14086): ==>SS Update pb: 17
D/dalvikvm(14111): GC_EXPLICIT freed 2K, 39% free 10021K/16308K, paused 2ms+3ms, total 35ms
I/WSJ_ServiPB(14111): ==>UnzipNowFile pb: 18
I/WSJ_ServicE(14111): sendRemoteMessage: null 20991230 1803
I/WSJ_Start__(14086): receivingRemoteMessage 3 20991230 18
I/WSJ_Start__(14086): StartScreen -- processProgressMessage 20991230 18
I/WSJ_ServiPB(14086): ==>SS Update pb: 18
D/dalvikvm(14111): GC_EXPLICIT freed 2K, 39% free 10021K/16308K, paused 2ms+3ms, total 35ms
I/WSJ_ServiPB(14111): ==>UnzipNowFile pb: 19
I/WSJ_ServicE(14111): sendRemoteMessage: null 20991230 1903
I/WSJ_Start__(14086): receivingRemoteMessage 3 20991230 19
I/WSJ_Start__(14086): StartScreen -- processProgressMessage 20991230 19
I/WSJ_ServiPB(14086): ==>SS Update pb: 19
I/WSJ_ServicE(14111): ==========================================================
I/WSJ_ServicE(14111): Importer processNowFeed started
I/WSJ_ServicE(14111): deleting articles from MARKETPLACE.xml:
I/WSJ_ServicE(14111): SB10000872396390444358804578018821989367216
I/WSJ_ServicE(14111): SB10001424127887323308504579085532492775214
I/WSJ_ServicE(14111): SB10001424127887323308504579086760224349826
I/WSJ_ServicE(14111): SB10001424127887323308504579086792893473128
I/WSJ_ServicE(14111): SB10001424127887323308504579086843003056618
I/WSJ_ServicE(14111): SB10001424127887323308504579087033975132774
I/WSJ_ServicE(14111): SB10001424127887323308504579087071952417180
I/WSJ_ServicE(14111): SB10001424127887323308504579087571401889910
I/WSJ_ServicE(14111): SB10001424127887323808204579086982347000084
I/WSJ_ServicE(14111): SB10001424127887323808204579087402446903592
I/WSJ_ServicE(14111): SB10001424127887323808204579087521584210630
I/WSJ_ServicE(14111): SB10001424127887323808204579087740057899248
I/WSJ_ServicE(14111): SB10001424127887324492604579086982824900624
I/WSJ_ServicE(14111): SB10001424127887324492604579087300713055102
I/WSJ_ServicE(14111): SB10001424127887324492604579087601288755842
I/WSJ_ServicE(14111): SB10001424127887324807704579087161199340046
I/WSJ_ServicE(14111): SB10001424127887324807704579087223063900490
I/WSJ_ServicE(14111): SB10001424127887324807704579087503224939482
I/WSJ_ServicE(14111): SB10001424127887324807704579087602002240992
I/WSJ_ServicE(14111): importFeed - start /storage/emulated/0/.wsj-external-data-cache-USA/20991230/files/MARKETPLACE.xml
I/SQLDbAdapter(14111):  beginTransaction(0) threadId: 3639
I/SQLDbAdapter(14111): beginTransaction took 0 msecs and 0 retries
I/WSJ_ServicE(14111): Importer importFeedItems /storage/emulated/0/.wsj-external-data-cache-USA/20991230/files/MARKETPLACE.xml
I/SQLDbAdapter(14111):  beginTransaction(1) threadId: 3639
I/SQLDbAdapter(14111):  beginTransaction in a nested transaction threadId: 3639
I/SQLDbAdapter(14111): beginTransaction took 0 msecs and 0 retries
I/SQLDbAdapter(14111): setTransactionSuccessful(2) threadId: 3639
I/SQLDbAdapter(14111): endTransaction took 0 msecs
I/SQLDbAdapter(14111):  endTransaction(1) threadId: 3639
I/SQLDbAdapter(14111): setTransactionSuccessful(1) threadId: 3639
I/SQLDbAdapter(14111): endTransaction took 35 msecs
I/SQLDbAdapter(14111):  endTransaction(0) threadId: 3639
I/WSJ_ServicE(14111): importFeed - end   /storage/emulated/0/.wsj-external-data-cache-USA/20991230/files/MARKETPLACE.xml
I/WSJ_ServicE(14111): Importer processNowFeed ended
I/WSJ_ServicE(14111): ==========================================================
I/WSJ_ServicE(14111): ====>> NOW process: (F) MARKETPLACE.xml
D/dalvikvm(14111): GC_EXPLICIT freed 666K, 39% free 10085K/16308K, paused 3ms+4ms, total 44ms
I/WSJ_ServiPB(14111): ==>UnzipNowFile pb: 20
I/WSJ_ServicE(14111): sendRemoteMessage: null 20991230 2003
I/WSJ_Start__(14086): receivingRemoteMessage 3 20991230 20
I/WSJ_Start__(14086): StartScreen -- processProgressMessage 20991230 20
I/WSJ_ServiPB(14086): ==>SS Update pb: 20
D/dalvikvm(14111): GC_EXPLICIT freed 63K, 39% free 10023K/16308K, paused 2ms+3ms, total 34ms
I/WSJ_ServiPB(14111): ==>UnzipNowFile pb: 21
I/WSJ_ServicE(14111): sendRemoteMessage: null 20991230 2103
I/WSJ_Start__(14086): receivingRemoteMessage 3 20991230 21
I/WSJ_Start__(14086): StartScreen -- processProgressMessage 20991230 21
I/WSJ_ServiPB(14086): ==>SS Update pb: 21
D/dalvikvm(14111): GC_EXPLICIT freed 2K, 39% free 10023K/16308K, paused 2ms+3ms, total 35ms
I/WSJ_ServiPB(14111): ==>UnzipNowFile pb: 22
I/WSJ_ServicE(14111): sendRemoteMessage: null 20991230 2203
I/WSJ_Start__(14086): receivingRemoteMessage 3 20991230 22
I/WSJ_Start__(14086): StartScreen -- processProgressMessage 20991230 22
I/WSJ_ServiPB(14086): ==>SS Update pb: 22
D/dalvikvm(14111): GC_EXPLICIT freed 3K, 39% free 10023K/16308K, paused 2ms+3ms, total 34ms
I/WSJ_ServiPB(14111): ==>UnzipNowFile pb: 23
I/WSJ_ServicE(14111): sendRemoteMessage: null 20991230 2303
I/WSJ_Start__(14086): receivingRemoteMessage 3 20991230 23
I/WSJ_Start__(14086): StartScreen -- processProgressMessage 20991230 23
I/WSJ_ServiPB(14086): ==>SS Update pb: 23
I/WSJ_ServicE(14111): ====>> NOW process: (A) SB10001424127887324807704579087303537495372.jpml
D/dalvikvm(14111): GC_EXPLICIT freed 71K, 39% free 10024K/16308K, paused 2ms+3ms, total 34ms
I/WSJ_ServiPB(14111): ==>UnzipNowFile pb: 24
I/WSJ_ServicE(14111): sendRemoteMessage: null 20991230 2403
I/WSJ_Start__(14086): receivingRemoteMessage 3 20991230 24
I/WSJ_Start__(14086): StartScreen -- processProgressMessage 20991230 24
I/WSJ_ServiPB(14086): ==>SS Update pb: 24
D/dalvikvm(14111): GC_EXPLICIT freed 2K, 39% free 10023K/16308K, paused 2ms+3ms, total 35ms
I/WSJ_ServiPB(14111): ==>UnzipNowFile pb: 25
I/WSJ_ServicE(14111): sendRemoteMessage: null 20991230 2503
I/WSJ_Start__(14086): receivingRemoteMessage 3 20991230 25
I/WSJ_Start__(14086): StartScreen -- processProgressMessage 20991230 25
I/WSJ_ServiPB(14086): ==>SS Update pb: 25
I/WSJ_ServicE(14111): ==========================================================
I/WSJ_ServicE(14111): Importer processNowFeed started
I/WSJ_ServicE(14111): deleting articles from WHATS_NEWS.xml:
I/WSJ_ServicE(14111): SB10001424127887323308504579086983430436084
I/WSJ_ServicE(14111): SB10001424127887323308504579087132843631434
I/WSJ_ServicE(14111): SB10001424127887323308504579087164075396596
I/WSJ_ServicE(14111): SB10001424127887323308504579087571401889910
I/WSJ_ServicE(14111): SB10001424127887323808204579087172229040790
I/WSJ_ServicE(14111): SB10001424127887323808204579087521584210630
I/WSJ_ServicE(14111): SB10001424127887323808204579087643404839638
I/WSJ_ServicE(14111): SB10001424127887323808204579087740057899248
I/WSJ_ServicE(14111): SB10001424127887324492604579086351393717352
I/WSJ_ServicE(14111): SB10001424127887324492604579086982824900624
I/WSJ_ServicE(14111): SB10001424127887324492604579087300713055102
I/WSJ_ServicE(14111): SB10001424127887324807704579087503224939482
I/WSJ_ServicE(14111): SB10001424127887324807704579087550054645622
I/WSJ_ServicE(14111): SB10001424127887324807704579087583630927394
I/WSJ_ServicE(14111): SB10001424127887324807704579087602002240992
I/WSJ_ServicE(14111): importFeed - start /storage/emulated/0/.wsj-external-data-cache-USA/20991230/files/WHATS_NEWS.xml
I/SQLDbAdapter(14111):  beginTransaction(0) threadId: 3639
I/SQLDbAdapter(14111): beginTransaction took 0 msecs and 0 retries
I/WSJ_ServicE(14111): Importer importFeedItems /storage/emulated/0/.wsj-external-data-cache-USA/20991230/files/WHATS_NEWS.xml
I/SQLDbAdapter(14111):  beginTransaction(1) threadId: 3639
I/SQLDbAdapter(14111):  beginTransaction in a nested transaction threadId: 3639
I/SQLDbAdapter(14111): beginTransaction took 0 msecs and 0 retries
I/SQLDbAdapter(14111): setTransactionSuccessful(2) threadId: 3639
I/SQLDbAdapter(14111): endTransaction took 0 msecs
I/SQLDbAdapter(14111):  endTransaction(1) threadId: 3639
I/SQLDbAdapter(14111): setTransactionSuccessful(1) threadId: 3639
I/SQLDbAdapter(14111): endTransaction took 25 msecs
I/SQLDbAdapter(14111):  endTransaction(0) threadId: 3639
I/WSJ_ServicE(14111): importFeed - end   /storage/emulated/0/.wsj-external-data-cache-USA/20991230/files/WHATS_NEWS.xml
I/WSJ_ServicE(14111): Importer processNowFeed ended
I/WSJ_ServicE(14111): ==========================================================
I/WSJ_ServicE(14111): ====>> NOW process: (F) WHATS_NEWS.xml
D/dalvikvm(14111): GC_EXPLICIT freed 641K, 39% free 10076K/16308K, paused 10ms+3ms, total 55ms
I/WSJ_ServiPB(14111): ==>UnzipNowFile pb: 26
I/WSJ_ServicE(14111): sendRemoteMessage: null 20991230 2603
I/WSJ_Start__(14086): receivingRemoteMessage 3 20991230 26
I/WSJ_Start__(14086): StartScreen -- processProgressMessage 20991230 26
I/WSJ_ServiPB(14086): ==>SS Update pb: 26
I/WSJ_ServicE(14111): ====>> NOW process: (X) WHATS_NEWS.jpml
D/dalvikvm(14111): GC_EXPLICIT freed 125K, 39% free 10021K/16308K, paused 2ms+3ms, total 35ms
I/WSJ_ServiPB(14111): ==>UnzipNowFile pb: 27
I/WSJ_ServicE(14111): sendRemoteMessage: null 20991230 2703
I/WSJ_Start__(14086): receivingRemoteMessage 3 20991230 27
I/WSJ_Start__(14086): StartScreen -- processProgressMessage 20991230 27
I/WSJ_ServiPB(14086): ==>SS Update pb: 27
D/dalvikvm(14111): GC_EXPLICIT freed 2K, 39% free 10021K/16308K, paused 2ms+3ms, total 34ms
I/WSJ_ServiPB(14111): ==>UnzipNowFile pb: 28
I/WSJ_ServicE(14111): sendRemoteMessage: null 20991230 2803
I/WSJ_Start__(14086): receivingRemoteMessage 3 20991230 28
I/WSJ_Start__(14086): StartScreen -- processProgressMessage 20991230 28
I/WSJ_ServiPB(14086): ==>SS Update pb: 28
D/dalvikvm(14111): GC_EXPLICIT freed 2K, 39% free 10021K/16308K, paused 2ms+3ms, total 37ms
I/WSJ_ServiPB(14111): ==>UnzipNowFile pb: 29
I/WSJ_ServicE(14111): sendRemoteMessage: null 20991230 2903
I/WSJ_Start__(14086): receivingRemoteMessage 3 20991230 29
I/WSJ_Start__(14086): StartScreen -- processProgressMessage 20991230 29
I/WSJ_ServiPB(14086): ==>SS Update pb: 29
I/WSJ_ServicE(14111): ====>> NOW process: (A) SB10001424052702303730704579089971151718500.xml
D/dalvikvm(14111): GC_EXPLICIT freed 73K, 39% free 10021K/16308K, paused 2ms+3ms, total 35ms
I/WSJ_ServicE(14111): ====>> End of unzipping file /storage/emulated/0/.wsj-external-data-cache-USA/20991230/20991230104.zip  Replaced 15, New 2 
I/WSJ_ServicE(14111): ====>> NOW: end of unzip revision 104
I/WSJ_ServicE(14111):                                             ==========================================================
I/WSJ_ServicE(14111): in ProcessNow bStarted = true and setting to true
I/WSJ_ServicE(14111): 
I/WSJ_ServicE(14111): ==========================================================
I/WSJ_ServicE(14111): ===> NOW:  downloading revision 103: http://mitp.wsj.com/gc/packager/us/ITP20130921.103.zip
I/WSJ_ServicE(14111): ===> NOW(102=>105): downlowding revision 103
I/WSJ_ServicE(14111): (0): in Download_XML http://mitp.wsj.com/gc/packager/us
I/WSJ_ServicE(14111): /ITP20130921.103.zip
I/WSJ_ServicE(14111): sName:20991230103.zip bType:false
I/WSJ_ServicE(14111): (0): Ext Path:/storage/emulated/0/.wsj-external-data-cache-USA/
I/WSJ_ServicE(14111): (0): ==>> open conn for http://mitp.wsj.com/gc/packager/us
I/WSJ_ServicE(14111): /ITP20130921.103.zip
I/WSJ_ServicE(14111): (0): ==>> return from open conn for http://mitp.wsj.com/gc/packager/us
I/WSJ_ServicE(14111): /ITP20130921.103.zip
I/WSJ_ServicE(14111): (0): Before adding fSize ==> downloadedSize = 13883 TotalSize = 0 nSize = 0 fSize = 13883
I/WSJ_ServicE(14111): (0): Aft (-1 in 47ms) dwnlSz= 0 TotSz= 0 fSz= 13883 - 
W/WSJ_ServicE(14111): (0): /storage/emulated/0/.wsj-external-data-cache-USA/20991230/20991230103.zip
W/WSJ_ServicE(14111): size did not match: expected 0 received: 13883
I/WSJ_ServicE(14111): (0): out of download_XML -- Data: 
I/WSJ_ServicE(14111): ===> NOW:    unzipping revision 103
E/WSJ_ServicE(14111): $$$$$ Number of Entries: 6 for /storage/emulated/0/.wsj-external-data-cache-USA/20991230/20991230103.zip
I/WSJ_ServiPB(14111): ==>UnzipNowFile pb: 30
I/WSJ_ServicE(14111): sendRemoteMessage: null 20991230 3003
I/WSJ_Start__(14086): receivingRemoteMessage 3 20991230 30
I/WSJ_Start__(14086): StartScreen -- processProgressMessage 20991230 30
I/WSJ_ServiPB(14086): ==>SS Update pb: 30
D/dalvikvm(14111): GC_EXPLICIT freed 245K, 39% free 10026K/16308K, paused 3ms+3ms, total 39ms
I/WSJ_ServiPB(14111): ==>UnzipNowFile pb: 31
I/WSJ_ServicE(14111): sendRemoteMessage: null 20991230 3103
I/WSJ_Start__(14086): receivingRemoteMessage 3 20991230 31
I/WSJ_Start__(14086): StartScreen -- processProgressMessage 20991230 31
I/WSJ_ServiPB(14086): ==>SS Update pb: 31
I/WSJ_ServicE(14111): ====>> NOW process: (A) SB10001424127887323808204579087400396732452.xml
D/dalvikvm(14111): GC_EXPLICIT freed 78K, 39% free 10019K/16308K, paused 2ms+3ms, total 36ms
I/WSJ_ServiPB(14111): ==>UnzipNowFile pb: 32
I/WSJ_ServicE(14111): sendRemoteMessage: null 20991230 3203
I/WSJ_Start__(14086): receivingRemoteMessage 3 20991230 32
I/WSJ_Start__(14086): StartScreen -- processProgressMessage 20991230 32
I/WSJ_ServiPB(14086): ==>SS Update pb: 32
I/WSJ_ServicE(14111): ====>> NOW process: (A) SB10001424127887323808204579087400396732452.jpml
D/dalvikvm(14111): GC_EXPLICIT freed 71K, 39% free 10020K/16308K, paused 2ms+3ms, total 35ms
I/WSJ_ServiPB(14111): ==>UnzipNowFile pb: 33
I/WSJ_ServicE(14111): sendRemoteMessage: null 20991230 3303
I/WSJ_Start__(14086): receivingRemoteMessage 3 20991230 33
I/WSJ_Start__(14086): StartScreen -- processProgressMessage 20991230 33
I/WSJ_ServiPB(14086): ==>SS Update pb: 33
D/dalvikvm(14111): GC_EXPLICIT freed 2K, 39% free 10019K/16308K, paused 2ms+3ms, total 35ms
I/WSJ_ServiPB(14111): ==>UnzipNowFile pb: 34
I/WSJ_ServicE(14111): sendRemoteMessage: null 20991230 3403
I/WSJ_Start__(14086): receivingRemoteMessage 3 20991230 34
I/WSJ_Start__(14086): StartScreen -- processProgressMessage 20991230 34
I/WSJ_ServiPB(14086): ==>SS Update pb: 34
D/dalvikvm(14111): GC_EXPLICIT freed 2K, 39% free 10019K/16308K, paused 2ms+3ms, total 35ms
I/WSJ_ServiPB(14111): ==>UnzipNowFile pb: 35
I/WSJ_ServicE(14111): sendRemoteMessage: null 20991230 3503
I/WSJ_Start__(14086): receivingRemoteMessage 3 20991230 35
I/WSJ_Start__(14086): StartScreen -- processProgressMessage 20991230 35
I/WSJ_ServiPB(14086): ==>SS Update pb: 35
D/dalvikvm(14111): GC_EXPLICIT freed 2K, 39% free 10019K/16308K, paused 2ms+3ms, total 35ms
I/WSJ_ServicE(14111): ====>> End of unzipping file /storage/emulated/0/.wsj-external-data-cache-USA/20991230/20991230103.zip  Replaced 6, New 0 
I/WSJ_ServicE(14111): ====>> NOW: end of unzip revision 103
I/WSJ_ServicE(14111):                                             ==========================================================
I/WSJ_ServicE(14111): ===> end of unzipNowFile. wsj_lastRevision: 105 nlastRev:105
I/WSJ_ServiNS(14111): ==> Now Incr SyncPend
I/WSJ_ServicE(14111): Handler received msg 12
I/WSJ_ServiNS(14111): ==> Now received NSCompletionHandler arg1: 0 Incr SyncPend seq:0
I/WSJ_ServicE(14111): (0): sendRemoteMessage: null 1 42
I/WSJ_Start__(14086): receivingRemoteMessage 42 1 42
I/WSJ_SqlDBAd(14111): getIssueIdByDate: issue id = 1306 thisIssueDate = 2013-09-21 21:55:41 Edition = USA
I/WSJ_ServicE(14111): **SHP:wsj_lastinitfilterNow Incr SyncPend
I/WSJ_ServicE(14111): Edition:  USA- (T3) (102=>105)
I/WSJ_ServicE(14111): ToDo: (30)	2099-12-30/U/102
I/WSJ_ServicE(14111): 
I/WSJ_ServicE(14111): sendRemoteMessage: null 20991230 7
I/WSJ_Start__(14086): receivingRemoteMessage 7 20991230 7
I/StartScreen(14086): StartScreen -- verifySSHasTodaySlot(20991230)
I/WSJ_ServicE(14111): **SHP:wsj_lastinitfilterNow Incr SyncPend
I/WSJ_ServicE(14111): Edition:  USA- (T3) (102=>105)
I/WSJ_ServicE(14111): ToDo: (30)	2099-12-30/U/102
I/WSJ_ServicE(14111): 
I/WSJ_ServicE(14111): sendRemoteMessage: Edition:  USA- (T3) (102=>105)
I/WSJ_ServicE(14111): ToDo: (30)	2099-12-30/U/102
I/WSJ_ServicE(14111): 
I/WSJ_ServicE(14111):  0 17
I/WSJ_Start__(14086): receivingRemoteMessage 17 0 0
I/WSJ_ServicE(14111): DataService - incomingHanlder 100 - 71 - 0 
I/WSJ_ServiNS(14111): ==> Now Starting SS go
I/WSJ_ServicE(14111): Handler received msg 12
I/WSJ_ServiNS(14111): ==> Now received NSCompletionHandler arg1: 71 Incr SyncPend seq:1
I/WSJ_ServiNS(14111): ==> Now Incr UI replied:Now Incr SyncPend seq: 2 type:71
I/WSJ_ServiNS(14111): ==> Now incr starting sync 70/71
I/WSJ_ServiNS(14111): ==> Now incr calling copyIncrFrom... 
I/WSJ_ServiNS(14111): ==> copyIncrFrom1230To1231 start part 1
I/WSJ_ServicE(14111): **SHP:wsj_lastinitfilterNow Incr SyncPend
I/WSJ_ServicE(14111): Edition:  USA- (T3) (102=>105)
I/WSJ_ServicE(14111): ToDo: (30)	2099-12-30/U/102
I/WSJ_ServicE(14111): 
I/WSJ_ServicE(14111): ==> in run_NB(3640): /storage/emulated/0/.wsj-external-data-cache-USA/20991230/files ==> /storage/emulated/0/.wsj-external-data-cache-USA/20991231/files
I/WSJ_ServiNS(14111): ==> copyIncrFrom1230To1231 starting part 1 run_NB
E/WSJ_ServiNS(14111): ==>run_NB NowUpdate(3640) No.of files to copy from src to dest is: 22
I/WSJ_ServicE(14111): **SHP:wsj_lastinitfilterNow Incr SyncPend
I/WSJ_ServicE(14111): Edition:  USA- (T3) (102=>105)
I/WSJ_ServicE(14111): ToDo: (30)	2099-12-30/U/102
I/WSJ_ServicE(14111): 
I/WSJ_ServicE(14111): sendRemoteMessage: Edition:  USA- (T3) (102=>105)
I/WSJ_ServicE(14111): ToDo: (30)	2099-12-30/U/102
I/WSJ_ServicE(14111): 
I/WSJ_ServicE(14111):  0 17
I/WSJ_Start__(14086): receivingRemoteMessage 17 0 0
E/WSJ_ServicE(14111): == db.deletePreviousNowWhatsNews deleted 15
I/WSJ_ServicE(14111): 
I/WSJ_ServicE(14111): ==========================================================importWhatsNews - start
D/dalvikvm(14111): GC_CONCURRENT freed 818K, 38% free 10118K/16308K, paused 3ms+3ms, total 38ms
D/dalvikvm(14111): WAIT_FOR_CONCURRENT_GC blocked 24ms
I/WSJ_SqlDBAd(14111): getIssueIdByDate: issue id = 1306 thisIssueDate = 2099-12-30 00:00:00 Edition = USA
D/dalvikvm(14111): WAIT_FOR_CONCURRENT_GC blocked 15ms
I/WSJ_ServicE(14111): section.issue.pkgPath : /storage/emulated/0/.wsj-external-data-cache-USA/20991230/files djid = SB10001424127887324807704579087303537495372
D/dalvikvm(14111): GC_CONCURRENT freed 577K, 36% free 10490K/16308K, paused 9ms+3ms, total 92ms
D/dalvikvm(14111): WAIT_FOR_CONCURRENT_GC blocked 13ms
I/WSJ_ServicE(14111): importWhatsNews - title : It's Hard to Slice and Dice CEO Paychecks djid = SB10001424127887324807704579087303537495372
D/dalvikvm(14111): GC_CONCURRENT freed 980K, 36% free 10583K/16308K, paused 8ms+39ms, total 95ms
D/dalvikvm(14111): WAIT_FOR_CONCURRENT_GC blocked 88ms
D/dalvikvm(14111): WAIT_FOR_CONCURRENT_GC blocked 87ms
D/dalvikvm(14111): GC_CONCURRENT freed 678K, 33% free 11010K/16308K, paused 2ms+3ms, total 36ms
D/dalvikvm(14111): WAIT_FOR_CONCURRENT_GC blocked 29ms
D/dalvikvm(14111): WAIT_FOR_CONCURRENT_GC blocked 25ms
I/WSJ_ServicE(14111): section.issue.pkgPath : /storage/emulated/0/.wsj-external-data-cache-USA/20991230/files djid = SB10001424127887324807704579087602002240992
I/WSJ_ServicE(14111): ==>run_NB NowUpdate(3640) src folder copy to dest succeeded...
I/WSJ_ServiNS(14111): ==>run_NB NowUpdate(3640) src folder copy to dest ended...
I/WSJ_ServiNS(14111): ==> copyIncrFrom1230To1231 starting part 2 from run_NB
I/WSJ_ServiNS(14111): ==> copyIncrFrom1230To1231 start part 2
I/SQLDbAdapter(14111): SQL-updateNowBackup beginTransaction(0) threadId: 3640
I/SQLDbAdapter(14111): beginTransaction took 1 msecs and 0 retries
I/SQLDbAdapter(14111): setTransactionSuccessful(1) threadId: 3640
I/WSJ_ServicE(14111): Handler received msg 12
I/WSJ_ServiNS(14111): ==> Now received NSCompletionHandler arg1: 80 Incr SyncPend seq:2
I/WSJ_ServiNS(14111): ==> Now incr timeout ignored: Now Incr SyncPend seq: 2 type:80
I/WSJ_ServicE(14111): **SHP:wsj_lastinitfilterNow Incr SyncPend
I/WSJ_ServicE(14111): Edition:  USA- (T3) (102=>105)
I/WSJ_ServicE(14111): ToDo: (30)	2099-12-30/U/102
I/WSJ_ServicE(14111): 
I/SQLDbAdapter(14111): endTransaction took 191 msecs
I/SQLDbAdapter(14111): SQL-updateNowBackup endTransaction(0) threadId: 3640
I/WSJ_SqlDBAd(14111): SQL-updateNowBackup endTransaction
I/WSJ_ServiNS(14111): ==> copyIncrFrom1230To1231 end   part 2
I/WSJ_ServiNS(14111): ==> Now Incr Synched
I/WSJ_ServicE(14111): importWhatsNews - title : FireEye, Rocket Fuel Surge djid = SB10001424127887324807704579087602002240992
D/dalvikvm(14111): GC_CONCURRENT freed 1803K, 36% free 10454K/16308K, paused 2ms+4ms, total 38ms
D/dalvikvm(14111): WAIT_FOR_CONCURRENT_GC blocked 22ms
I/WSJ_ServicE(14111): section.issue.pkgPath : /storage/emulated/0/.wsj-external-data-cache-USA/20991230/files djid = SB10001424127887323308504579087164075396596
I/WSJ_ServicE(14111): importWhatsNews - title : U.S. Says Gulf Shrimp Producers Unhurt by Foreign Subsidies djid = SB10001424127887323308504579087164075396596
I/WSJ_ServicE(14111): **SHP:wsj_lastinitfilterNow Incr Synched
I/WSJ_ServicE(14111): Edition:  USA- (T3) (102=>105)
I/WSJ_ServicE(14111): ToDo: (30)	2099-12-30/U/102
I/WSJ_ServicE(14111): 
I/WSJ_ServicE(14111): sendRemoteMessage: Edition:  USA- (T3) (102=>105)
I/WSJ_ServicE(14111): ToDo: (30)	2099-12-30/U/102
I/WSJ_ServicE(14111): 
I/WSJ_ServicE(14111):  0 17
I/WSJ_Start__(14086): receivingRemoteMessage 17 0 0
I/WSJ_ServicE(14111): Handler received msg 12
I/WSJ_ServiNS(14111): ==> Now received NSCompletionHandler arg1: 0 Incr Synched seq:2
I/WSJ_ServicE(14111): **SHP:wsj_lastinitfilterNow Incr Synched
I/WSJ_ServicE(14111): Edition:  USA- (T3) (102=>105)
I/WSJ_ServicE(14111): ToDo: (30)	2099-12-30/U/102
I/WSJ_ServicE(14111): 
D/dalvikvm(14111): GC_CONCURRENT freed 1200K, 37% free 10316K/16308K, paused 3ms+4ms, total 36ms
D/dalvikvm(14111): WAIT_FOR_CONCURRENT_GC blocked 15ms
I/WSJ_ServicE(14111): section.issue.pkgPath : /storage/emulated/0/.wsj-external-data-cache-USA/20991230/files djid = SB10001424127887324492604579086982824900624
I/WSJ_ServicE(14111): importWhatsNews - title : Latest iPhone Sales Test Apple Strategy djid = SB10001424127887324492604579086982824900624
D/dalvikvm(14111): GC_CONCURRENT freed 1025K, 37% free 10307K/16308K, paused 3ms+4ms, total 38ms
D/dalvikvm(14111): WAIT_FOR_CONCURRENT_GC blocked 23ms
I/WSJ_ServicE(14111): section.issue.pkgPath : /storage/emulated/0/.wsj-external-data-cache-USA/20991230/files djid = SB10001424127887323308504579086983430436084
I/WSJ_ServicE(14111): **SHP:wsj_lastinitfilterNow Incr Synched
I/WSJ_ServicE(14111): Edition:  USA- (T3) (102=>105)
I/WSJ_ServicE(14111): ToDo: (30)	2099-12-30/U/102
I/WSJ_ServicE(14111): 
I/WSJ_ServicE(14111): sendRemoteMessage: Edition:  USA- (T3) (102=>105)
I/WSJ_ServicE(14111): ToDo: (30)	2099-12-30/U/102
I/WSJ_ServicE(14111): 
I/WSJ_ServicE(14111):  0 17
I/WSJ_Start__(14086): receivingRemoteMessage 17 0 0
I/WSJ_ServicE(14111): importWhatsNews - title : EPA Unveils Plan to Curb Greenhouse-Gas Emissions djid = SB10001424127887323308504579086983430436084
I/WSJ_ServicE(14111): section.issue.pkgPath : /storage/emulated/0/.wsj-external-data-cache-USA/20991230/files djid = SB10001424127887323808204579087643404839638
D/dalvikvm(14111): GC_CONCURRENT freed 714K, 35% free 10605K/16308K, paused 3ms+2ms, total 39ms
D/dalvikvm(14111): WAIT_FOR_CONCURRENT_GC blocked 14ms
I/WSJ_ServicE(14111): importWhatsNews - title : Massachusetts Probes J.P. Morgan Debt-Collection Practices djid = SB10001424127887323808204579087643404839638
I/WSJ_ServicE(14111): section.issue.pkgPath : /storage/emulated/0/.wsj-external-data-cache-USA/20991230/files djid = SB10001424127887324807704579087550054645622
D/dalvikvm(14111): GC_CONCURRENT freed 721K, 33% free 10996K/16308K, paused 3ms+3ms, total 40ms
D/dalvikvm(14111): WAIT_FOR_CONCURRENT_GC blocked 8ms
I/WSJ_ServicE(14111): importWhatsNews - title : Brokers Bypass Puerto Rico's Debt djid = SB10001424127887324807704579087550054645622
I/WSJ_ServicE(14111): section.issue.pkgPath : /storage/emulated/0/.wsj-external-data-cache-USA/20991230/files djid = SB10001424127887324492604579087300713055102
I/WSJ_ServicE(14111): importWhatsNews - title : Allegiant Air Forced to Ground Some Planes djid = SB10001424127887324492604579087300713055102
D/dalvikvm(14111): GC_CONCURRENT freed 1805K, 37% free 10433K/16308K, paused 3ms+3ms, total 49ms
D/dalvikvm(14111): WAIT_FOR_CONCURRENT_GC blocked 25ms
I/WSJ_ServicE(14111): section.issue.pkgPath : /storage/emulated/0/.wsj-external-data-cache-USA/20991230/files djid = SB10001424127887324807704579087583630927394
I/WSJ_ServicE(14111): importWhatsNews - title : Oil Slides in U.S. djid = SB10001424127887324807704579087583630927394
D/dalvikvm(14111): GC_CONCURRENT freed 739K, 35% free 10749K/16308K, paused 2ms+3ms, total 37ms
D/dalvikvm(14111): WAIT_FOR_CONCURRENT_GC blocked 22ms
I/WSJ_ServicE(14111): section.issue.pkgPath : /storage/emulated/0/.wsj-external-data-cache-USA/20991230/files djid = SB10001424127887323808204579087521584210630
I/WSJ_ServicE(14111): importWhatsNews - title : Weyerhaeuser Home-Building Division Attracts Brookfield djid = SB10001424127887323808204579087521584210630
I/WSJ_ServicE(14111): section.issue.pkgPath : /storage/emulated/0/.wsj-external-data-cache-USA/20991230/files djid = SB10001424127887323808204579087172229040790
I/WSJ_ServicE(14111): importWhatsNews - title : Fed Officials Amplify a Discordant Message djid = SB10001424127887323808204579087172229040790
D/dalvikvm(14111): GC_CONCURRENT freed 1387K, 36% free 10522K/16308K, paused 2ms+3ms, total 37ms
D/dalvikvm(14111): WAIT_FOR_CONCURRENT_GC blocked 23ms
I/WSJ_ServicE(14111): section.issue.pkgPath : /storage/emulated/0/.wsj-external-data-cache-USA/20991230/files djid = SB10001424127887324492604579086351393717352
I/WSJ_ServicE(14111): importWhatsNews - title : India's Central Bank Raises Key Rate djid = SB10001424127887324492604579086351393717352
D/dalvikvm(14111): GC_CONCURRENT freed 1020K, 36% free 10586K/16308K, paused 3ms+4ms, total 38ms
D/dalvikvm(14111): WAIT_FOR_CONCURRENT_GC blocked 22ms
I/WSJ_ServicE(14111): section.issue.pkgPath : /storage/emulated/0/.wsj-external-data-cache-USA/20991230/files djid = SB10001424127887324807704579087503224939482
I/WSJ_ServicE(14111): importWhatsNews - title : Budget Cuts Weigh on Rockwell Collins djid = SB10001424127887324807704579087503224939482
I/WSJ_ServicE(14111): section.issue.pkgPath : /storage/emulated/0/.wsj-external-data-cache-USA/20991230/files djid = SB10001424127887323308504579087571401889910
I/WSJ_ServicE(14111): importWhatsNews - title : SEC Charges Former Akamai Executive djid = SB10001424127887323308504579087571401889910
D/dalvikvm(14111): GC_CONCURRENT freed 940K, 35% free 10699K/16308K, paused 3ms+3ms, total 38ms
I/WSJ_ServicE(14111): section.issue.pkgPath : /storage/emulated/0/.wsj-external-data-cache-USA/20991230/files djid = SB10001424127887323808204579087740057899248
I/WSJ_ServicE(14111): importWhatsNews - title : Publishing-Focused News Corp Posts Profit djid = SB10001424127887323808204579087740057899248
I/WSJ_ServicE(14111): importWhatsNews - end
I/WSJ_ServicE(14111): ==========================================================
I/WSJ_ServiPB(14111): ==>ProcessNow pb: 10000
I/WSJ_ServicE(14111): sendRemoteMessage: null 20991230 10003
I/WSJ_Start__(14086): receivingRemoteMessage 3 20991230 100
I/WSJ_Start__(14086): StartScreen -- processProgressMessage 20991230 100
I/WSJ_ServiPB(14086): ==>SS Update pb: 100
I/WSJ_ServicE(14111): sendRemoteMessage: Remove Progressbar 0 20
I/WSJ_Start__(14086): receivingRemoteMessage 20 0 0
I/WSJ_ServiPB(14086): StartScreen -- PROGRESS: closeDnldView: 20991230
I/WSJ_ServiPB(14086): StartScreen -- updateDnldDisplay(0)
E/WSJ_SqlDBAd(14111): ===> upd_ART run ok.
E/WSJ_SqlDBAd(14111): ===> upd_noCIOCFO run ok.
E/WSJ_SqlDBAd(14111): ===> upd_noRandC run ok.
E/WSJ_SqlDBAd(14111): ===> upd_FEEDS run ok.
I/WSJ_ServicE(14111): ==> in updateNow(3639)
D/dalvikvm(14086): GC_FOR_ALLOC freed 1504K, 18% free 15861K/19276K, paused 18ms, total 18ms
I/DataService(14111): updateNowUIViews(end) : /storage/emulated/0/.wsj-external-data-cache-USA/20991230/files/updated.txt
I/WSJ_ServicE(14111): Handler received msg 83
I/WSJ_ServicE(14111): (0): sendRemoteMessage: null 31 100
I/WSJ_Start__(14086): receivingRemoteMessage 100 31 100
I/WSJ_ServiNS(14086): ==>> got debug generic:31
I/WSJ_ServiNS(14086): ==>> in restoreCurrentNowFolder true
I/WSJ_ServiNS(14086): ==>> in restoreCurrentNowFolder fixed to 30 temporaryly
I/WSJ_ServicE(14111): ===> Now update TS: 9:50 PM Freq: 30
I/WSJ_ServicE(14111): (-2): sendRemoteMessage: 09/21/2013 9:50 PM EDT 0 24
I/WSJ_ServicE(14111): ==> cache creation enabled...
I/WSJ_ServicE(14111): ==> generateT3CacheFiles - start for Date = 20991230 edition = USA
I/WSJ_ServicE(14111): Will generate thumbnail for 800x1205, 20991230, true
I/WSJ_ServicE(14111): Will generate thumb(2) with /storage/emulated/0/.wsj-external-data-cache-USA/20991230/cache, USA, 20991230, 201309212150020400
I/WSJ_ServicE(14111): Will generate thumb(3) with /storage/emulated/0/.wsj-external-data-cache-USA/20991230/files, 145
I/WSJ_Start__(14086): receivingRemoteMessage 24 0 0
I/WSJ_SectionActivityT3(14111): T3_pageMapping for USA 20991230
I/WSJ_SectionActivityT3(14111): T3           0FRONT_SECTION page1 FRONT-4story-Video-deco_v2_template.xml
I/WSJ_SectionActivityT3(14111): T3           1FRONT_SECTION page2 CONTINUATION-generic-6_template.xml
I/WSJ_SectionActivityT3(14111): T3           2FRONT_SECTION page3 GENERIC-fullpagead-template.xml
I/WSJ_SectionActivityT3(14111): T3           3FRONT_SECTION page4 CONTINUATION-fancy-OZ_template.xml
I/WSJ_SectionActivityT3(14111): T3           4FRONT_SECTION page5 CONTINUATION-fancy-6_template.xml
I/WSJ_SectionActivityT3(14111): T3           5FRONT_SECTION page6 GENERIC-fullpagead-template.xml
I/WSJ_SectionActivityT3(14111): T3           6FRONT_SECTION page7 CONTINUATION-generic-2_template.xml
I/WSJ_SectionActivityT3(14111): T3           7FRONT_SECTION page8 GENERIC-fullpagead-template.xml
I/WSJ_SectionActivityT3(14111): T3           8OPINION page1 OPINION-5story-E_template.xml
I/WSJ_SectionActivityT3(14111): T3           9OPINION page2 CONTINUATION-fancy-6_template.xml
I/WSJ_SectionActivityT3(14111): T3           10OPINION page3 GENERIC-fullpagead-template.xml
I/WSJ_SectionActivityT3(14111): T3           11OPINION page4 CONTINUATION-generic-4_template.xml
I/WSJ_SectionActivityT3(14111): T3           12OPINION page5 GENERIC-fullpagead-template.xml
I/WSJ_SectionActivityT3(14111): T3           13MARKETPLACE page1 SECTION-4story-smallG-deco_template.xml
I/WSJ_SectionActivityT3(14111): T3           14MARKETPLACE page2 CONTINUATION-generic-11_template.xml
I/WSJ_SectionActivityT3(14111): T3           15MARKETPLACE page3 GENERIC-fullpagead-template.xml
I/WSJ_SectionActivityT3(14111): T3           16MONEY_AND_INVESTING page1 SECTION-4story-D-C-marketdata_template.xml
I/WSJ_SectionActivityT3(14111): T3           17MONEY_AND_INVESTING page2 CONTINUATION-generic-9_template.xml
I/WSJ_SectionActivityT3(14111): T3           18MONEY_AND_INVESTING page3 GENERIC-fullpagead-template.xml
I/WSJ_SectionActivityT3(14111): T3           19MONEY_AND_INVESTING page4 CONTINUATION-generic-11_template.xml
I/WSJ_SectionActivityT3(14111): T3           20MONEY_AND_INVESTING page5 GENERIC-fullpagead-template.xml
I/WSJ_SectionActivityT3(14111): T3           21WEEKEND_JOURNAL page1 SECTION-4story-OZ-top_template.xml
I/WSJ_SectionActivityT3(14111): T3           22WEEKEND_JOURNAL page2 CONTINUATION-fancy-6_template.xml
I/WSJ_SectionActivityT3(14111): T3           23WEEKEND_JOURNAL page3 GENERIC-fullpagead-template.xml
I/WSJ_SectionActivityT3(14111): T3           24WEEKEND_JOURNAL page4 CONTINUATION-generic-9_template.xml
I/WSJ_SectionActivityT3(14111): T3           25WEEKEND_JOURNAL page5 CONTINUATION-generic-7_template.xml
I/WSJ_SectionActivityT3(14111): T3           26WEEKEND_JOURNAL page6 GENERIC-fullpagead-template.xml
I/WSJ_SectionActivityT3(14111): T3           27MANSION page1 SECTION-1story-P_template.xml
I/WSJ_SectionActivityT3(14111): T3           28MANSION page2 CONTINUATION-generic-9_template.xml
I/WSJ_SectionActivityT3(14111): T3           29MANSION page3 GENERIC-fullpagead-template.xml
I/WSJ_SectionActivityT3(14111): T3           30MANSION page4 CONTINUATION-generic-4_template.xml
I/WSJ_SectionActivityT3(14111): T3           31MANSION page5 GENERIC-fullpagead-template.xml
I/WSJ_SectionActivityT3(14111): T3           32JOURNAL_REPORT page1 SECTION-3story-G_template.xml
I/WSJ_SectionActivityT3(14111): T3           33JOURNAL_REPORT page2 CONTINUATION-fancy-OZ_template.xml
I/WSJ_SectionActivityT3(14111): T3           34JOURNAL_REPORT page3 GENERIC-fullpagead-template.xml
I/WSJ_SectionActivityT3(14111): T3           35JOURNAL_REPORT page4 CONTINUATION-generic-9_template.xml
I/WSJ_SectionActivityT3(14111): T3           36JOURNAL_REPORT page5 CONTINUATION-generic-9_template.xml
I/WSJ_SectionActivityT3(14111): T3           37JOURNAL_REPORT page6 GENERIC-fullpagead-template.xml
I/WSJ_SectionActivityT3(14111): T3           38JOURNAL_REPORT page7 CONTINUATION-generic-10_template.xml
I/WSJ_SectionActivityT3(14111): T3           39JOURNAL_REPORT page8 GENERIC-fullpagead-template.xml
I/WSJ_SectionActivityT3(14111): T3           40NEW_YORK page1 SECTION-4story-OZ-deco-mirror_template.xml
