I/WSJ_SectionActivityT3(14111): T3           41NEW_YORK page2 CONTINUATION-generic-11_template.xml
I/WSJ_SectionActivityT3(14111): T3           42NEW_YORK page3 GENERIC-fullpagead-template.xml
I/WSJ_SectionActivityT3(14111): T3 sectionIndexing for USA 20991230
I/WSJ_ServicE(14111): Generating page USA.20991230-201309212150020400.FRONT_SECTION-0.1205.0x644.0Lfalse
D/dalvikvm(14111): GC_CONCURRENT freed 1736K, 39% free 10107K/16308K, paused 3ms+3ms, total 40ms
D/dalvikvm(14111): WAIT_FOR_CONCURRENT_GC blocked 24ms
I/StartScreen(14086): PROGRESS: getCurrentNowUpdateTime(short) : 9:20 PM
D/dalvikvm(14111): GC_CONCURRENT freed 873K, 38% free 10179K/16308K, paused 3ms+3ms, total 39ms
D/dalvikvm(14111): WAIT_FOR_CONCURRENT_GC blocked 21ms
D/dalvikvm(14111): GC_CONCURRENT freed 838K, 38% free 10214K/16308K, paused 3ms+4ms, total 38ms
D/dalvikvm(14111): GC_CONCURRENT freed 689K, 37% free 10389K/16308K, paused 3ms+3ms, total 34ms
D/dalvikvm(14111): GC_CONCURRENT freed 860K, 36% free 10569K/16308K, paused 3ms+2ms, total 41ms
D/dalvikvm(14111): WAIT_FOR_CONCURRENT_GC blocked 27ms
D/dalvikvm(14111): GC_CONCURRENT freed 831K, 34% free 10765K/16308K, paused 3ms+4ms, total 44ms
D/dalvikvm(14111): GC_CONCURRENT freed 1174K, 35% free 10701K/16308K, paused 3ms+4ms, total 47ms
D/dalvikvm(14111): GC_CONCURRENT freed 974K, 34% free 10774K/16308K, paused 3ms+5ms, total 45ms
I/<T3>    (14111): Returning requested image source as: /storage/emulated/0/.wsj-external-data-cache-USA/20991230/files/OB-YZ719_decoke_F_20130921162559.jpg
I/WSJ_ServicE(14111): ==>pageDidLayout for generating thumbnail
I/WSJ_SectionActivityT3(14111): T3 Page USA.20991230-201309212150020400.FRONT_SECTION-0.1205.0x644.0Lfalse did layout
D/dalvikvm(14111): GC_FOR_ALLOC freed 451K, 31% free 11303K/16308K, paused 34ms, total 34ms
D/WSJ_ServicE(14111): Generating thumbnail from screenshot android.widget.RelativeLayout{427aae10 V.E..... ......ID 0,0-1363,844}
D/WSJ_ServicE(14111): Generate thumbnail path /storage/emulated/0/.wsj-external-data-cache-USA/20991230/
W/WSJ_ServicE(14111): Generating /storage/emulated/0/.wsj-external-data-cache-USA/20991230/thumbnail.land.png 1363x844
D/dalvikvm(14111): GC_FOR_ALLOC freed 498K, 29% free 11699K/16308K, paused 30ms, total 30ms
I/dalvikvm-heap(14111): Grow heap (frag case) to 15.955MB for 4601504-byte allocation
D/dalvikvm(14111): GC_FOR_ALLOC freed <1K, 23% free 16193K/20804K, paused 31ms, total 31ms
D/dalvikvm(14111): GC_CONCURRENT freed 107K, 23% free 16198K/20804K, paused 6ms+7ms, total 67ms
I/WSJ_ServicE(14111): Generated page 1363x844, scaling to 400x247
D/dalvikvm(14111): GC_FOR_ALLOC freed 545K, 23% free 16205K/20804K, paused 30ms, total 31ms
I/dalvikvm-heap(14111): Grow heap (frag case) to 17.062MB for 1149544-byte allocation
D/dalvikvm(14111): GC_FOR_ALLOC freed 0K, 21% free 17327K/21928K, paused 31ms, total 31ms
D/WSJ_ServicE(14111): Generated thumbnail from screenshot android.widget.RelativeLayout{427aae10 V.E..... ......I. 0,0-1363,844}
I/WSJ_ServicE(14111): sendRemoteMessage: null 20991230 11
I/WSJ_Start__(14086): receivingRemoteMessage 11 20991230 11
D/T3      (14111): Done laying out the page. Serializing to disk./storage/emulated/0/.wsj-external-data-cache-USA/20991230/cache/t3cache/USA.20991230-201309212150020400.FRONT_SECTION-0.1205.0x644.0Lfalse.cntx
D/T3      (14111): Serializing ComputedSectionPage begin
D/T3      (14111): Serializing ComputedSectionModule begin
D/dalvikvm(14086): GC_FOR_ALLOC freed 2181K, 18% free 15849K/19276K, paused 19ms, total 20ms
D/T3      (14111): Serializing ComputedSectionModule end
D/T3      (14111): Serializing ComputedSectionModule begin
D/T3      (14111): Serializing ComputedSectionModule end
D/T3      (14111): Serializing ComputedSectionModule begin
D/T3      (14111): Serializing ComputedSectionModule end
D/T3      (14111): Serializing ComputedSectionModule begin
D/T3      (14111): Serializing ComputedSectionModule end
D/T3      (14111): Serializing ComputedSectionModule begin
D/T3      (14111): Serializing ComputedSectionModule end
D/T3      (14111): Serializing ComputedSectionPage end
D/T3      (14111): Serialized to disk./storage/emulated/0/.wsj-external-data-cache-USA/20991230/cache/t3cache/USA.20991230-201309212150020400.FRONT_SECTION-0.1205.0x644.0Lfalse.cntx
I/WSJ_ServicE(14111): ==> generateT3CacheFiles - end for Date = 20991230 edition = USA
I/WSJ_ServicE(14111): ===> NOW:  ended revision 105 sCurrentNowLastUpdated: 2013-09-21 21:20:02 -0400
I/WSJ_ServicE(14111):                                             ==========================================================
I/WSJ_ServicE(14111): (-1) current action 2099-12-30/U/102
D/dalvikvm( 2006): GC_CONCURRENT freed 373K, 5% free 10147K/10664K, paused 4ms+16ms, total 75ms
D/dalvikvm( 2006): WAIT_FOR_CONCURRENT_GC blocked 7ms
E/msgr(:<default>):MmsConfig( 2006): MmsConfig.loadMmsSettings mms_config.xml missing uaProfUrl setting
D/dalvikvm( 2006): WAIT_FOR_CONCURRENT_GC blocked 13ms
D/dalvikvm( 2006): WAIT_FOR_CONCURRENT_GC blocked 22ms
I/WSJ_ServicE(14111): ===>>>  bActionCompleted set to true on app.getDoneStatus()
I/WSJ_ServicE(14111):  ProcessToDoList: completed processing Action ..............................................: 2099-12-30/U/102
I/WSJ_ServicE(14111): ===> checking current SP ...
I/WSJ_ServicE(14111): ===> starting SP backup...
I/DataService(14111): updateNowUIViews(end) : /storage/emulated/0/.wsj-external-data-cache-USA/20991230/files/updated.txt
I/WSJ_ServicE(14111): ===> Now update TS: 9:50 PM Freq: 30
I/WSJ_ServicE(14111): (-2): sendRemoteMessage: 09/21/2013 9:50 PM EDT 0 24
I/WSJ_Start__(14086): receivingRemoteMessage 24 0 0
I/WSJ_ServicE(14111): sendRemoteMessage:  0 17
I/StartScreen(14086): PROGRESS: getCurrentNowUpdateTime(short) : 9:50 PM
I/WSJ_Start__(14086): receivingRemoteMessage 17 0 0
I/WSJ_ServicE(14111): sendRemoteMessage:  0 19
I/WSJ_Start__(14086): receivingRemoteMessage 19 0 0
I/WSJ_ServicE(14111): Handler received msg 3
I/WSJ_ServicE(14111): ==>> Notification sent at end of ProcessStartup
I/WSJ_ServicE(14111): ProcessStartup-End
I/WSJ_ServicE(14111): ended ProcessStartup
I/WSJ_ServicE(14111): reauth bypassed. Anonymous user
I/WSJ_ServicE(14111): Handler received msg 102
I/WSJ_ServicE(14111): Waiting for 7:AM or 4:00PM. It's now 09-21//2155
I/WSJ_ServicE(14111): Waiting for 4:00PM. It's now 2155
E/WSJ_ServicE(14111): download quotes
I/WSJ_ServicE(14111): Watchlist update: 19923 bytes read
E/WSJ_ServicE(14111): data length:19923
E/WSJ_ServicE(14111): data is null
E/WSJ_MarketData(14111): ===>>>> updateQuotesStatus started....
I/SQLDbAdapter(14111): UpdateQuotesStatus beginTransaction(0) threadId: 3645
I/SQLDbAdapter(14111): beginTransaction took 0 msecs and 0 retries
E/WSJ_MarketData(14111): ===>>>> updateQuotesStatus begTran....
I/WSJ_MarketData(14111): UpdateQuotesStatus - setTransactionSuccessful
I/SQLDbAdapter(14111): endTransaction took 33 msecs
I/SQLDbAdapter(14111): UpdateQuotesStatus endTransaction(0) threadId: 3645
I/WSJ_ServicE(14111): Handler received msg 105
D/dalvikvm(12225): GC_CONCURRENT freed 1297K, 12% free 11543K/12988K, paused 11ms+2ms, total 39ms
D/dalvikvm(26785): GC_EXPLICIT freed 160K, 7% free 8379K/9000K, paused 2ms+3ms, total 30ms
I/GCoreUlr(26885): Successfully inserted location
I/GCoreUlr(26885): Not calling LocationReportingService, hasMoved: false, elapsed millis: 543000, request: Tablet
D/dalvikvm(26885): GC_CONCURRENT freed 947K, 10% free 10023K/11120K, paused 3ms+3ms, total 38ms
D/dalvikvm(26885): WAIT_FOR_CONCURRENT_GC blocked 27ms
I/GCoreUlr(26885): Successfully inserted location
I/GCoreUlr(26885): Not calling LocationReportingService, hasMoved: false, elapsed millis: 602978, request: Tablet
I/GCoreUlr(26885): Successfully inserted location
I/GCoreUlr(26885): Not calling LocationReportingService, hasMoved: false, elapsed millis: 663038, request: Tablet
V/BackupServiceBinder(  448): doBackup() invoked
D/PerformBackupTask(  448): starting agent for backup of BackupRequest{pkg=android}
D/BackupManagerService(  448): awaiting agent for ApplicationInfo{4289feb8 android}
V/BackupServiceBinder(  448): doBackup() invoked
D/BackupHelperDispatcher(  448): handling existing helper 'wallpaper' android.app.backup.WallpaperBackupHelper@42de8cb0
D/BackupManagerService(  448): agentConnected pkg=android agent=android.app.backup.BackupAgent$BackupServiceBinder@42c511c8
I/PerformBackupTask(  448): Backup pass finished.
D/dalvikvm(  578): GC_CONCURRENT freed 941K, 25% free 10535K/13876K, paused 6ms+17ms, total 75ms
I/ActivityManager(  448): Start proc com.google.android.apps.currents for service com.google.android.apps.currents/com.google.apps.dots.android.app.service.SyncService: pid=2150 uid=10010 gids={50010, 3003, 1015, 1028}
D/dalvikvm( 2150): GC_CONCURRENT freed 271K, 6% free 7475K/7888K, paused 3ms+2ms, total 30ms
D/ActivityThread( 2150): Loading provider com.google.android.apps.currents: com.google.apps.dots.android.currents.provider.CurrentsContentProvider
W/GAV2    ( 2150): Thread[main,5,main]: Need to call initialize() and be in fallback mode to start dispatch.
D/dalvikvm( 2150): GC_CONCURRENT freed 286K, 6% free 7601K/8032K, paused 3ms+1ms, total 18ms
I/DotsApplication( 2150): Starting up...
I/SyncService( 2150): Starting background sync (21:59:05)
D/dalvikvm( 2150): GC_CONCURRENT freed 312K, 6% free 7750K/8208K, paused 3ms+2ms, total 25ms
D/dalvikvm(24163): GC_CONCURRENT freed 1958K, 16% free 12573K/14800K, paused 4ms+5ms, total 73ms
D/GoogleServicesManager(32504): setState: sync = true, wantedSyncState = true
D/GoogleServicesManager(32504): Enabling sync
D/GoogleServicesManager(32504): setState: sync = true, wantedSyncState = true
D/GoogleServicesManager(32504): Enabling sync
D/dalvikvm(  448): GC_EXPLICIT freed 1961K, 19% free 22045K/27092K, paused 4ms+10ms, total 100ms
D/dalvikvm( 2150): GC_CONCURRENT freed 277K, 6% free 7866K/8356K, paused 2ms+2ms, total 18ms
D/dalvikvm( 2150): GC_FOR_ALLOC freed 224K, 7% free 7944K/8512K, paused 16ms, total 16ms
D/dalvikvm( 2150): GC_CONCURRENT freed 326K, 6% free 8031K/8528K, paused 3ms+3ms, total 25ms
D/dalvikvm( 2150): GC_CONCURRENT freed 260K, 6% free 8241K/8688K, paused 3ms+2ms, total 23ms
D/dalvikvm( 2150): WAIT_FOR_CONCURRENT_GC blocked 13ms
D/dalvikvm( 2150): GC_CONCURRENT freed 304K, 6% free 8340K/8792K, paused 3ms+2ms, total 23ms
D/dalvikvm( 2150): GC_CONCURRENT freed 364K, 6% free 8372K/8884K, paused 3ms+3ms, total 23ms
D/dalvikvm( 2150): GC_CONCURRENT freed 378K, 7% free 8417K/8988K, paused 3ms+3ms, total 26ms
D/dalvikvm( 2150): GC_CONCURRENT freed 452K, 7% free 8454K/9056K, paused 2ms+2ms, total 20ms
D/dalvikvm( 2150): GC_CONCURRENT freed 447K, 7% free 8483K/9080K, paused 2ms+2ms, total 22ms
D/dalvikvm( 2150): GC_CONCURRENT freed 412K, 7% free 8540K/9100K, paused 1ms+3ms, total 24ms
D/dalvikvm(24163): GC_CONCURRENT freed 1805K, 16% free 12535K/14800K, paused 5ms+5ms, total 71ms
D/dalvikvm(24163): WAIT_FOR_CONCURRENT_GC blocked 51ms
D/dalvikvm(24163): WAIT_FOR_CONCURRENT_GC blocked 47ms
D/dalvikvm( 2150): GC_CONCURRENT freed 509K, 8% free 8428K/9108K, paused 2ms+2ms, total 22ms
D/dalvikvm( 2150): GC_FOR_ALLOC freed 200K, 8% free 8459K/9108K, paused 17ms, total 17ms
D/dalvikvm( 2150): GC_FOR_ALLOC freed 102K, 8% free 8466K/9108K, paused 16ms, total 16ms
D/dalvikvm( 2150): GC_FOR_ALLOC freed 113K, 7% free 8472K/9108K, paused 17ms, total 17ms
D/dalvikvm( 2150): GC_FOR_ALLOC freed 94K, 8% free 8478K/9124K, paused 20ms, total 20ms
D/dalvikvm( 2150): GC_FOR_ALLOC freed 195K, 8% free 8484K/9136K, paused 20ms, total 20ms
D/dalvikvm( 2150): GC_FOR_ALLOC freed 221K, 7% free 8497K/9136K, paused 26ms, total 26ms
D/dalvikvm( 2150): GC_FOR_ALLOC freed 134K, 8% free 8501K/9148K, paused 21ms, total 21ms
D/dalvikvm( 2150): GC_FOR_ALLOC freed 136K, 7% free 8514K/9148K, paused 18ms, total 18ms
I/dalvikvm-heap( 2150): Grow heap (frag case) to 8.484MB for 31478-byte allocation
D/dalvikvm( 2150): GC_FOR_ALLOC freed 15K, 8% free 8529K/9180K, paused 22ms, total 22ms
D/dalvikvm( 2150): GC_CONCURRENT freed 456K, 7% free 8538K/9180K, paused 2ms+2ms, total 24ms
D/dalvikvm( 2150): GC_CONCURRENT freed 470K, 7% free 8540K/9180K, paused 2ms+2ms, total 21ms
D/dalvikvm( 2150): GC_CONCURRENT freed 494K, 8% free 8519K/9180K, paused 1ms+3ms, total 22ms
D/dalvikvm( 2150): GC_CONCURRENT freed 427K, 8% free 8511K/9180K, paused 3ms+2ms, total 34ms
D/dalvikvm( 2150): WAIT_FOR_CONCURRENT_GC blocked 20ms
I/dalvikvm-heap( 2150): Grow heap (frag case) to 8.461MB for 11862-byte allocation
D/dalvikvm( 2150): GC_FOR_ALLOC freed 5K, 8% free 8517K/9192K, paused 17ms, total 17ms
D/dalvikvm( 2150): GC_FOR_ALLOC freed 47K, 8% free 8514K/9192K, paused 20ms, total 20ms
D/dalvikvm( 2150): GC_FOR_ALLOC freed 7K, 8% free 8523K/9192K, paused 16ms, total 16ms
I/dalvikvm-heap( 2150): Grow heap (frag case) to 8.495MB for 33426-byte allocation
D/dalvikvm( 2150): GC_FOR_ALLOC freed 15K, 8% free 8540K/9228K, paused 17ms, total 17ms
D/dalvikvm( 2150): GC_FOR_ALLOC freed 4K, 8% free 8536K/9228K, paused 20ms, total 20ms
I/dalvikvm-heap( 2150): Grow heap (frag case) to 8.493MB for 18726-byte allocation
D/dalvikvm( 2150): GC_FOR_ALLOC freed 0K, 8% free 8554K/9248K, paused 18ms, total 18ms
D/dalvikvm( 2150): GC_FOR_ALLOC freed 94K, 8% free 8519K/9248K, paused 16ms, total 16ms
D/dalvikvm( 2150): GC_FOR_ALLOC freed 160K, 8% free 8525K/9248K, paused 17ms, total 17ms
D/dalvikvm( 2150): GC_FOR_ALLOC freed 187K, 8% free 8532K/9248K, paused 17ms, total 17ms
D/dalvikvm( 2150): GC_FOR_ALLOC freed 168K, 8% free 8539K/9248K, paused 16ms, total 16ms
D/dalvikvm( 2150): GC_CONCURRENT freed 405K, 8% free 8569K/9248K, paused 1ms+1ms, total 20ms
D/dalvikvm( 2150): GC_CONCURRENT freed 500K, 8% free 8537K/9248K, paused 1ms+2ms, total 22ms
W/GAV2    ( 2150): Thread[DotsAsyncTask (SYNC) #1,1,SYNC]: dispatch call queued.  Need to call GAServiceManager.getInstance().initialize().
W/GAV2    ( 2150): Thread[GAThread,5,main]: Service unavailable (code=1), will retry.
I/GAV2    ( 2150): Thread[GAThread,5,main]: No campaign data found.
W/ActivityManager(  448): Unable to start service Intent { act=com.google.android.gms.analytics.service.START (has extras) } U=0: not found
D/dalvikvm( 2150): GC_CONCURRENT freed 238K, 6% free 8723K/9248K, paused 4ms+2ms, total 38ms
D/dalvikvm( 2150): GC_CONCURRENT freed 721K, 10% free 8498K/9372K, paused 2ms+2ms, total 24ms
D/dalvikvm( 2150): WAIT_FOR_CONCURRENT_GC blocked 7ms
D/dalvikvm( 2150): GC_CONCURRENT freed 647K, 11% free 8344K/9372K, paused 2ms+3ms, total 24ms
D/dalvikvm( 2150): GC_CONCURRENT freed 450K, 11% free 8405K/9372K, paused 1ms+3ms, total 19ms
D/dalvikvm( 2150): WAIT_FOR_CONCURRENT_GC blocked 4ms
I/SyncService( 2150): sync service finished (21:59:11)
W/GAV2    ( 2150): Thread[Service Reconnect,5,main]: Service unavailable (code=1), using local store.
W/ActivityManager(  448): Unable to start service Intent { act=com.google.android.gms.analytics.service.START (has extras) } U=0: not found
D/dalvikvm(26885): GC_CONCURRENT freed 924K, 10% free 10016K/11096K, paused 16ms+3ms, total 53ms
D/dalvikvm(26885): WAIT_FOR_CONCURRENT_GC blocked 23ms
I/GCoreUlr(26885): Successfully inserted location
I/GCoreUlr(26885): Not calling LocationReportingService, hasMoved: false, elapsed millis: 723100, request: Tablet
D/dalvikvm(26885): GC_CONCURRENT freed 848K, 10% free 10018K/11084K, paused 2ms+3ms, total 44ms
I/GCoreUlr(26885): Successfully inserted location
I/GCoreUlr(26885): Not calling LocationReportingService, hasMoved: false, elapsed millis: 783028, request: Tablet
I/WSJ_ServicE(14086): WSJData_BootReceiver No Action
I/WSJ_ServicE(14111): onStartCommand(restart) start id 944: Intent { act=wsj.reader_t3_data_service.DataService } Count:955
I/WSJ_ServicE(14111): ==>> run_DP called
I/WSJ_ServicE(14111): verifyProcessStarted : bStarted =false
I/WSJ_ServicE(14111): verifyProcessStarted : setting bStarted to true 
I/WSJ_ServicE(14111): ==>> ProcessStartup called from run_DP
D/WSJ_ServicE(14111): queryRESTurl:http://mitp.wsj.com/gc/packager/us/contents/ITP20130921_303ee82d4e/stamp.1379740187818
I/WSJ_ServicE(14111): ====  Retraction reply:
I/WSJ_ServicE(14111): ==> Download Now options is set as every 30 minutes.
I/WSJ_ServicE(14111): ProcessStartup-Start
E/WSJ_SqlDBAd(14111): ===> upd_ART run ok.
E/WSJ_SqlDBAd(14111): ===> upd_noCIOCFO run ok.
E/WSJ_SqlDBAd(14111): ===> upd_noRandC run ok.
E/WSJ_SqlDBAd(14111): ===> upd_FEEDS run ok.
I/WSJ_ServicE(14111): NumberOfIssues:9
I/WSJ_ServicE(14111): ====>>> calling getIssueStatus 1379815236861 (240) with 9 for  USA
I/WSJ_SqlDBAd(14111): ==>> getIssueStatus called with 9 days
I/WSJ_SqlDBAd(14111): ====>>> records: 13
I/WSJ_ServicE(14111): ==>>Dnld sched rec:0 Dt:2099-12-30 Rdy:1 B: A: R: #Files:105 TS:date:20130921 revision:105 
I/WSJ_ServicE(14111): ==>>Dnld sched rec:1 Dt:2013-09-21 Rdy:1 B: A: R: #Files:33 TS:stamp.1379740187818 
I/WSJ_ServicE(14111): sendRemoteMessage: verifyTodaySlot 20130921 14
I/WSJ_Start__(14086): receivingRemoteMessage 14 20130921 14
I/WSJ_ServicE(14111): ==>>Dnld sched rec:2 Dt:2013-09-20 Rdy:1 B: A: R: #Files:33 TS:stamp.1379652819860 
I/WSJ_ServicE(14111): ==>>Dnld sched rec:3 Dt:2013-09-19 Rdy:1 B: A: R: #Files:33 TS:stamp.1379602440942 
I/WSJ_ServicE(14111): ==>>Dnld sched rec:4 Dt:2013-09-18 Rdy:1 B: A: R: #Files:29 TS:stamp.1379477631375 
I/WSJ_ServicE(14111): ==>>Dnld sched rec:5 Dt:2013-09-17 Rdy:1 B: A: R: #Files:29 TS: 
I/WSJ_ServicE(14111): ==>>Dnld sched rec:6 Dt:2013-09-16 Rdy:1 B: A: R: #Files:33 TS: 
I/WSJ_ServicE(14111): ==>>Dnld sched rec:7 Dt:2013-09-14 Rdy:1 B: A: R: #Files:33 TS: 
I/WSJ_ServicE(14111): ==>>Dnld sched rec:8 Dt:2013-09-13 Rdy:1 B: A: R: #Files:33 TS: 
I/WSJ_ServicE(14111): sToDo:2099-12-30/U/105//
I/WSJ_Start__(14086): receivingRemoteMessage 4 0 100
I/WSJ_ServicE(14111): **SHP:wsj_lastinitfilterNow Incr Synched
I/WSJ_ServicE(14111): Edition:  USA- (T3) (105=>105)
I/WSJ_ServicE(14111): ToDo: (30)	
I/WSJ_ServicE(14111): sendRemoteMessage: Edition:  USA- (T3) (105=>105)
I/WSJ_ServicE(14111): ToDo: (30)	
I/WSJ_ServicE(14111):  0 17
I/WSJ_Start__(14086): receivingRemoteMessage 17 0 0
I/WSJ_ServicE(14111): ProcessStartup - begSendToDo:
I/WSJ_ServicE(14111): ---- ProcessToDoList: start  with bStarted = true
I/WSJ_ServicE(14111): ---- ProcessToDoList: setting bStarted to false
I/WSJ_ServicE(14111): ProcessStartup-End
I/WSJ_ServicE(14111): ended ProcessStartup
I/WSJ_ServicE(14111): reauth bypassed. Anonymous user
I/WSJ_ServicE(14111): Handler received msg 102
D/ConnectivityService(  448): Captive portal check NetworkInfo: type: WIFI[], state: CONNECTING/CAPTIVE_PORTAL_CHECK, reason: (unspecified), extra: "SantaFe", roaming: false, failover: false, isAvailable: true
D/ConnectivityService(  448): Captive portal check NetworkInfo: type: WIFI[], state: CONNECTING/CAPTIVE_PORTAL_CHECK, reason: (unspecified), extra: "SantaFe", roaming: false, failover: false, isAvailable: true
D/ConnectivityService(  448): ConnectivityChange for WIFI: CONNECTED/CONNECTED
D/ConnectivityService(  448): handleConnectivityChange: address are the same reset per doReset linkProperty[1]: resetMask=0
D/ConnectivityService(  448): ConnectivityChange for WIFI: CONNECTED/CONNECTED
D/ConnectivityService(  448): handleConnectivityChange: address are the same reset per doReset linkProperty[1]: resetMask=0
D/ConnectivityService(  448): NetTransition Wakelock for WifiStateMachine released by timeout
D/Tethering(  448): MasterInitialState.processMessage what=3
D/Tethering(  448): MasterInitialState.processMessage what=3
D/libgps  (  448): proxy_agps_ril_update_network_state()
D/libgps  (  448): proxy_agps_ril_update_network_state: called
D/libgps  (  448): proxy_agps_ril_update_network_availability()
D/dalvikvm(30743): GC_CONCURRENT freed 410K, 8% free 7716K/8316K, paused 3ms+13ms, total 32ms
D/libgps  (  448): proxy_agps_ril_update_network_state()
D/libgps  (  448): proxy_agps_ril_update_network_state: called
D/libgps  (  448): proxy_agps_ril_update_network_availability()
D/libgps  (  448): proxy_agps_ril_request_setid_cb()
D/libgps  (  448): proxy_agps_ril_set_set_id()
D/libgps  (  448): proxy_agps_ril_request_setid_cb()
D/libgps  (  448): proxy_agps_ril_set_set_id()
I/ActivityManager(  448): Start proc com.google.android.apps.plus for broadcast com.google.android.apps.plus/.service.ConnectivityReceiver: pid=2283 uid=10044 gids={50044, 3003, 3002, 1015, 1006, 1028}
D/dalvikvm( 2283): GC_CONCURRENT freed 383K, 7% free 7368K/7896K, paused 3ms+18ms, total 45ms
D/dalvikvm( 2283): GC_CONCURRENT freed 408K, 7% free 7440K/7996K, paused 3ms+3ms, total 21ms
D/gp.PicasaPhotoCP( 2283): set fsid first time:-1
D/dalvikvm( 2283): Trying to load lib /data/app-lib/com.google.android.apps.plus-2/libwebp_android.so 0x427ba590
D/dalvikvm( 2283): Added shared lib /data/app-lib/com.google.android.apps.plus-2/libwebp_android.so 0x427ba590
D/dalvikvm( 2283): No JNI_OnLoad found in /data/app-lib/com.google.android.apps.plus-2/libwebp_android.so 0x427ba590, skipping init
D/dalvikvm( 2283): Trying to load lib /data/app-lib/com.google.android.apps.plus-2/libplus_jni_v8.so 0x427ba590
I/ActivityManager(  448): Start proc android.process.acore for content provider com.android.providers.contacts/.ContactsProvider2: pid=2302 uid=10000 gids={50000, 3003, 1015, 1028}
D/dalvikvm( 2283): Added shared lib /data/app-lib/com.google.android.apps.plus-2/libplus_jni_v8.so 0x427ba590
D/dalvikvm( 2283): No JNI_OnLoad found in /data/app-lib/com.google.android.apps.plus-2/libplus_jni_v8.so 0x427ba590, skipping init
I/NativeLibrarySupport( 2283): Native WEBP decoder, version=0.3.1
I/NativeLibrarySupport( 2283): Native networking disabled
D/dalvikvm(  448): GC_EXPLICIT freed 2446K, 19% free 21985K/27092K, paused 5ms+11ms, total 109ms
I/ActivityManager(  448): No longer want com.pikpok.rua2 (pid 1247): empty #17
D/dalvikvm( 2283): GC_FOR_ALLOC freed 112K, 6% free 7597K/8068K, paused 21ms, total 22ms
I/dalvikvm-heap( 2283): Grow heap (frag case) to 7.780MB for 232340-byte allocation
I/ActivityManager(  448): No longer want com.mobage.ww.a692.Bahamut_Android (pid 1261): empty #17
D/GCM     (26785): GcmService start Intent { act=android.net.conn.CONNECTIVITY_CHANGE flg=0x8000010 cmp=com.google.android.gms/.gcm.GcmService (has extras) } android.net.conn.CONNECTIVITY_CHANGE
D/dalvikvm( 2283): GC_FOR_ALLOC freed 4K, 6% free 7819K/8296K, paused 33ms, total 33ms
D/dalvikvm( 2283): GC_FOR_ALLOC freed 0K, 6% free 7819K/8296K, paused 24ms, total 24ms
I/dalvikvm-heap( 2283): Grow heap (frag case) to 8.838MB for 1114920-byte allocation
D/dalvikvm( 2283): GC_FOR_ALLOC freed 0K, 6% free 8908K/9388K, paused 24ms, total 24ms
I/ActivityManager(  448): Start proc com.pikpok.rua2 for broadcast com.pikpok.rua2/com.pikpok.MabNetworkStateReceiver: pid=2321 uid=10097 gids={50097, 1015, 3003, 1028}
D/dalvikvm( 2283): GC_CONCURRENT freed <1K, 6% free 8907K/9388K, paused 3ms+2ms, total 22ms
D/dalvikvm( 2283): WAIT_FOR_CONCURRENT_GC blocked 19ms
I/dalvikvm-heap( 2283): Grow heap (frag case) to 10.633MB for 1883072-byte allocation
D/dalvikvm( 2283): GC_FOR_ALLOC freed <1K, 5% free 10746K/11228K, paused 18ms, total 18ms
W/PodcastAddictService(28173): shutDownService()
W/PodcastAddictService(28173): onDestroy()
D/dalvikvm( 2283): GC_CONCURRENT freed <1K, 5% free 11427K/11912K, paused 3ms+2ms, total 21ms
D/dalvikvm( 2283): WAIT_FOR_CONCURRENT_GC blocked 15ms
D/dalvikvm( 2283): GC_FOR_ALLOC freed <1K, 4% free 12335K/12824K, paused 20ms, total 20ms
D/dalvikvm( 2302): GC_CONCURRENT freed 163K, 4% free 7514K/7824K, paused 3ms+2ms, total 31ms
I/ActivityManager(  448): No longer want com.gameloft.android.ANMP.GloftDMHM (pid 1275): empty #17
I/ActivityManager(  448): Start proc com.mobage.ww.a692.Bahamut_Android for broadcast com.mobage.ww.a692.Bahamut_Android/com.ngmoco.gamejs.SystemEventReceiver: pid=2342 uid=10091 gids={50091, 3003, 1015, 1028}
I/ActivityManager(  448): Start proc com.gameloft.android.ANMP.GloftDMHM for broadcast com.gameloft.android.ANMP.GloftDMHM/.GLUtils.NetworkStateReceiver: pid=2355 uid=10104 gids={50104, 1028, 1015, 3003}
I/ActivityManager(  448): No longer want com.google.android.partnersetup (pid 30939): empty #17
D/GCM     (26785): GcmService start Intent { act=android.net.conn.CONNECTIVITY_CHANGE flg=0x8000010 cmp=com.google.android.gms/.gcm.GcmService (has extras) } android.net.conn.CONNECTIVITY_CHANGE
W/PodcastAddictService(28173): shutDownService()
W/PodcastAddictService(28173): onDestroy()
D/dalvikvm(30743): GC_CONCURRENT freed 357K, 7% free 7773K/8316K, paused 3ms+4ms, total 25ms
I/ActivityManager(  448): No longer want com.google.android.calendar (pid 1456): empty #17
D/dalvikvm( 2302): GC_CONCURRENT freed 124K, 4% free 7777K/8048K, paused 3ms+3ms, total 22ms
D/ConnectivityService(  448): handleInetConditionHoldEnd: net=1, condition=100, published condition=0
I/GCoreUlr(26885): Successfully inserted location
I/GCoreUlr(26885): Not calling LocationReportingService, hasMoved: false, elapsed millis: 843939, request: Tablet
I/GCoreUlr(26885): Successfully inserted location
I/GCoreUlr(26885): Not calling LocationReportingService, hasMoved: false, elapsed millis: 903851, request: Tablet
D/dalvikvm(26885): GC_CONCURRENT freed 881K, 10% free 10049K/11084K, paused 16ms+10ms, total 101ms
D/dalvikvm(26885): WAIT_FOR_CONCURRENT_GC blocked 8ms
I/Email   (30835): ReconcilePopImapAccountsSync: start
I/Email   (30835): ReconcilePopImapAccountsSync: done
D/dalvikvm(30835): GC_CONCURRENT freed 453K, 19% free 8848K/10800K, paused 23ms+3ms, total 79ms
D/Email   (30835): *** synchronizeMailboxGeneric ***
D/dalvikvm(  448): GC_EXPLICIT freed 886K, 19% free 21978K/27092K, paused 9ms+8ms, total 151ms
I/GCoreUlr(26885): Successfully inserted location
I/GCoreUlr(26885): Not calling LocationReportingService, hasMoved: false, elapsed millis: 963969, request: Tablet
I/ActivityManager(  448): No longer want com.android.providers.calendar (pid 1439): empty #17
D/dalvikvm(26885): GC_CONCURRENT freed 944K, 10% free 10025K/11120K, paused 14ms+49ms, total 108ms
D/dalvikvm(26885): WAIT_FOR_CONCURRENT_GC blocked 73ms
D/dalvikvm(26885): WAIT_FOR_CONCURRENT_GC blocked 73ms
D/dalvikvm(26885): WAIT_FOR_CONCURRENT_GC blocked 72ms
I/ActivityManager(  448): No longer want com.alarmclock.xtreme.free (pid 1485): empty for 1800s
W/ActivityManager(  448): Scheduling restart of crashed service com.alarmclock.xtreme.free/com.avg.toolkit.TKService in 5000ms
I/GCoreUlr(26885): Successfully inserted location
I/GCoreUlr(26885): Not calling LocationReportingService, hasMoved: false, elapsed millis: 1023970, request: Tablet
I/ActivityManager(  448): Start proc com.alarmclock.xtreme.free for service com.alarmclock.xtreme.free/com.avg.toolkit.TKService: pid=2413 uid=10076 gids={50076, 1015, 3002, 3003, 1028}
D/dalvikvm( 2413): GC_CONCURRENT freed 292K, 6% free 7499K/7936K, paused 3ms+6ms, total 34ms
D/dalvikvm( 2413): WAIT_FOR_CONCURRENT_GC blocked 2ms
W/GAV2    ( 2413): Thread[ITKSvc,5,main]: Need to call initialize() and be in fallback mode to start dispatch.
W/GAV2    ( 2413): Thread[ITKSvc,5,main]: Need to call initialize() and be in fallback mode to start dispatch.
D/dalvikvm( 2413): GC_CONCURRENT freed 309K, 6% free 7599K/8056K, paused 4ms+2ms, total 29ms
W/ActivityManager(  448): Unable to start service Intent { act=com.google.android.gms.analytics.service.START (has extras) } U=0: not found
W/GAV2    ( 2413): Thread[GAThread,5,main]: Service unavailable (code=1), will retry.
I/GAV2    ( 2413): Thread[GAThread,5,main]: No campaign data found.
W/GAV2    ( 2413): Thread[Service Reconnect,5,main]: Service unavailable (code=1), using local store.
W/ActivityManager(  448): Unable to start service Intent { act=com.google.android.gms.analytics.service.START (has extras) } U=0: not found
W/ThrottleService(  448): unable to find stats for iface rmnet0
I/GCoreUlr(26885): Successfully inserted location
I/GCoreUlr(26885): Not calling LocationReportingService, hasMoved: false, elapsed millis: 1083879, request: Tablet
I/WSJ_ServicE(14086): WSJData_BootReceiver No Action
I/WSJ_ServicE(14111): onStartCommand(restart) start id 945: Intent { act=wsj.reader_t3_data_service.DataService } Count:956
I/WSJ_ServicE(14111): ==>> run_DP called
I/WSJ_ServicE(14111): verifyProcessStarted : bStarted =false
I/WSJ_ServicE(14111): verifyProcessStarted : setting bStarted to true 
I/WSJ_ServicE(14111): ==>> ProcessStartup called from run_DP
D/WSJ_ServicE(14111): queryRESTurl:http://mitp.wsj.com/gc/packager/us/contents/ITP20130921_303ee82d4e/stamp.1379740187818
I/WSJ_ServicE(14111): ====  Retraction reply:
I/WSJ_ServicE(14111): ==> Download Now options is set as every 30 minutes.
I/WSJ_ServicE(14111): ProcessStartup-Start
E/WSJ_SqlDBAd(14111): ===> upd_ART run ok.
E/WSJ_SqlDBAd(14111): ===> upd_noCIOCFO run ok.
E/WSJ_SqlDBAd(14111): ===> upd_noRandC run ok.
E/WSJ_SqlDBAd(14111): ===> upd_FEEDS run ok.
I/WSJ_ServicE(14111): NumberOfIssues:9
I/WSJ_ServicE(14111): ====>>> calling getIssueStatus 1379815536916 (240) with 9 for  USA
I/WSJ_SqlDBAd(14111): ==>> getIssueStatus called with 9 days
I/WSJ_SqlDBAd(14111): ====>>> records: 13
I/WSJ_ServicE(14111): ==>>Dnld sched rec:0 Dt:2099-12-30 Rdy:1 B: A: R: #Files:105 TS:date:20130921 revision:105 
I/WSJ_ServicE(14111): ==>>Dnld sched rec:1 Dt:2013-09-21 Rdy:1 B: A: R: #Files:33 TS:stamp.1379740187818 
I/WSJ_ServicE(14111): sendRemoteMessage: verifyTodaySlot 20130921 14
I/WSJ_Start__(14086): receivingRemoteMessage 14 20130921 14
I/WSJ_ServicE(14111): ==>>Dnld sched rec:2 Dt:2013-09-20 Rdy:1 B: A: R: #Files:33 TS:stamp.1379652819860 
I/WSJ_ServicE(14111): ==>>Dnld sched rec:3 Dt:2013-09-19 Rdy:1 B: A: R: #Files:33 TS:stamp.1379602440942 
I/WSJ_ServicE(14111): ==>>Dnld sched rec:4 Dt:2013-09-18 Rdy:1 B: A: R: #Files:29 TS:stamp.1379477631375 
I/WSJ_ServicE(14111): ==>>Dnld sched rec:5 Dt:2013-09-17 Rdy:1 B: A: R: #Files:29 TS: 
I/WSJ_ServicE(14111): ==>>Dnld sched rec:6 Dt:2013-09-16 Rdy:1 B: A: R: #Files:33 TS: 
I/WSJ_ServicE(14111): ==>>Dnld sched rec:7 Dt:2013-09-14 Rdy:1 B: A: R: #Files:33 TS: 
I/WSJ_ServicE(14111): ==>>Dnld sched rec:8 Dt:2013-09-13 Rdy:1 B: A: R: #Files:33 TS: 
I/WSJ_ServicE(14111): sToDo:2099-12-30/U/105//
I/WSJ_Start__(14086): receivingRemoteMessage 4 0 100
I/WSJ_ServicE(14111): **SHP:wsj_lastinitfilterNow Incr Synched
I/WSJ_ServicE(14111): Edition:  USA- (T3) (105=>105)
I/WSJ_ServicE(14111): ToDo: (30)	
I/WSJ_ServicE(14111): sendRemoteMessage: Edition:  USA- (T3) (105=>105)
I/WSJ_ServicE(14111): ToDo: (30)	
I/WSJ_ServicE(14111):  0 17
I/WSJ_Start__(14086): receivingRemoteMessage 17 0 0
I/WSJ_ServicE(14111): ProcessStartup - begSendToDo:
I/WSJ_ServicE(14111): ---- ProcessToDoList: start  with bStarted = true
I/WSJ_ServicE(14111): ---- ProcessToDoList: setting bStarted to false
I/WSJ_ServicE(14111): ProcessStartup-End
I/WSJ_ServicE(14111): ended ProcessStartup
I/WSJ_ServicE(14111): reauth bypassed. Anonymous user
I/WSJ_ServicE(14111): Handler received msg 102
D/dalvikvm(26885): GC_CONCURRENT freed 842K, 10% free 10037K/11120K, paused 29ms+4ms, total 70ms
I/GCoreUlr(26885): Successfully inserted location
I/GCoreUlr(26885): Not calling LocationReportingService, hasMoved: false, elapsed millis: 1143899, request: Tablet
I/GCoreUlr(26885): Successfully inserted location
D/dalvikvm(26885): GC_CONCURRENT freed 857K, 10% free 10028K/11120K, paused 3ms+4ms, total 52ms
I/GCoreUlr(26885): Not calling LocationReportingService, hasMoved: false, elapsed millis: 1203952, request: Tablet
D/dalvikvm(32394): GC_CONCURRENT freed 241K, 14% free 10999K/12680K, paused 2ms+10ms, total 36ms
D/PangolinPrecision(32394): position: 9 Grid item: VIBRAM FIVEFINGERS Men's TrekSport Sandals, Grey
D/PangolinPrecision(32394): position: 10 Grid item: MERRELL Men's Bare Access 2 Barefoot Running Shoes, Apollo
D/PangolinPrecision(32394): position: 11 Grid item: MERRELL Men's Bare Access 2 Barefoot Running Shoes, Sulphur
I/GCoreUlr(26885): Successfully inserted location
I/GCoreUlr(26885): Not calling LocationReportingService, hasMoved: false, elapsed millis: 1263948, request: Tablet
D/dalvikvm(26885): GC_CONCURRENT freed 914K, 10% free 10033K/11120K, paused 3ms+4ms, total 35ms
D/dalvikvm(26885): WAIT_FOR_CONCURRENT_GC blocked 23ms
I/GCoreUlr(26885): Successfully inserted location
I/GCoreUlr(26885): Not calling LocationReportingService, hasMoved: false, elapsed millis: 1323953, request: Tablet
I/ActivityManager(  448): Start proc com.android.providers.calendar for content provider com.android.providers.calendar/.CalendarProvider2: pid=2496 uid=10007 gids={50007, 3003, 1015, 1028}
D/dalvikvm(  126): GC_EXPLICIT freed 39K, 3% free 7279K/7464K, paused 4ms+2ms, total 50ms
D/dalvikvm(  126): GC_EXPLICIT freed <1K, 3% free 7279K/7464K, paused 1ms+5ms, total 25ms
D/dalvikvm(  126): GC_EXPLICIT freed <1K, 3% free 7279K/7464K, paused 1ms+2ms, total 28ms
D/dalvikvm(  448): GC_EXPLICIT freed 1629K, 19% free 22000K/27092K, paused 18ms+9ms, total 130ms
I/CalendarProvider2( 2496): Sending notification intent: Intent { act=android.intent.action.PROVIDER_CHANGED dat=content://com.android.calendar }
W/ContentResolver( 2496): Failed to get type for: content://com.android.calendar (Unknown URL content://com.android.calendar)
I/ActivityManager(  448): Start proc com.google.android.calendar for broadcast com.google.android.calendar/com.android.calendar.alerts.AlertReceiver: pid=2515 uid=10006 gids={50006, 3003, 1028}
I/ActivityManager(  448): No longer want org.mozilla.firefox (pid 1973): empty #17
D/AlertReceiver( 2515): onReceive: a=android.intent.action.PROVIDER_CHANGED Intent { act=android.intent.action.PROVIDER_CHANGED dat=content://com.android.calendar flg=0x10 cmp=com.google.android.calendar/com.android.calendar.alerts.AlertReceiver }
D/AlertService( 2515): 0 Action = android.intent.action.PROVIDER_CHANGED
D/AlertService( 2515): Beginning updateAlertNotification
D/AlertService( 2515): No fired or scheduled alerts
D/AlertService( 2515): Scheduling next alarm with AlarmScheduler. sEventReminderReceived: null
D/AlarmScheduler( 2515): Query result count for events starting within 1 week: 3
I/ActivityManager(  448): No longer want com.google.android.gsf.login (pid 32621): empty #17
D/GCM     (26785): Message class epz
D/ConnectivityService(  448): handleInetConditionHoldEnd: net=1, condition=100, published condition=100
I/ActivityManager(  448): Start proc com.google.android.talk for broadcast com.google.android.talk/com.google.android.apps.babel.realtimechat.RealTimeChatService$AlarmReceiver: pid=2562 uid=10051 gids={50051, 3003, 1015, 1006, 3002, 1028}
W/Settings(32721): Setting wifi_sleep_policy has moved from android.provider.Settings.System to android.provider.Settings.Global, returning read-only value.
D/dalvikvm( 2562): GC_CONCURRENT freed 234K, 5% free 7436K/7824K, paused 4ms+1ms, total 26ms
D/dalvikvm(26785): GC_EXPLICIT freed 200K, 7% free 8376K/9000K, paused 2ms+5ms, total 155ms
W/Settings( 2562): Setting airplane_mode_on has moved from android.provider.Settings.System to android.provider.Settings.Global, returning read-only value.
D/dalvikvm( 2562): GC_CONCURRENT freed 399K, 7% free 7470K/8016K, paused 3ms+4ms, total 33ms
D/dalvikvm(32721): GC_FOR_ALLOC freed 1485K, 15% free 12503K/14596K, paused 72ms, total 72ms
I/GCoreUlr(26885): Successfully inserted location
I/GCoreUlr(26885): Not calling LocationReportingService, hasMoved: false, elapsed millis: 1383968, request: Tablet
I/WSJ_ServicE(14086): WSJData_BootReceiver No Action
I/WSJ_ServicE(14111): onStartCommand(restart) start id 946: Intent { act=wsj.reader_t3_data_service.DataService } Count:957
I/WSJ_ServicE(14111): ==>> run_DP called
I/WSJ_ServicE(14111): verifyProcessStarted : bStarted =false
I/WSJ_ServicE(14111): verifyProcessStarted : setting bStarted to true 
I/WSJ_ServicE(14111): ==>> ProcessStartup called from run_DP
D/WSJ_ServicE(14111): queryRESTurl:http://mitp.wsj.com/gc/packager/us/contents/ITP20130921_303ee82d4e/stamp.1379740187818
D/dalvikvm(14111): GC_CONCURRENT freed 10124K, 36% free 10445K/16308K, paused 11ms+18ms, total 103ms
I/WSJ_ServicE(14111): ====  Retraction reply:
I/WSJ_ServicE(14111): ==> Download Now options is set as every 30 minutes.
I/WSJ_ServicE(14111): ProcessStartup-Start
E/WSJ_SqlDBAd(14111): ===> upd_ART run ok.
E/WSJ_SqlDBAd(14111): ===> upd_noCIOCFO run ok.
E/WSJ_SqlDBAd(14111): ===> upd_noRandC run ok.
E/WSJ_SqlDBAd(14111): ===> upd_FEEDS run ok.
I/WSJ_ServicE(14111): NumberOfIssues:9
I/WSJ_ServicE(14111): ====>>> calling getIssueStatus 1379815836960 (240) with 9 for  USA
I/WSJ_SqlDBAd(14111): ==>> getIssueStatus called with 9 days
I/WSJ_SqlDBAd(14111): ====>>> records: 13
I/WSJ_ServicE(14111): ==>>Dnld sched rec:0 Dt:2099-12-30 Rdy:1 B: A: R: #Files:105 TS:date:20130921 revision:105 
I/WSJ_ServicE(14111): ==>>Dnld sched rec:1 Dt:2013-09-21 Rdy:1 B: A: R: #Files:33 TS:stamp.1379740187818 
I/WSJ_ServicE(14111): sendRemoteMessage: verifyTodaySlot 20130921 14
I/WSJ_Start__(14086): receivingRemoteMessage 14 20130921 14
I/WSJ_ServicE(14111): ==>>Dnld sched rec:2 Dt:2013-09-20 Rdy:1 B: A: R: #Files:33 TS:stamp.1379652819860 
I/WSJ_ServicE(14111): ==>>Dnld sched rec:3 Dt:2013-09-19 Rdy:1 B: A: R: #Files:33 TS:stamp.1379602440942 
I/WSJ_ServicE(14111): ==>>Dnld sched rec:4 Dt:2013-09-18 Rdy:1 B: A: R: #Files:29 TS:stamp.1379477631375 
I/WSJ_ServicE(14111): ==>>Dnld sched rec:5 Dt:2013-09-17 Rdy:1 B: A: R: #Files:29 TS: 
I/WSJ_ServicE(14111): ==>>Dnld sched rec:6 Dt:2013-09-16 Rdy:1 B: A: R: #Files:33 TS: 
I/WSJ_ServicE(14111): ==>>Dnld sched rec:7 Dt:2013-09-14 Rdy:1 B: A: R: #Files:33 TS: 
I/WSJ_ServicE(14111): ==>>Dnld sched rec:8 Dt:2013-09-13 Rdy:1 B: A: R: #Files:33 TS: 
I/WSJ_ServicE(14111): sToDo:2099-12-30/U/105//
I/WSJ_Start__(14086): receivingRemoteMessage 4 0 100
I/WSJ_ServicE(14111): **SHP:wsj_lastinitfilterNow Incr Synched
I/WSJ_ServicE(14111): Edition:  USA- (T3) (105=>105)
I/WSJ_ServicE(14111): ToDo: (30)	
I/WSJ_ServicE(14111): sendRemoteMessage: Edition:  USA- (T3) (105=>105)
I/WSJ_ServicE(14111): ToDo: (30)	
I/WSJ_ServicE(14111):  0 17
I/WSJ_Start__(14086): receivingRemoteMessage 17 0 0
I/WSJ_ServicE(14111): ProcessStartup - begSendToDo:
I/WSJ_ServicE(14111): ---- ProcessToDoList: start  with bStarted = true
I/WSJ_ServicE(14111): ---- ProcessToDoList: setting bStarted to false
I/WSJ_ServicE(14111): ProcessStartup-End
I/WSJ_ServicE(14111): ended ProcessStartup
I/WSJ_ServicE(14111): reauth bypassed. Anonymous user
I/WSJ_ServicE(14111): Handler received msg 102
I/ActivityManager(  448): No longer want com.google.android.apps.currents (pid 2150): empty #17
D/dalvikvm(26885): GC_CONCURRENT freed 912K, 10% free 10041K/11120K, paused 14ms+3ms, total 76ms
D/dalvikvm(26885): WAIT_FOR_CONCURRENT_GC blocked 25ms
I/GCoreUlr(26885): Successfully inserted location
I/GCoreUlr(26885): Not calling LocationReportingService, hasMoved: false, elapsed millis: 1444029, request: Tablet
I/EventLogService(26785): Aggregate from 1379814107602 (log), 1379814107602 (data)
I/ServiceDumpSys(26785): dumping service [account]
I/GCoreUlr(26885): Successfully inserted location
I/GCoreUlr(26885): Not calling LocationReportingService, hasMoved: false, elapsed millis: 1504020, request: Tablet
D/dalvikvm(26885): GC_CONCURRENT freed 823K, 10% free 10018K/11120K, paused 3ms+3ms, total 36ms
D/dalvikvm(26885): WAIT_FOR_CONCURRENT_GC blocked 30ms
D/dalvikvm(  448): GC_EXPLICIT freed 1290K, 19% free 21994K/27092K, paused 4ms+9ms, total 94ms
I/GCoreUlr(26885): Successfully inserted location
I/GCoreUlr(26885): Not calling LocationReportingService, hasMoved: false, elapsed millis: 1564128, request: Tablet
D/dalvikvm(26885): GC_CONCURRENT freed 870K, 10% free 10040K/11120K, paused 4ms+4ms, total 73ms
I/GCoreUlr(26885): Successfully inserted location
I/GCoreUlr(26885): Not calling LocationReportingService, hasMoved: false, elapsed millis: 1624098, request: Tablet
D/dalvikvm( 1411): GC_CONCURRENT freed 468K, 8% free 7823K/8436K, paused 3ms+2ms, total 22ms
W/ThrottleService(  448): unable to find stats for iface rmnet0
D/dalvikvm(26785): GC_EXPLICIT freed 185K, 7% free 8371K/9000K, paused 3ms+3ms, total 29ms
I/GCoreUlr(26885): Successfully inserted location
I/GCoreUlr(26885): Not calling LocationReportingService, hasMoved: false, elapsed millis: 1684028, request: Tablet
I/WSJ_ServicE(14086): WSJData_BootReceiver No Action
I/WSJ_ServicE(14111): onStartCommand(restart) start id 947: Intent { act=wsj.reader_t3_data_service.DataService } Count:958
I/WSJ_ServicE(14111): ==>> run_DP called
I/WSJ_ServicE(14111): verifyProcessStarted : bStarted =false
I/WSJ_ServicE(14111): verifyProcessStarted : setting bStarted to true 
I/WSJ_ServicE(14111): ==>> ProcessStartup called from run_DP
D/WSJ_ServicE(14111): queryRESTurl:http://mitp.wsj.com/gc/packager/us/contents/ITP20130921_303ee82d4e/stamp.1379740187818
I/WSJ_ServicE(14111): ====  Retraction reply:
I/WSJ_ServicE(14111): ==> Download Now options is set as every 30 minutes.
I/WSJ_ServicE(14111): ProcessStartup-Start
E/WSJ_SqlDBAd(14111): ===> upd_ART run ok.
E/WSJ_SqlDBAd(14111): ===> upd_noCIOCFO run ok.
E/WSJ_SqlDBAd(14111): ===> upd_noRandC run ok.
E/WSJ_SqlDBAd(14111): ===> upd_FEEDS run ok.
I/WSJ_ServicE(14111): NumberOfIssues:9
I/WSJ_ServicE(14111): ====>>> calling getIssueStatus 1379816136879 (240) with 9 for  USA
I/WSJ_SqlDBAd(14111): ==>> getIssueStatus called with 9 days
I/WSJ_SqlDBAd(14111): ====>>> records: 13
I/WSJ_ServicE(14111): ==>>Dnld sched rec:0 Dt:2099-12-30 Rdy:1 B: A: R: #Files:105 TS:date:20130921 revision:105 
I/WSJ_ServicE(14111): ==>>Dnld sched rec:1 Dt:2013-09-21 Rdy:1 B: A: R: #Files:33 TS:stamp.1379740187818 
I/WSJ_ServicE(14111): sendRemoteMessage: verifyTodaySlot 20130921 14
I/WSJ_Start__(14086): receivingRemoteMessage 14 20130921 14
I/WSJ_ServicE(14111): ==>>Dnld sched rec:2 Dt:2013-09-20 Rdy:1 B: A: R: #Files:33 TS:stamp.1379652819860 
I/WSJ_ServicE(14111): ==>>Dnld sched rec:3 Dt:2013-09-19 Rdy:1 B: A: R: #Files:33 TS:stamp.1379602440942 
I/WSJ_ServicE(14111): ==>>Dnld sched rec:4 Dt:2013-09-18 Rdy:1 B: A: R: #Files:29 TS:stamp.1379477631375 
I/WSJ_ServicE(14111): ==>>Dnld sched rec:5 Dt:2013-09-17 Rdy:1 B: A: R: #Files:29 TS: 
I/WSJ_ServicE(14111): ==>>Dnld sched rec:6 Dt:2013-09-16 Rdy:1 B: A: R: #Files:33 TS: 
I/WSJ_ServicE(14111): ==>>Dnld sched rec:7 Dt:2013-09-14 Rdy:1 B: A: R: #Files:33 TS: 
I/WSJ_ServicE(14111): ==>>Dnld sched rec:8 Dt:2013-09-13 Rdy:1 B: A: R: #Files:33 TS: 
I/WSJ_ServicE(14111): sToDo:2099-12-30/U/105//
I/WSJ_Start__(14086): receivingRemoteMessage 4 0 100
I/WSJ_ServicE(14111): **SHP:wsj_lastinitfilterNow Incr Synched
I/WSJ_ServicE(14111): Edition:  USA- (T3) (105=>105)
I/WSJ_ServicE(14111): ToDo: (30)	
I/WSJ_ServicE(14111): sendRemoteMessage: Edition:  USA- (T3) (105=>105)
I/WSJ_ServicE(14111): ToDo: (30)	
I/WSJ_ServicE(14111):  0 17
I/WSJ_Start__(14086): receivingRemoteMessage 17 0 0
I/WSJ_ServicE(14111): ProcessStartup - begSendToDo:
I/WSJ_ServicE(14111): ---- ProcessToDoList: start  with bStarted = true
I/WSJ_ServicE(14111): ---- ProcessToDoList: setting bStarted to false
I/WSJ_ServicE(14111): ProcessStartup-End
I/WSJ_ServicE(14111): ended ProcessStartup
I/WSJ_ServicE(14111): reauth bypassed. Anonymous user
I/WSJ_ServicE(14111): Handler received msg 102
I/WSJ_ServicE(14111): Waiting for 7:AM or 4:00PM. It's now 09-21//2215
I/WSJ_ServicE(14111): Waiting for 4:00PM. It's now 2215
E/WSJ_ServicE(14111): download quotes
D/dalvikvm(14111): GC_CONCURRENT freed 1214K, 38% free 10264K/16308K, paused 6ms+6ms, total 58ms
D/dalvikvm(14111): WAIT_FOR_CONCURRENT_GC blocked 45ms
I/WSJ_ServicE(14111): Watchlist update: 19923 bytes read
E/WSJ_ServicE(14111): data length:19923
E/WSJ_ServicE(14111): data is null
E/WSJ_MarketData(14111): ===>>>> updateQuotesStatus started....
I/SQLDbAdapter(14111): UpdateQuotesStatus beginTransaction(0) threadId: 3654
I/SQLDbAdapter(14111): beginTransaction took 0 msecs and 0 retries
E/WSJ_MarketData(14111): ===>>>> updateQuotesStatus begTran....
I/WSJ_MarketData(14111): UpdateQuotesStatus - setTransactionSuccessful
I/SQLDbAdapter(14111): endTransaction took 32 msecs
I/SQLDbAdapter(14111): UpdateQuotesStatus endTransaction(0) threadId: 3654
I/WSJ_ServicE(14111): Handler received msg 105
D/dalvikvm(26885): GC_CONCURRENT freed 939K, 10% free 10024K/11120K, paused 16ms+4ms, total 51ms
D/dalvikvm(26885): WAIT_FOR_CONCURRENT_GC blocked 25ms
I/GCoreUlr(26885): Successfully inserted location
I/GCoreUlr(26885): Not calling LocationReportingService, hasMoved: false, elapsed millis: 1744108, request: Tablet
I/GCoreUlr(26885): Successfully inserted location
I/GCoreUlr(26885): Not calling LocationReportingService, hasMoved: false, elapsed millis: 1804957, request: Tablet
I/Email   (30835): ReconcilePopImapAccountsSync: start
I/Email   (30835): ReconcilePopImapAccountsSync: done
D/Email   (30835): *** synchronizeMailboxGeneric ***
D/dalvikvm(30835): GC_CONCURRENT freed 374K, 18% free 8879K/10800K, paused 3ms+3ms, total 32ms
D/dalvikvm(  448): GC_EXPLICIT freed 1153K, 19% free 21969K/27092K, paused 8ms+9ms, total 127ms
D/dalvikvm(26885): GC_CONCURRENT freed 845K, 10% free 10027K/11120K, paused 3ms+4ms, total 47ms
I/GCoreUlr(26885): Successfully inserted location
I/GCoreUlr(26885): Not calling LocationReportingService, hasMoved: false, elapsed millis: 1864118, request: Tablet
D/dalvikvm(  578): GC_CONCURRENT freed 980K, 25% free 10528K/13876K, paused 11ms+4ms, total 105ms
D/dalvikvm(26885): GC_CONCURRENT freed 847K, 10% free 10018K/11120K, paused 1ms+3ms, total 45ms
I/GCoreUlr(26885): Successfully inserted location
I/GCoreUlr(26885): Not calling LocationReportingService, hasMoved: false, elapsed millis: 1924215, request: Tablet
D/dalvikvm(12225): GC_CONCURRENT freed 1296K, 12% free 11544K/12988K, paused 10ms+5ms, total 59ms
I/GCoreUlr(26885): Successfully inserted location
I/GCoreUlr(26885): Not calling LocationReportingService, hasMoved: false, elapsed millis: 1984149, request: Tablet
I/WSJ_ServicE(14086): WSJData_BootReceiver No Action
I/WSJ_ServicE(14111): onStartCommand(restart) start id 948: Intent { act=wsj.reader_t3_data_service.DataService } Count:959
I/WSJ_ServicE(14111): ...cleaning log files
I/WSJ_ServicE(14111): ==>> run_DP called
I/WSJ_ServicE(14111): verifyProcessStarted : bStarted =false
I/WSJ_ServicE(14111): verifyProcessStarted : setting bStarted to true 
I/WSJ_ServicE(14111): ==>> ProcessStartup called from run_DP
D/WSJ_ServicE(14111): queryRESTurl:http://mitp.wsj.com/gc/packager/us/contents/ITP20130921_303ee82d4e/stamp.1379740187818
I/WSJ_ServicE(14111): ====  Retraction reply:
D/dalvikvm(14111): GC_CONCURRENT freed 779K, 37% free 10363K/16308K, paused 9ms+14ms, total 114ms
I/WSJ_ServicE(14111): ==> Download Now options is set as every 30 minutes.
I/WSJ_ServicE(14111): ProcessStartup-Start
E/WSJ_SqlDBAd(14111): ===> upd_ART run ok.
E/WSJ_SqlDBAd(14111): ===> upd_noCIOCFO run ok.
E/WSJ_SqlDBAd(14111): ===> upd_noRandC run ok.
E/WSJ_SqlDBAd(14111): ===> upd_FEEDS run ok.
I/WSJ_ServicE(14111): NumberOfIssues:9
I/WSJ_ServicE(14111): ====>>> calling getIssueStatus 1379816436988 (240) with 9 for  USA
I/WSJ_SqlDBAd(14111): ==>> getIssueStatus called with 9 days
I/WSJ_SqlDBAd(14111): ====>>> records: 13
I/WSJ_ServicE(14111): ==>>Dnld sched rec:0 Dt:2099-12-30 Rdy:1 B: A: R: #Files:105 TS:date:20130921 revision:105 
I/WSJ_ServicE(14111): ==>>Dnld sched rec:1 Dt:2013-09-21 Rdy:1 B: A: R: #Files:33 TS:stamp.1379740187818 
I/WSJ_ServicE(14111): sendRemoteMessage: verifyTodaySlot 20130921 14
I/WSJ_Start__(14086): receivingRemoteMessage 14 20130921 14
I/WSJ_ServicE(14111): ==>>Dnld sched rec:2 Dt:2013-09-20 Rdy:1 B: A: R: #Files:33 TS:stamp.1379652819860 
I/WSJ_ServicE(14111): ==>>Dnld sched rec:3 Dt:2013-09-19 Rdy:1 B: A: R: #Files:33 TS:stamp.1379602440942 
I/WSJ_ServicE(14111): ==>>Dnld sched rec:4 Dt:2013-09-18 Rdy:1 B: A: R: #Files:29 TS:stamp.1379477631375 
I/WSJ_ServicE(14111): ==>>Dnld sched rec:5 Dt:2013-09-17 Rdy:1 B: A: R: #Files:29 TS: 
I/WSJ_ServicE(14111): ==>>Dnld sched rec:6 Dt:2013-09-16 Rdy:1 B: A: R: #Files:33 TS: 
I/WSJ_ServicE(14111): ==>>Dnld sched rec:7 Dt:2013-09-14 Rdy:1 B: A: R: #Files:33 TS: 
I/WSJ_ServicE(14111): ==>>Dnld sched rec:8 Dt:2013-09-13 Rdy:1 B: A: R: #Files:33 TS: 
I/WSJ_ServicE(14111): sToDo:2099-12-30/U/105//
I/WSJ_Start__(14086): receivingRemoteMessage 4 0 100
I/WSJ_ServicE(14111): **SHP:wsj_lastinitfilterNow Incr Synched
I/WSJ_ServicE(14111): Edition:  USA- (T3) (105=>105)
I/WSJ_ServicE(14111): ToDo: (30)	
I/WSJ_ServicE(14111): sendRemoteMessage: Edition:  USA- (T3) (105=>105)
I/WSJ_ServicE(14111): ToDo: (30)	
I/WSJ_ServicE(14111):  0 17
I/WSJ_ServicE(14111): ProcessStartup - begSendToDo:
I/WSJ_Start__(14086): receivingRemoteMessage 17 0 0
I/WSJ_ServicE(14111): ---- ProcessToDoList: start  with bStarted = true
I/WSJ_ServicE(14111): ---- ProcessToDoList: setting bStarted to false
I/WSJ_ServicE(14111): ProcessStartup-End
I/WSJ_ServicE(14111): ended ProcessStartup
I/WSJ_ServicE(14111): reauth bypassed. Anonymous user
I/WSJ_ServicE(14111): Handler received msg 102
D/dalvikvm(26885): GC_CONCURRENT freed 907K, 10% free 10027K/11120K, paused 18ms+3ms, total 58ms
D/dalvikvm(26885): WAIT_FOR_CONCURRENT_GC blocked 40ms
I/GCoreUlr(26885): Successfully inserted location
I/GCoreUlr(26885): Not calling LocationReportingService, hasMoved: false, elapsed millis: 2044238, request: Tablet
I/GCoreUlr(26885): Successfully inserted location
I/GCoreUlr(26885): Not calling LocationReportingService, hasMoved: false, elapsed millis: 2104258, request: Tablet
D/dalvikvm(26885): GC_CONCURRENT freed 921K, 10% free 10025K/11120K, paused 18ms+3ms, total 69ms
D/dalvikvm(26885): WAIT_FOR_CONCURRENT_GC blocked 33ms
D/dalvikvm(26885): WAIT_FOR_CONCURRENT_GC blocked 32ms
I/GCoreUlr(26885): Successfully inserted location
I/GCoreUlr(26885): Not calling LocationReportingService, hasMoved: false, elapsed millis: 2164308, request: Tablet
I/GCoreUlr(26885): Successfully inserted location
I/GCoreUlr(26885): Not calling LocationReportingService, hasMoved: false, elapsed millis: 2224300, request: Tablet
D/dalvikvm(26885): GC_CONCURRENT freed 806K, 10% free 10067K/11120K, paused 8ms+5ms, total 53ms
