--------- beginning of /dev/log/system
I/ActivityManager(  448): START u0 {act=android.intent.action.MAIN cat=[android.intent.category.LAUNCHER] flg=0x10200000 cmp=com.tstine.pangolinprecision/.MainCategoriesActivity bnds=[400,595][528,723]} from pid 777
--------- beginning of /dev/log/main
D/dalvikvm(32394): Late-enabling CheckJNI
I/ActivityManager(  448): Start proc com.tstine.pangolinprecision for activity com.tstine.pangolinprecision/.MainCategoriesActivity: pid=32394 uid=10117 gids={50117, 3003, 1015, 1028}
D/PangolinPrecision(32394): Type: WIFI
D/PangolinPrecision(32394): Subtype: 
D/PangolinPrecision(32394): Extra: "SantaFe"
D/dalvikvm(32394): GC_CONCURRENT freed 271K, 6% free 7418K/7836K, paused 3ms+3ms, total 30ms
D/PangolinPrecision(32394): text length: 1003
D/dalvikvm(32394): GC_FOR_ALLOC freed 52K, 6% free 7435K/7836K, paused 13ms, total 13ms
I/dalvikvm-heap(32394): Grow heap (frag case) to 8.400MB for 1048592-byte allocation
D/dalvikvm(32394): GC_FOR_ALLOC freed <1K, 5% free 8459K/8864K, paused 17ms, total 17ms
D/dalvikvm(32394): GC_CONCURRENT freed 56K, 5% free 8486K/8920K, paused 3ms+2ms, total 16ms
D/dalvikvm(32394): WAIT_FOR_CONCURRENT_GC blocked 8ms
I/dalvikvm-heap(32394): Grow heap (frag case) to 9.033MB for 635812-byte allocation
D/dalvikvm(32394): GC_FOR_ALLOC freed 27K, 5% free 9080K/9544K, paused 12ms, total 12ms
D/dalvikvm(32394): GC_CONCURRENT freed 12K, 5% free 9376K/9820K, paused 2ms+1ms, total 16ms
V/PhoneStatusBar(  578): setLightsOn(true)
I/ActivityManager(  448): Displayed com.tstine.pangolinprecision/.MainCategoriesActivity: +565ms (total +5s670ms)
D/dalvikvm(32394): GC_FOR_ALLOC freed 652K, 11% free 9068K/10108K, paused 13ms, total 14ms
D/dalvikvm(32394): GC_CONCURRENT freed 2K, 5% free 9633K/10108K, paused 3ms+1ms, total 17ms
D/dalvikvm(32394): WAIT_FOR_CONCURRENT_GC blocked 10ms
I/ActivityManager(  448): START u0 {dat=https://emsapi.bbhosted.com/categories/3712724 cmp=com.tstine.pangolinprecision/.SubcategoryActivity} from pid 32394
D/PangolinPrecision(32394): text length: 1614
D/PangolinPrecision(32394): Save on Your Favorite Brands 3712724&0 /categories/24527726
D/PangolinPrecision(32394): Women's Clearance 3712724&1 /categories/13145959/products
D/PangolinPrecision(32394): Gear Clearance 3712724&2 /categories/13133952/products
D/PangolinPrecision(32394): Men's Clearance 3712724&3 /categories/13145960/products
D/PangolinPrecision(32394): Kids' Clearance 3712724&4 /categories/4332214/products
D/PangolinPrecision(32394): Footwear Clearance 3712724&5 /categories/11232837/products
D/PangolinPrecision(32394): subcat size: 6
D/PangolinPrecision(32394): position: 0 Grid item: Save on Your Favorite Brands
V/PhoneStatusBar(  578): setLightsOn(true)
D/dalvikvm(32394): GC_CONCURRENT freed 1235K, 14% free 9118K/10504K, paused 11ms+2ms, total 31ms
D/PangolinPrecision(32394): position: 0 Grid item: Save on Your Favorite Brands
D/PangolinPrecision(32394): position: 0 Grid item: Save on Your Favorite Brands
D/PangolinPrecision(32394): position: 1 Grid item: Women's Clearance
D/PangolinPrecision(32394): position: 2 Grid item: Gear Clearance
D/PangolinPrecision(32394): position: 3 Grid item: Men's Clearance
D/dalvikvm(32394): GC_CONCURRENT freed 252K, 11% free 9370K/10504K, paused 3ms+3ms, total 30ms
D/PangolinPrecision(32394): position: 4 Grid item: Kids' Clearance
D/PangolinPrecision(32394): position: 5 Grid item: Footwear Clearance
I/Choreographer(32394): Skipped 39 frames!  The application may be doing too much work on its main thread.
D/PangolinPrecision(32394): position: 0 Grid item: Save on Your Favorite Brands
I/ActivityManager(  448): Displayed com.tstine.pangolinprecision/.SubcategoryActivity: +1s76ms
D/PangolinPrecision(32394): position: 0 Grid item: Save on Your Favorite Brands
D/PangolinPrecision(32394): position: 0 Grid item: Save on Your Favorite Brands
D/dalvikvm(32394): GC_CONCURRENT freed 442K, 9% free 9571K/10504K, paused 5ms+6ms, total 42ms
I/ActivityManager(  448): START u0 {dat=https://emsapi.bbhosted.com/categories/24527726 cmp=com.tstine.pangolinprecision/.ProductsActivity} from pid 32394
D/dalvikvm(  448): GC_FOR_ALLOC freed 1869K, 19% free 22070K/27092K, paused 84ms, total 84ms
D/PangolinPrecision(32394): text length: 1760
V/PhoneStatusBar(  578): setLightsOn(true)
I/ActivityManager(  448): Displayed com.tstine.pangolinprecision/.ProductsActivity: +257ms
V/PhoneStatusBar(  578): setLightsOn(true)
I/ActivityManager(  448): START u0 {dat=https://emsapi.bbhosted.com/categories/13145959/products cmp=com.tstine.pangolinprecision/.ProductsActivity} from pid 32394
D/dalvikvm(  448): GC_FOR_ALLOC freed 839K, 20% free 21873K/27092K, paused 75ms, total 75ms
D/dalvikvm(32394): GC_FOR_ALLOC freed 437K, 8% free 9660K/10500K, paused 25ms, total 25ms
D/PangolinPrecision(32394): text length: 30598
D/PangolinPrecision(32394): ProdInfo: title: KEEN Women's Owyhee Sandalsid: 13297652	retail price: 94.95	sale price: 49.98	value: 49.98	currency: USD	Promo: 	condition: Not Available	href: /products/13297652	thumb: http://ems.imageg.net/graphics/product_images/pEMS1-13572940t100.jpg	1x: http://ems.imageg.net/graphics/product_images/pEMS1-13572940venh.jpg	2d: null	alt: KEEN Women's Owyhee Sandals - Eastern Mountain Sports	
D/PangolinPrecision(32394): 
D/PangolinPrecision(32394): ProdInfo: title: EMS Women's Hyland Fleece Hoodieid: 12347334	retail price: 89.00	sale price: 62.98	value: 62.98	currency: USD	Promo: Clearance Special: EXTRA 40% OFF sale price of this item!  Discount in cart.	condition: Not Available	href: /products/12347334	thumb: http://ems.imageg.net/graphics/product_images/pEMS1-11726267t100.jpg	1x: http://ems.imageg.net/graphics/product_images/pEMS1-11726267venh.jpg	2d: null	alt: EMS Women's Hyland Fleece Hoodie - Eastern Mountain Sports	
D/PangolinPrecision(32394): 
D/PangolinPrecision(32394): ProdInfo: title: EMS Women's Exodus Fleece Jacketid: 12454088	retail price: 99.00	sale price: 28.98	value: 28.98	currency: USD	Promo: Clearance Special: EXTRA 25% OFF sale price of this item!  Discount applied in cart.	condition: Not Available	href: /products/12454088	thumb: http://ems.imageg.net/graphics/product_images/pEMS1-11924069t100.jpg	1x: http://ems.imageg.net/graphics/product_images/pEMS1-11924069venh.jpg	2d: null	alt: EMS Women's Exodus Fleece Jacket - Eastern Mountain Sports	
D/PangolinPrecision(32394): 
D/PangolinPrecision(32394): ProdInfo: title: SANUK Women's Yoga Mat Flip-Flopsid: 3651299	retail price: 30.00	sale price: 19.98	value: 19.98	currency: USD	Promo: 	condition: Not Available	href: /products/3651299	thumb: http://ems.imageg.net/graphics/product_images/pEMS1-10409026t100.jpg	1x: http://ems.imageg.net/graphics/product_images/pEMS1-10409026venh.jpg	2d: null	alt: SANUK Women's Yoga Mat Flip-Flops - Eastern Mountain Sports	
D/PangolinPrecision(32394): 
D/PangolinPrecision(32394): ProdInfo: title: TEVA Women's Mush Mandalyn Wedge Ola 2 Flip-Flops, Blackid: 11975826	retail price: 30.00	sale price: 19.98	value: 19.98	currency: USD	Promo: 	condition: Not Available	href: /products/11975826	thumb: http://ems.imageg.net/graphics/product_images/pEMS1-11056439t100.jpg	1x: http://ems.imageg.net/graphics/product_images/pEMS1-11056439venh.jpg	2d: null	alt: TEVA Women's Mush Mandalyn Wedge Ola 2 Flip-Flops, Black - Eastern Mountain Sports	
D/PangolinPrecision(32394): 
D/PangolinPrecision(32394): ProdInfo: title: KEEN Women's Whisper Sandals, Greenbrier/Neutral Grayid: 13361253	retail price: 90.00	sale price: 49.98	value: 49.98	currency: USD	Promo: 	condition: Not Available	href: /products/13361253	thumb: http://ems.imageg.net/graphics/product_images/pEMS1-13692329t100.jpg	1x: http://ems.imageg.net/graphics/product_images/pEMS1-13692329venh.jpg	2d: null	alt: KEEN Women's Whisper Sandals, Greenbrier/Neutral Gray - Eastern Mountain Sports	
D/PangolinPrecision(32394): 
D/PangolinPrecision(32394): ProdInfo: title: TEVA Women's Zirra Sandals, Blackid: 11975824	retail price: 70.00	sale price: 39.98	value: 39.98	currency: USD	Promo: 	condition: Not Available	href: /products/11975824	thumb: http://ems.imageg.net/graphics/product_images/pEMS1-11056375t100.jpg	1x: http://ems.imageg.net/graphics/product_images/pEMS1-11056375venh.jpg	2d: null	alt: TEVA Women's Zirra Sandals, Black - Eastern Mountain Sports	
D/PangolinPrecision(32394): 
D/PangolinPrecision(32394): ProdInfo: title: OUTDOOR RESEARCH Swift Hatid: 3652528	retail price: 23.00	sale price: 12.98	value: 12.98	currency: USD	Promo: 	condition: Not Available	href: /products/3652528	thumb: http://ems.imageg.net/graphics/product_images/pEMS1-10789395t100.jpg	1x: http://ems.imageg.net/graphics/product_images/pEMS1-10789395venh.jpg	2d: null	alt: OUTDOOR RESEARCH Swift Hat - Eastern Mountain Sports	
D/PangolinPrecision(32394): 
D/PangolinPrecision(32394): ProdInfo: title: MARMOT Women's PreCip Rain Jacketid: 11854317	retail price: null	sale price: null	value: 79.98	currency: USD	Promo: Clearance Special: EXTRA 25% OFF sale price of select sizes and colors!  Discount applied in cart	condition: Not Available	href: /products/11854317	thumb: http://ems.imageg.net/graphics/product_images/pEMS1-13409138t100.jpg	1x: http://ems.imageg.net/graphics/product_images/pEMS1-13409138venh.jpg	2d: null	alt: MARMOT Women's PreCip Rain Jacket  - Eastern Mountain Sports	
D/PangolinPrecision(32394): 
D/PangolinPrecision(32394): ProdInfo: title: EMS Women's Adirondack Knickersid: 11816563	retail price: 39.00	sale price: 24.98	value: 24.98	currency: USD	Promo: 	condition: Not Available	href: /products/11816563	thumb: http://ems.imageg.net/graphics/product_images/pEMS1-13282119t100.jpg	1x: http://ems.imageg.net/graphics/product_images/pEMS1-13282119venh.jpg	2d: null	alt: EMS Women's Adirondack Knickers - Eastern Mountain Sports	
D/PangolinPrecision(32394): 
D/PangolinPrecision(32394): ProdInfo: title: EMS Women's Access Shell Jacketid: 11021459	retail price: 169.00	sale price: 66.98	value: 66.98	currency: USD	Promo: Clearance Special: EXTRA 25% OFF sale price of this item!  Discount applied in cart.	condition: Not Available	href: /products/11021459	thumb: http://ems.imageg.net/graphics/product_images/pEMS1-9166096t100.jpg	1x: http://ems.imageg.net/graphics/product_images/pEMS1-9166096venh.jpg	2d: null	alt: EMS Women's Access Shell Jacket - Eastern Mountain Sports	
D/PangolinPrecision(32394): 
D/PangolinPrecision(32394): ProdInfo: title: REEF Women's Ginger Flip-Flopsid: 3652759	retail price: 26.00	sale price: 12.98	value: 12.98	currency: USD	Promo: 	condition: Not Available	href: /products/3652759	thumb: http://ems.imageg.net/graphics/product_images/pEMS1-13677298t100.jpg	1x: http://ems.imageg.net/graphics/product_images/pEMS1-13677298venh.jpg	2d: null	alt: REEF Women's Ginger Flip-Flops - Eastern Mountain Sports	
D/PangolinPrecision(32394): 
D/PangolinPrecision(32394): ProdInfo: title: SANUK Women's Yoga Spree 2 Flip-Flopsid: 13354842	retail price: 32.00	sale price: 19.98	value: 19.98	currency: USD	Promo: 	condition: Not Available	href: /products/13354842	thumb: http://ems.imageg.net/graphics/product_images/pEMS1-13671547t100.jpg	1x: http://ems.imageg.net/graphics/product_images/pEMS1-13671547venh.jpg	2d: null	alt: SANUK Women's Yoga Spree 2 Flip-Flops - Eastern Mountain Sports	
D/PangolinPrecision(32394): 
D/PangolinPrecision(32394): ProdInfo: title: KEEN Women's Newport H2 Sandals, Norse Blue/Gargoyleid: 13361249	retail price: 100.00	sale price: 59.98	value: 59.98	currency: USD	Promo: 	condition: Not Available	href: /products/13361249	thumb: http://ems.imageg.net/graphics/product_images/pEMS1-13692289t100.jpg	1x: http://ems.imageg.net/graphics/product_images/pEMS1-13692289venh.jpg	2d: null	alt: KEEN Women's Newport H2 Sandals, Norse Blue/Gargoyle - Eastern Mountain Sports	
D/PangolinPrecision(32394): 
D/PangolinPrecision(32394): ProdInfo: title: EMS Women's Trailhead Plaid Shirt, S/Sid: 13082746	retail price: 49.00	sale price: 9.98	value: 9.98	currency: USD	Promo: 	condition: Not Available	href: /products/13082746	thumb: http://ems.imageg.net/graphics/product_images/pEMS1-13151174t100.jpg	1x: http://ems.imageg.net/graphics/product_images/pEMS1-13151174venh.jpg	2d: null	alt: EMS Women's Trailhead Plaid Shirt, S/S - Eastern Mountain Sports	
D/PangolinPrecision(32394): 
D/PangolinPrecision(32394): ProdInfo: title: EMS Women's Hannah Fleece Jacketid: 12225425	retail price: 89.00	sale price: 62.98	value: 62.98	currency: USD	Promo: Clearance Special: EXTRA 40% OFF sale price of this item!  Discount in cart.	condition: Not Available	href: /products/12225425	thumb: http://ems.imageg.net/graphics/product_images/pEMS1-11389406t100.jpg	1x: http://ems.imageg.net/graphics/product_images/pEMS1-11389406venh.jpg	2d: null	alt: EMS Women's Hannah Fleece Jacket - Eastern Mountain Sports	
D/PangolinPrecision(32394): 
D/PangolinPrecision(32394): ProdInfo: title: THE NORTH FACE Horizon Breeze Brimmer Hat, Closeoutid: 4344847	retail price: 33.00	sale price: 18.98	value: 18.98	currency: USD	Promo: 	condition: Not Available	href: /products/4344847	thumb: http://ems.imageg.net/graphics/product_images/pEMS1-8290825t100.jpg	1x: http://ems.imageg.net/graphics/product_images/pEMS1-8290825venh.jpg	2d: null	alt: THE NORTH FACE Horizon Breeze Brimmer Hat, Closeout - Eastern Mountain Sports	
D/PangolinPrecision(32394): 
D/PangolinPrecision(32394): ProdInfo: title: KEEN Women's Whisper Sandals, Barberry/Neutral Grayid: 13361252	retail price: 90.00	sale price: 49.98	value: 49.98	currency: USD	Promo: 	condition: Not Available	href: /products/13361252	thumb: http://ems.imageg.net/graphics/product_images/pEMS1-13692319t100.jpg	1x: http://ems.imageg.net/graphics/product_images/pEMS1-13692319venh.jpg	2d: null	alt: KEEN Women's Whisper Sandals, Barberry/Neutral Gray - Eastern Mountain Sports	
D/PangolinPrecision(32394): 
D/PangolinPrecision(32394): ProdInfo: title: KEEN Women's Whisper Sandals, Black/Gargoyleid: 13361251	retail price: 90.00	sale price: 49.98	value: 49.98	currency: USD	Promo: 	condition: Not Available	href: /products/13361251	thumb: http://ems.imageg.net/graphics/product_images/pEMS1-13692309t100.jpg	1x: http://ems.imageg.net/graphics/product_images/pEMS1-13692309venh.jpg	2d: null	alt: KEEN Women's Whisper Sandals, Black/Gargoyle - Eastern Mountain Sports	
D/PangolinPrecision(32394): 
D/PangolinPrecision(32394): ProdInfo: title: KEEN Women's Clearwater CNX Sandals, Norse Blue/Super Lemonid: 13361248	retail price: 100.00	sale price: 59.98	value: 59.98	currency: USD	Promo: 	condition: Not Available	href: /products/13361248	thumb: http://ems.imageg.net/graphics/product_images/pEMS1-13692279t100.jpg	1x: http://ems.imageg.net/graphics/product_images/pEMS1-13692279venh.jpg	2d: null	alt: KEEN Women's Clearwater CNX Sandals, Norse Blue/Super Lemon - Eastern Mountain Sports	
D/PangolinPrecision(32394): 
I/Choreographer(32394): Skipped 97 frames!  The application may be doing too much work on its main thread.
D/PangolinPrecision(32394): position: 0 Grid item: KEEN Women's Owyhee Sandals
V/PhoneStatusBar(  578): setLightsOn(true)
D/PangolinPrecision(32394): position: 0 Grid item: KEEN Women's Owyhee Sandals
D/PangolinPrecision(32394): position: 0 Grid item: KEEN Women's Owyhee Sandals
D/dalvikvm(32394): GC_CONCURRENT freed 676K, 9% free 9696K/10560K, paused 15ms+2ms, total 32ms
D/PangolinPrecision(32394): position: 1 Grid item: EMS Women's Hyland Fleece Hoodie
D/dalvikvm(29143): GC_CONCURRENT freed 549K, 9% free 8163K/8900K, paused 3ms+2ms, total 22ms
D/dalvikvm(29143): WAIT_FOR_CONCURRENT_GC blocked 13ms
D/PangolinPrecision(32394): position: 2 Grid item: EMS Women's Exodus Fleece Jacket
D/Finsky  (29143): [1] 5.onFinished: Installation state replication succeeded.
D/PangolinPrecision(32394): position: 3 Grid item: SANUK Women's Yoga Mat Flip-Flops
D/PangolinPrecision(32394): position: 4 Grid item: TEVA Women's Mush Mandalyn Wedge Ola 2 Flip-Flops, Black
D/dalvikvm(32394): GC_FOR_ALLOC freed 299K, 7% free 9948K/10640K, paused 27ms, total 27ms
D/PangolinPrecision(32394): position: 5 Grid item: KEEN Women's Whisper Sandals, Greenbrier/Neutral Gray
D/PangolinPrecision(32394): position: 6 Grid item: TEVA Women's Zirra Sandals, Black
D/PangolinPrecision(32394): position: 7 Grid item: OUTDOOR RESEARCH Swift Hat
D/PangolinPrecision(32394): position: 8 Grid item: MARMOT Women's PreCip Rain Jacket
I/Choreographer(32394): Skipped 65 frames!  The application may be doing too much work on its main thread.
D/PangolinPrecision(32394): position: 0 Grid item: KEEN Women's Owyhee Sandals
I/ActivityManager(  448): Displayed com.tstine.pangolinprecision/.ProductsActivity: +2s869ms
D/PangolinPrecision(32394): position: 0 Grid item: KEEN Women's Owyhee Sandals
D/PangolinPrecision(32394): position: 0 Grid item: KEEN Women's Owyhee Sandals
D/dalvikvm(32394): GC_FOR_ALLOC freed 527K, 8% free 10187K/10984K, paused 29ms, total 29ms
D/dalvikvm(32394): GC_FOR_ALLOC freed 201K, 9% free 10365K/11276K, paused 15ms, total 15ms
D/dalvikvm(32394): GC_FOR_ALLOC freed 26K, 9% free 10539K/11480K, paused 15ms, total 15ms
D/dalvikvm(32394): GC_FOR_ALLOC freed <1K, 9% free 10739K/11684K, paused 15ms, total 15ms
D/PangolinPrecision(32394): position: 9 Grid item: EMS Women's Adirondack Knickers
D/PangolinPrecision(32394): position: 10 Grid item: EMS Women's Access Shell Jacket
D/PangolinPrecision(32394): position: 11 Grid item: REEF Women's Ginger Flip-Flops
D/dalvikvm(32394): GC_FOR_ALLOC freed 148K, 7% free 11239K/11984K, paused 13ms, total 13ms
D/PangolinPrecision(32394): position: 12 Grid item: SANUK Women's Yoga Spree 2 Flip-Flops
D/PangolinPrecision(32394): position: 13 Grid item: KEEN Women's Newport H2 Sandals, Norse Blue/Gargoyle
D/PangolinPrecision(32394): position: 14 Grid item: EMS Women's Trailhead Plaid Shirt, S/S
I/GCoreUlr(26885): Successfully inserted location
I/GCoreUlr(26885): Not calling LocationReportingService, hasMoved: false, elapsed millis: 2154672, request: Tablet
D/dalvikvm(26885): GC_CONCURRENT freed 912K, 10% free 9911K/10992K, paused 17ms+3ms, total 62ms
D/dalvikvm(26885): WAIT_FOR_CONCURRENT_GC blocked 33ms
I/GCoreUlr(26885): Successfully inserted location
I/GCoreUlr(26885): Not calling LocationReportingService, hasMoved: false, elapsed millis: 2214702, request: Tablet
